
 Start         Length     Name                   Class
 0001:00401000 000CC5D8H .text                   CODE
 0002:004CE000 00000DB8H .itext                  ICODE
 0003:004CF000 00002AA4H .data                   DATA
 0004:004D2000 0000486CH .bss                    BSS
 0005:00000000 00000000H .tls                    TLS


Detailed map of segments

 0001:00000000 00005B09 C=CODE     S=.text    G=(none)   M=System   ACBP=A9
 0001:00005B0C 000001A2 C=CODE     S=.text    G=(none)   M=SysInit  ACBP=A9
 0001:00005CB0 0000028A C=CODE     S=.text    G=(none)   M=ShareMem ACBP=A9
 0001:00005F3C 00000308 C=CODE     S=.text    G=(none)   M=SysConst ACBP=A9
 0001:00006244 00000099 C=CODE     S=.text    G=(none)   M=Types    ACBP=A9
 0001:000062E0 00000E98 C=CODE     S=.text    G=(none)   M=Windows  ACBP=A9
 0001:00007178 000072C9 C=CODE     S=.text    G=(none)   M=SysUtils ACBP=A9
 0001:0000E444 000002FA C=CODE     S=.text    G=(none)   M=ActiveX  ACBP=A9
 0001:0000E740 000007EE C=CODE     S=.text    G=(none)   M=VarUtils ACBP=A9
 0001:0000EF30 0000685C C=CODE     S=.text    G=(none)   M=Variants ACBP=A9
 0001:0001578C 00000130 C=CODE     S=.text    G=(none)   M=RTLConsts ACBP=A9
 0001:000158BC 00001053 C=CODE     S=.text    G=(none)   M=TypInfo  ACBP=A9
 0001:00016910 0000CEF1 C=CODE     S=.text    G=(none)   M=Classes  ACBP=A9
 0001:00023804 00000006 C=CODE     S=.text    G=(none)   M=ShellAPI ACBP=A9
 0001:0002380C 00000272 C=CODE     S=.text    G=(none)   M=CommCtrl ACBP=A9
 0001:00023A80 00000033 C=CODE     S=.text    G=(none)   M=ShlObj   ACBP=A9
 0001:00023AB4 00000275 C=CODE     S=.text    G=(none)   M=Contnrs  ACBP=A9
 0001:00023D2C 00000348 C=CODE     S=.text    G=(none)   M=Consts   ACBP=A9
 0001:00024074 0000005D C=CODE     S=.text    G=(none)   M=IniFiles ACBP=A9
 0001:000240D4 000007B9 C=CODE     S=.text    G=(none)   M=Registry ACBP=A9
 0001:00024890 00009BEA C=CODE     S=.text    G=(none)   M=Graphics ACBP=A9
 0001:0002E47C 00001100 C=CODE     S=.text    G=(none)   M=HelpIntfs ACBP=A9
 0001:0002F57C 00000772 C=CODE     S=.text    G=(none)   M=MultiMon ACBP=A9
 0001:0002FCF0 0000016A C=CODE     S=.text    G=(none)   M=SyncObjs ACBP=A9
 0001:0002FE5C 0000099D C=CODE     S=.text    G=(none)   M=UxTheme  ACBP=A9
 0001:000307FC 0000001E C=CODE     S=.text    G=(none)   M=WinSpool ACBP=A9
 0001:0003081C 0000100A C=CODE     S=.text    G=(none)   M=Printers ACBP=A9
 0001:00031828 0000000E C=CODE     S=.text    G=(none)   M=CommDlg  ACBP=A9
 0001:00031838 00000D59 C=CODE     S=.text    G=(none)   M=GraphUtil ACBP=A9
 0001:00032594 00003B06 C=CODE     S=.text    G=(none)   M=ExtCtrls ACBP=A9
 0001:0003609C 0000064A C=CODE     S=.text    G=(none)   M=Clipbrd  ACBP=A9
 0001:000366E8 0000012D C=CODE     S=.text    G=(none)   M=StdActns ACBP=A9
 0001:00036818 0000030E C=CODE     S=.text    G=(none)   M=FlatSB   ACBP=A9
 0001:00036B28 00000CEE C=CODE     S=.text    G=(none)   M=Themes   ACBP=A9
 0001:00037818 00006B29 C=CODE     S=.text    G=(none)   M=Menus    ACBP=A9
 0001:0003E344 00013EA8 C=CODE     S=.text    G=(none)   M=Controls ACBP=A9
 0001:000521EC 0000DF18 C=CODE     S=.text    G=(none)   M=Forms    ACBP=A9
 0001:00060104 00001B6D C=CODE     S=.text    G=(none)   M=ImgList  ACBP=A9
 0001:00061C74 000013C6 C=CODE     S=.text    G=(none)   M=ActnList ACBP=A9
 0001:0006303C 0000CEFA C=CODE     S=.text    G=(none)   M=StdCtrls ACBP=A9
 0001:0006FF38 000023E0 C=CODE     S=.text    G=(none)   M=Dialogs  ACBP=A9
 0001:00072318 00000366 C=CODE     S=.text    G=(none)   M=MFunStr  ACBP=A9
 0001:00072680 0000094D C=CODE     S=.text    G=(none)   M=Hash     ACBP=A9
 0001:00072FD0 00000368 C=CODE     S=.text    G=(none)   M=Xwbut1   ACBP=A9
 0001:00073338 00003D1D C=CODE     S=.text    G=(none)   M=Buttons  ACBP=A9
 0001:00077058 000000BE C=CODE     S=.text    G=(none)   M=WinSock  ACBP=A9
 0001:00077118 000001BA C=CODE     S=.text    G=(none)   M=fDebugInfo ACBP=A9
 0001:000772D4 0000417E C=CODE     S=.text    G=(none)   M=Wsockc   ACBP=A9
 0001:0007B454 0000029F C=CODE     S=.text    G=(none)   M=fRPCBErrMsg ACBP=A9
 0001:0007B6F4 00000028 C=CODE     S=.text    G=(none)   M=ComConst ACBP=A9
 0001:0007B71C 000012A3 C=CODE     S=.text    G=(none)   M=ComObj   ACBP=A9
 0001:0007C9C0 0000176E C=CODE     S=.text    G=(none)   M=AxCtrls  ACBP=A9
 0001:0007E130 00000028 C=CODE     S=.text    G=(none)   M=OleConst ACBP=A9
 0001:0007E158 00003536 C=CODE     S=.text    G=(none)   M=OleCtrls ACBP=A9
 0001:00081690 000008CE C=CODE     S=.text    G=(none)   M=OleServer ACBP=A9
 0001:00081F60 00000C12 C=CODE     S=.text    G=(none)   M=SelDiv   ACBP=A9
 0001:00082B74 0000007C C=CODE     S=.text    G=(none)   M=ExtDlgs  ACBP=A9
 0001:00082BF0 00000062 C=CODE     S=.text    G=(none)   M=Mapi     ACBP=A9
 0001:00082C54 0000004D C=CODE     S=.text    G=(none)   M=ExtActns ACBP=A9
 0001:00082CA4 00000020 C=CODE     S=.text    G=(none)   M=ComStrs  ACBP=A9
 0001:00082CC4 000020A2 C=CODE     S=.text    G=(none)   M=ListActns ACBP=A9
 0001:00084D68 0000AC4C C=CODE     S=.text    G=(none)   M=ComCtrls ACBP=A9
 0001:0008F9B4 00003980 C=CODE     S=.text    G=(none)   M=XWBRich20 ACBP=A9
 0001:00093334 00000258 C=CODE     S=.text    G=(none)   M=frmSignonMessage ACBP=A9
 0001:0009358C 000001C4 C=CODE     S=.text    G=(none)   M=fSgnonDlg ACBP=A9
 0001:00093750 00000065 C=CODE     S=.text    G=(none)   M=RpcNet   ACBP=A9
 0001:000937B8 00000044 C=CODE     S=.text    G=(none)   M=Rpcconf1 ACBP=A9
 0001:000937FC 00000CD1 C=CODE     S=.text    G=(none)   M=VCEdit   ACBP=A9
 0001:000944D0 00001D4C C=CODE     S=.text    G=(none)   M=Sgnoncnf ACBP=A9
 0001:0009621C 0000166C C=CODE     S=.text    G=(none)   M=Loginfrm ACBP=A9
 0001:00097888 0000007A C=CODE     S=.text    G=(none)   M=CCOWRPCBroker ACBP=A9
 0001:00097904 00000970 C=CODE     S=.text    G=(none)   M=RpcSLogin ACBP=A9
 0001:00098274 000034C4 C=CODE     S=.text    G=(none)   M=Trpcb    ACBP=A9
 0001:0009B738 00004A5F C=CODE     S=.text    G=(none)   M=TeCanvas ACBP=A9
 0001:000A0198 000000D0 C=CODE     S=.text    G=(none)   M=TeeConst ACBP=A9
 0001:000A0268 00002090 C=CODE     S=.text    G=(none)   M=TeeProcs ACBP=A9
 0001:000A22F8 0000815A C=CODE     S=.text    G=(none)   M=TeEngine ACBP=A9
 0001:000AA454 00000F4F C=CODE     S=.text    G=(none)   M=VAUtils  ACBP=A9
 0001:000AB3A4 000000B2 C=CODE     S=.text    G=(none)   M=CheckLst ACBP=A9
 0001:000AB458 00000C03 C=CODE     S=.text    G=(none)   M=TeeFunci ACBP=A9
 0001:000AC05C 0000451D C=CODE     S=.text    G=(none)   M=Chart    ACBP=A9
 0001:000B057C 00000B93 C=CODE     S=.text    G=(none)   M=MaskUtils ACBP=A9
 0001:000B1110 00002BA7 C=CODE     S=.text    G=(none)   M=Mask     ACBP=A9
 0001:000B3CB8 000069BC C=CODE     S=.text    G=(none)   M=Grids    ACBP=A9
 0001:000BA674 00007723 C=CODE     S=.text    G=(none)   M=ORCtrls  ACBP=A9
 0001:000C1D98 00001B28 C=CODE     S=.text    G=(none)   M=ORFn     ACBP=A9
 0001:000C38C0 00000F6E C=CODE     S=.text    G=(none)   M=ORNet    ACBP=A9
 0001:000C4830 00000205 C=CODE     S=.text    G=(none)   M=OR2006Compatibility ACBP=A9
 0001:000C4A38 00000E90 C=CODE     S=.text    G=(none)   M=Calendar ACBP=A9
 0001:000C58C8 0000037F C=CODE     S=.text    G=(none)   M=ORDtTmCal ACBP=A9
 0001:000C5C48 000013B2 C=CODE     S=.text    G=(none)   M=ORDtTm   ACBP=A9
 0001:000C6FFC 00001708 C=CODE     S=.text    G=(none)   M=fTARProcess ACBP=A9
 0001:000C8704 00001298 C=CODE     S=.text    G=(none)   M=fTARNoteSelect ACBP=A9
 0001:000C999C 00001750 C=CODE     S=.text    G=(none)   M=fTARNotification ACBP=A9
 0001:000CB0EC 000014EC C=CODE     S=.text    G=(none)   M=TAR      ACBP=A9
 0002:00000000 00000095 C=ICODE    S=.itext   G=(none)   M=System   ACBP=A9
 0002:00000098 00000036 C=ICODE    S=.itext   G=(none)   M=ShareMem ACBP=A9
 0002:000000D0 00000011 C=ICODE    S=.itext   G=(none)   M=Windows  ACBP=A9
 0002:000000E4 00000088 C=ICODE    S=.itext   G=(none)   M=SysUtils ACBP=A9
 0002:0000016C 0000000F C=ICODE    S=.itext   G=(none)   M=VarUtils ACBP=A9
 0002:0000017C 000000AA C=ICODE    S=.itext   G=(none)   M=Variants ACBP=A9
 0002:00000228 00000008 C=ICODE    S=.itext   G=(none)   M=TypInfo  ACBP=A9
 0002:00000230 00000092 C=ICODE    S=.itext   G=(none)   M=Classes  ACBP=A9
 0002:000002C4 00000008 C=ICODE    S=.itext   G=(none)   M=IniFiles ACBP=A9
 0002:000002CC 00000008 C=ICODE    S=.itext   G=(none)   M=Registry ACBP=A9
 0002:000002D4 000000FB C=ICODE    S=.itext   G=(none)   M=Graphics ACBP=A9
 0002:000003D0 00000008 C=ICODE    S=.itext   G=(none)   M=HelpIntfs ACBP=A9
 0002:000003D8 0000000F C=ICODE    S=.itext   G=(none)   M=MultiMon ACBP=A9
 0002:000003E8 0000001B C=ICODE    S=.itext   G=(none)   M=UxTheme  ACBP=A9
 0002:00000404 00000008 C=ICODE    S=.itext   G=(none)   M=Printers ACBP=A9
 0002:0000040C 0000007F C=ICODE    S=.itext   G=(none)   M=GraphUtil ACBP=A9
 0002:0000048C 00000044 C=ICODE    S=.itext   G=(none)   M=ExtCtrls ACBP=A9
 0002:000004D0 00000058 C=ICODE    S=.itext   G=(none)   M=Clipbrd  ACBP=A9
 0002:00000528 0000000F C=ICODE    S=.itext   G=(none)   M=FlatSB   ACBP=A9
 0002:00000538 00000008 C=ICODE    S=.itext   G=(none)   M=Themes   ACBP=A9
 0002:00000540 00000085 C=ICODE    S=.itext   G=(none)   M=Menus    ACBP=A9
 0002:000005C8 0000008F C=ICODE    S=.itext   G=(none)   M=Controls ACBP=A9
 0002:00000658 0000004C C=ICODE    S=.itext   G=(none)   M=Forms    ACBP=A9
 0002:000006A4 0000002A C=ICODE    S=.itext   G=(none)   M=ActnList ACBP=A9
 0002:000006D0 0000003D C=ICODE    S=.itext   G=(none)   M=Dialogs  ACBP=A9
 0002:00000710 00000008 C=ICODE    S=.itext   G=(none)   M=MFunStr  ACBP=A9
 0002:00000718 00000008 C=ICODE    S=.itext   G=(none)   M=Hash     ACBP=A9
 0002:00000720 00000025 C=ICODE    S=.itext   G=(none)   M=Buttons  ACBP=A9
 0002:00000748 00000008 C=ICODE    S=.itext   G=(none)   M=Wsockc   ACBP=A9
 0002:00000750 00000055 C=ICODE    S=.itext   G=(none)   M=ComObj   ACBP=A9
 0002:000007A8 00000023 C=ICODE    S=.itext   G=(none)   M=AxCtrls  ACBP=A9
 0002:000007CC 00000051 C=ICODE    S=.itext   G=(none)   M=OleCtrls ACBP=A9
 0002:00000820 0000001A C=ICODE    S=.itext   G=(none)   M=OleServer ACBP=A9
 0002:0000083C 00000008 C=ICODE    S=.itext   G=(none)   M=SelDiv   ACBP=A9
 0002:00000844 00000014 C=ICODE    S=.itext   G=(none)   M=ExtDlgs  ACBP=A9
 0002:00000858 00000008 C=ICODE    S=.itext   G=(none)   M=Mapi     ACBP=A9
 0002:00000860 00000008 C=ICODE    S=.itext   G=(none)   M=ExtActns ACBP=A9
 0002:00000868 00000008 C=ICODE    S=.itext   G=(none)   M=ComCtrls ACBP=A9
 0002:00000870 00000008 C=ICODE    S=.itext   G=(none)   M=XWBRich20 ACBP=A9
 0002:00000878 00000008 C=ICODE    S=.itext   G=(none)   M=RpcNet   ACBP=A9
 0002:00000880 00000008 C=ICODE    S=.itext   G=(none)   M=Rpcconf1 ACBP=A9
 0002:00000888 00000008 C=ICODE    S=.itext   G=(none)   M=Sgnoncnf ACBP=A9
 0002:00000890 00000008 C=ICODE    S=.itext   G=(none)   M=CCOWRPCBroker ACBP=A9
 0002:00000898 00000008 C=ICODE    S=.itext   G=(none)   M=Trpcb    ACBP=A9
 0002:000008A0 00000040 C=ICODE    S=.itext   G=(none)   M=TeeProcs ACBP=A9
 0002:000008E0 00000040 C=ICODE    S=.itext   G=(none)   M=TeEngine ACBP=A9
 0002:00000920 00000036 C=ICODE    S=.itext   G=(none)   M=VAUtils  ACBP=A9
 0002:00000958 0000000F C=ICODE    S=.itext   G=(none)   M=CheckLst ACBP=A9
 0002:00000968 00000178 C=ICODE    S=.itext   G=(none)   M=Chart    ACBP=A9
 0002:00000AE0 0000005E C=ICODE    S=.itext   G=(none)   M=ORCtrls  ACBP=A9
 0002:00000B40 0000008C C=ICODE    S=.itext   G=(none)   M=ORFn     ACBP=A9
 0002:00000BCC 00000084 C=ICODE    S=.itext   G=(none)   M=ORNet    ACBP=A9
 0002:00000C50 00000018 C=ICODE    S=.itext   G=(none)   M=ORDtTm   ACBP=A9
 0002:00000C68 00000150 C=ICODE    S=.itext   G=(none)   M=TAR      ACBP=A9
 0003:00000000 0000078C C=DATA     S=.data    G=DGROUP   M=System   ACBP=A9
 0003:0000078C 00000030 C=DATA     S=.data    G=DGROUP   M=SysInit  ACBP=A9
 0003:000007BC 0000024C C=DATA     S=.data    G=DGROUP   M=SysUtils ACBP=A9
 0003:00000A08 00000010 C=DATA     S=.data    G=DGROUP   M=ActiveX  ACBP=A9
 0003:00000A18 00000008 C=DATA     S=.data    G=DGROUP   M=VarUtils ACBP=A9
 0003:00000A20 0000013A C=DATA     S=.data    G=DGROUP   M=Variants ACBP=A9
 0003:00000B5C 0000000C C=DATA     S=.data    G=DGROUP   M=TypInfo  ACBP=A9
 0003:00000B68 00000064 C=DATA     S=.data    G=DGROUP   M=Classes  ACBP=A9
 0003:00000BCC 00000010 C=DATA     S=.data    G=DGROUP   M=ShlObj   ACBP=A9
 0003:00000BDC 00000008 C=DATA     S=.data    G=DGROUP   M=IniFiles ACBP=A9
 0003:00000BE4 00000008 C=DATA     S=.data    G=DGROUP   M=Registry ACBP=A9
 0003:00000BEC 00000318 C=DATA     S=.data    G=DGROUP   M=Graphics ACBP=A9
 0003:00000F04 00000004 C=DATA     S=.data    G=DGROUP   M=Printers ACBP=A9
 0003:00000F08 00000450 C=DATA     S=.data    G=DGROUP   M=GraphUtil ACBP=A9
 0003:00001358 00000020 C=DATA     S=.data    G=DGROUP   M=ExtCtrls ACBP=A9
 0003:00001378 00000068 C=DATA     S=.data    G=DGROUP   M=Themes   ACBP=A9
 0003:000013E0 000000F4 C=DATA     S=.data    G=DGROUP   M=Menus    ACBP=A9
 0003:000014D4 0000013C C=DATA     S=.data    G=DGROUP   M=Controls ACBP=A9
 0003:00001610 00000128 C=DATA     S=.data    G=DGROUP   M=Forms    ACBP=A9
 0003:00001738 00000020 C=DATA     S=.data    G=DGROUP   M=ImgList  ACBP=A9
 0003:00001758 00000130 C=DATA     S=.data    G=DGROUP   M=StdCtrls ACBP=A9
 0003:00001888 00000114 C=DATA     S=.data    G=DGROUP   M=Dialogs  ACBP=A9
 0003:0000199C 00000004 C=DATA     S=.data    G=DGROUP   M=MFunStr  ACBP=A9
 0003:000019A0 00000050 C=DATA     S=.data    G=DGROUP   M=Hash     ACBP=A9
 0003:000019F0 000000A8 C=DATA     S=.data    G=DGROUP   M=Buttons  ACBP=A9
 0003:00001A98 00000030 C=DATA     S=.data    G=DGROUP   M=ComObj   ACBP=A9
 0003:00001AC8 0000002C C=DATA     S=.data    G=DGROUP   M=OleCtrls ACBP=A9
 0003:00001AF4 00000018 C=DATA     S=.data    G=DGROUP   M=ExtDlgs  ACBP=A9
 0003:00001B0C 00000008 C=DATA     S=.data    G=DGROUP   M=Mapi     ACBP=A9
 0003:00001B14 000000F8 C=DATA     S=.data    G=DGROUP   M=ComCtrls ACBP=A9
 0003:00001C0C 00000031 C=DATA     S=.data    G=DGROUP   M=XWBRich20 ACBP=A9
 0003:00001C40 00000004 C=DATA     S=.data    G=DGROUP   M=VCEdit   ACBP=A9
 0003:00001C44 00000004 C=DATA     S=.data    G=DGROUP   M=CCOWRPCBroker ACBP=A9
 0003:00001C48 00000018 C=DATA     S=.data    G=DGROUP   M=Trpcb    ACBP=A9
 0003:00001C60 00000010 C=DATA     S=.data    G=DGROUP   M=TeCanvas ACBP=A9
 0003:00001C70 00000108 C=DATA     S=.data    G=DGROUP   M=TeeProcs ACBP=A9
 0003:00001D78 00000018 C=DATA     S=.data    G=DGROUP   M=TeEngine ACBP=A9
 0003:00001D90 00000455 C=DATA     S=.data    G=DGROUP   M=VAUtils  ACBP=A9
 0003:000021E8 00000004 C=DATA     S=.data    G=DGROUP   M=Chart    ACBP=A9
 0003:000021EC 00000009 C=DATA     S=.data    G=DGROUP   M=MaskUtils ACBP=A9
 0003:000021F8 00000004 C=DATA     S=.data    G=DGROUP   M=Mask     ACBP=A9
 0003:000021FC 00000228 C=DATA     S=.data    G=DGROUP   M=ORCtrls  ACBP=A9
 0003:00002424 00000064 C=DATA     S=.data    G=DGROUP   M=ORFn     ACBP=A9
 0003:00002488 0000000E C=DATA     S=.data    G=DGROUP   M=ORNet    ACBP=A9
 0003:00002498 00000030 C=DATA     S=.data    G=DGROUP   M=Calendar ACBP=A9
 0004:00000000 000027F4 C=BSS      S=.bss     G=DGROUP   M=System   ACBP=A9
 0004:000027F4 00000010 C=BSS      S=.bss     G=DGROUP   M=SysInit  ACBP=A9
 0004:00002804 0000001C C=BSS      S=.bss     G=DGROUP   M=ShareMem ACBP=A9
 0004:00002820 00000008 C=BSS      S=.bss     G=DGROUP   M=Windows  ACBP=A9
 0004:00002828 00000A20 C=BSS      S=.bss     G=DGROUP   M=SysUtils ACBP=A9
 0004:00003248 0000005C C=BSS      S=.bss     G=DGROUP   M=VarUtils ACBP=A9
 0004:000032A4 00000040 C=BSS      S=.bss     G=DGROUP   M=Variants ACBP=A9
 0004:000032E4 00000004 C=BSS      S=.bss     G=DGROUP   M=TypInfo  ACBP=A9
 0004:000032E8 00000040 C=BSS      S=.bss     G=DGROUP   M=Classes  ACBP=A9
 0004:00003328 00000008 C=BSS      S=.bss     G=DGROUP   M=CommCtrl ACBP=A9
 0004:00003330 00000004 C=BSS      S=.bss     G=DGROUP   M=IniFiles ACBP=A9
 0004:00003334 00000004 C=BSS      S=.bss     G=DGROUP   M=Registry ACBP=A9
 0004:00003338 00000060 C=BSS      S=.bss     G=DGROUP   M=Graphics ACBP=A9
 0004:00003398 00000008 C=BSS      S=.bss     G=DGROUP   M=HelpIntfs ACBP=A9
 0004:000033A0 00000031 C=BSS      S=.bss     G=DGROUP   M=MultiMon ACBP=A9
 0004:000033D4 000000CC C=BSS      S=.bss     G=DGROUP   M=UxTheme  ACBP=A9
 0004:000034A0 00000004 C=BSS      S=.bss     G=DGROUP   M=Printers ACBP=A9
 0004:000034A4 00000004 C=BSS      S=.bss     G=DGROUP   M=GraphUtil ACBP=A9
 0004:000034A8 00000008 C=BSS      S=.bss     G=DGROUP   M=ExtCtrls ACBP=A9
 0004:000034B0 0000000C C=BSS      S=.bss     G=DGROUP   M=Clipbrd  ACBP=A9
 0004:000034BC 00000034 C=BSS      S=.bss     G=DGROUP   M=FlatSB   ACBP=A9
 0004:000034F0 00000008 C=BSS      S=.bss     G=DGROUP   M=Themes   ACBP=A9
 0004:000034F8 00000010 C=BSS      S=.bss     G=DGROUP   M=Menus    ACBP=A9
 0004:00003508 00000088 C=BSS      S=.bss     G=DGROUP   M=Controls ACBP=A9
 0004:00003590 00000024 C=BSS      S=.bss     G=DGROUP   M=Forms    ACBP=A9
 0004:000035B4 00000008 C=BSS      S=.bss     G=DGROUP   M=ImgList  ACBP=A9
 0004:000035BC 00000004 C=BSS      S=.bss     G=DGROUP   M=ActnList ACBP=A9
 0004:000035C0 0000003C C=BSS      S=.bss     G=DGROUP   M=Dialogs  ACBP=A9
 0004:000035FC 00000004 C=BSS      S=.bss     G=DGROUP   M=MFunStr  ACBP=A9
 0004:00003600 00000004 C=BSS      S=.bss     G=DGROUP   M=Hash     ACBP=A9
 0004:00003604 00000030 C=BSS      S=.bss     G=DGROUP   M=Buttons  ACBP=A9
 0004:00003634 00000004 C=BSS      S=.bss     G=DGROUP   M=fDebugInfo ACBP=A9
 0004:00003638 00000018 C=BSS      S=.bss     G=DGROUP   M=Wsockc   ACBP=A9
 0004:00003650 00000004 C=BSS      S=.bss     G=DGROUP   M=fRPCBErrMsg ACBP=A9
 0004:00003654 00000011 C=BSS      S=.bss     G=DGROUP   M=ComObj   ACBP=A9
 0004:00003668 0000001C C=BSS      S=.bss     G=DGROUP   M=AxCtrls  ACBP=A9
 0004:00003684 00000014 C=BSS      S=.bss     G=DGROUP   M=OleCtrls ACBP=A9
 0004:00003698 00000004 C=BSS      S=.bss     G=DGROUP   M=OleServer ACBP=A9
 0004:0000369C 00000014 C=BSS      S=.bss     G=DGROUP   M=SelDiv   ACBP=A9
 0004:000036B0 00000004 C=BSS      S=.bss     G=DGROUP   M=ExtDlgs  ACBP=A9
 0004:000036B4 00000004 C=BSS      S=.bss     G=DGROUP   M=Mapi     ACBP=A9
 0004:000036B8 00000009 C=BSS      S=.bss     G=DGROUP   M=ExtActns ACBP=A9
 0004:000036C4 00000011 C=BSS      S=.bss     G=DGROUP   M=ComCtrls ACBP=A9
 0004:000036D8 00000008 C=BSS      S=.bss     G=DGROUP   M=XWBRich20 ACBP=A9
 0004:000036E0 00000004 C=BSS      S=.bss     G=DGROUP   M=frmSignonMessage ACBP=A9
 0004:000036E4 00001004 C=BSS      S=.bss     G=DGROUP   M=RpcNet   ACBP=A9
 0004:000046E8 0000000C C=BSS      S=.bss     G=DGROUP   M=Rpcconf1 ACBP=A9
 0004:000046F4 00000004 C=BSS      S=.bss     G=DGROUP   M=VCEdit   ACBP=A9
 0004:000046F8 0000001C C=BSS      S=.bss     G=DGROUP   M=Sgnoncnf ACBP=A9
 0004:00004714 00000010 C=BSS      S=.bss     G=DGROUP   M=Loginfrm ACBP=A9
 0004:00004724 00000014 C=BSS      S=.bss     G=DGROUP   M=CCOWRPCBroker ACBP=A9
 0004:00004738 00000010 C=BSS      S=.bss     G=DGROUP   M=Trpcb    ACBP=A9
 0004:00004748 00000004 C=BSS      S=.bss     G=DGROUP   M=TeeProcs ACBP=A9
 0004:0000474C 00000004 C=BSS      S=.bss     G=DGROUP   M=TeEngine ACBP=A9
 0004:00004750 0000001C C=BSS      S=.bss     G=DGROUP   M=VAUtils  ACBP=A9
 0004:0000476C 0000000C C=BSS      S=.bss     G=DGROUP   M=CheckLst ACBP=A9
 0004:00004778 00000014 C=BSS      S=.bss     G=DGROUP   M=Chart    ACBP=A9
 0004:0000478C 00000099 C=BSS      S=.bss     G=DGROUP   M=ORCtrls  ACBP=A9
 0004:00004828 00000010 C=BSS      S=.bss     G=DGROUP   M=ORFn     ACBP=A9
 0004:00004838 00000015 C=BSS      S=.bss     G=DGROUP   M=ORNet    ACBP=A9
 0004:00004850 0000000C C=BSS      S=.bss     G=DGROUP   M=ORDtTm   ACBP=A9
 0004:0000485C 00000004 C=BSS      S=.bss     G=DGROUP   M=fTARProcess ACBP=A9
 0004:00004860 00000004 C=BSS      S=.bss     G=DGROUP   M=fTARNoteSelect ACBP=A9
 0004:00004864 00000004 C=BSS      S=.bss     G=DGROUP   M=fTARNotification ACBP=A9
 0004:00004868 00000004 C=BSS      S=.bss     G=DGROUP   M=TAR      ACBP=A9
 0005:00000000 00000008 C=TLS      S=.tls     G=(none)   M=System   ACBP=A9
 0005:00000008 00000008 C=TLS      S=.tls     G=(none)   M=Classes  ACBP=A9
 0005:00000010 00000024 C=TLS      S=.tls     G=(none)   M=GraphUtil ACBP=A9


  Address             Publics by Name

 0001:0000E6E0       ActiveX.CoCreateInstance
 0001:0000E6D8       ActiveX.CoGetClassObject
 0001:0000E6C8       ActiveX.CoInitialize
 0001:0000E6F8       ActiveX.CoTaskMemAlloc
 0001:0000E700       ActiveX.CoTaskMemFree
 0001:0000E6D0       ActiveX.CoUninitialize
 0001:0000E720       ActiveX.CreateStreamOnHGlobal
 0001:0000E730       ActiveX.GetActiveObject
 0001:0000E738       ActiveX.GetErrorInfo
 0003:00000A08       ActiveX.GUID_NULL
 0001:0000E718       ActiveX.IsAccelerator
 0001:0000E6C0       ActiveX.IsEqualIID
 0001:0000E710       ActiveX.OleDraw
 0001:0000E708       ActiveX.OleSetMenuDescriptor
 0001:0000E6F0       ActiveX.ProgIDFromCLSID
 0001:0000E6E8       ActiveX.StringFromCLSID
 0001:0000E728       ActiveX.SysFreeString
 0004:000035BC       ActnList..9
 0001:000620D8       ActnList..TActionLink
 0001:00061C74       ActnList..TContainedAction
 0001:00061FD0       ActnList..TCustomAction
 0001:00061D98       ActnList..TCustomActionList
 0001:00061E78       ActnList..TShortCutList
 0002:000006A4       ActnList.ActnList
 0001:0006300C       ActnList.Finalization
 0001:000627C8       ActnList.TActionLink.IsCaptionLinked
 0001:000627DC       ActnList.TActionLink.IsCheckedLinked
 0001:000627F0       ActnList.TActionLink.IsEnabledLinked
 0001:00062804       ActnList.TActionLink.IsGroupIndexLinked
 0001:00062818       ActnList.TActionLink.IsHelpContextLinked
 0001:0006282C       ActnList.TActionLink.IsHelpLinked
 0001:00062840       ActnList.TActionLink.IsHintLinked
 0001:00062854       ActnList.TActionLink.IsImageIndexLinked
 0001:00062868       ActnList.TActionLink.IsShortCutLinked
 0001:0006287C       ActnList.TActionLink.IsVisibleLinked
 0001:00062890       ActnList.TActionLink.SetAutoCheck
 0001:00062894       ActnList.TActionLink.SetCaption
 0001:00062898       ActnList.TActionLink.SetChecked
 0001:0006289C       ActnList.TActionLink.SetEnabled
 0001:000628A0       ActnList.TActionLink.SetGroupIndex
 0001:000628A4       ActnList.TActionLink.SetHelpContext
 0001:000628A8       ActnList.TActionLink.SetHelpKeyword
 0001:000628AC       ActnList.TActionLink.SetHelpType
 0001:000628B0       ActnList.TActionLink.SetHint
 0001:000628B4       ActnList.TActionLink.SetImageIndex
 0001:000628B8       ActnList.TActionLink.SetShortCut
 0001:000628BC       ActnList.TActionLink.SetVisible
 0001:000621A8       ActnList.TContainedAction.Destroy
 0001:00062314       ActnList.TContainedAction.Execute
 0001:000621DC       ActnList.TContainedAction.GetIndex
 0001:000621F8       ActnList.TContainedAction.GetParentComponent
 0001:00062208       ActnList.TContainedAction.HasParent
 0001:000621F4       ActnList.TContainedAction.IsCategoryStored
 0001:00062218       ActnList.TContainedAction.ReadState
 0001:000622C0       ActnList.TContainedAction.SetActionList
 0001:00062294       ActnList.TContainedAction.SetCategory
 0001:0006224C       ActnList.TContainedAction.SetIndex
 0001:000622E8       ActnList.TContainedAction.SetParentComponent
 0001:0006236C       ActnList.TContainedAction.Update
 0001:00062964       ActnList.TCustomAction.AssignTo
 0001:000628C0       ActnList.TCustomAction.Create
 0001:00062914       ActnList.TCustomAction.Destroy
 0001:00062E84       ActnList.TCustomAction.DoHint
 0001:00062EAC       ActnList.TCustomAction.Execute
 0001:00062F10       ActnList.TCustomAction.GetSecondaryShortCuts
 0001:00062F90       ActnList.TCustomAction.HandleShortCut
 0001:00062F6C       ActnList.TCustomAction.IsSecondaryShortCutsStored
 0001:00062A14       ActnList.TCustomAction.SetCaption
 0001:00062A74       ActnList.TCustomAction.SetChecked
 0001:00062B7C       ActnList.TCustomAction.SetEnabled
 0001:00062C60       ActnList.TCustomAction.SetHelpContext
 0001:00062BF8       ActnList.TCustomAction.SetHelpKeyword
 0001:00062CB8       ActnList.TCustomAction.SetHint
 0001:00062D18       ActnList.TCustomAction.SetImageIndex
 0001:00062E38       ActnList.TCustomAction.SetName
 0001:00062F38       ActnList.TCustomAction.SetSecondaryShortCuts
 0001:00062D74       ActnList.TCustomAction.SetShortCut
 0001:00062DD8       ActnList.TCustomAction.SetVisible
 0001:0006259C       ActnList.TCustomActionList.AddAction
 0001:000625D8       ActnList.TCustomActionList.Change
 0001:000623C4       ActnList.TCustomActionList.Create
 0001:00062430       ActnList.TCustomActionList.Destroy
 0001:000626E4       ActnList.TCustomActionList.ExecuteAction
 0001:000624F8       ActnList.TCustomActionList.GetAction
 0001:0006250C       ActnList.TCustomActionList.GetActionCount
 0001:00062480       ActnList.TCustomActionList.GetChildren
 0001:00062548       ActnList.TCustomActionList.ImageListChange
 0001:00062640       ActnList.TCustomActionList.IsShortCut
 0001:00062554       ActnList.TCustomActionList.Notification
 0001:000625BC       ActnList.TCustomActionList.RemoveAction
 0001:000624C8       ActnList.TCustomActionList.SetChildOrder
 0001:00062514       ActnList.TCustomActionList.SetImages
 0001:00062724       ActnList.TCustomActionList.SetState
 0001:00062704       ActnList.TCustomActionList.UpdateAction
 0001:00062F9C       ActnList.TShortCutList.Add
 0001:00062FC8       ActnList.TShortCutList.IndexOfShortCut
 0004:00003668       AxCtrls..02
 0001:0007CAAC       AxCtrls..TAdapterNotifier
 0001:0007C9C0       AxCtrls..TCustomAdapter
 0001:0007CBC8       AxCtrls..TFontAdapter
 0001:0007CD4C       AxCtrls..TOleGraphic
 0001:0007CCE8       AxCtrls..TPictureAdapter
 0002:000007A8       AxCtrls.AxCtrls
 0001:0007E0D0       AxCtrls.Finalization
 0001:0007CE74       AxCtrls.GetFontAccess
 0001:0007CF14       AxCtrls.GetOleFont
 0001:0007CFCC       AxCtrls.GetOlePicture
 0001:0007CEC4       AxCtrls.GetPictureAccess
 0001:0007CE48       AxCtrls.HandleException
 0001:0007DBDC       AxCtrls.HIMETRICtoDP
 0001:0007DF2C       AxCtrls.InitOlePro32
 0001:0007DCF4       AxCtrls.InvalidOperation
 0001:0007E01C       AxCtrls.OleCreateFontIndirect
 0001:0007E038       AxCtrls.OleCreatePictureIndirect
 0001:0007E060       AxCtrls.OleLoadPicture
 0004:00003670       AxCtrls.OlePro32DLL
 0001:0007CF64       AxCtrls.SetOleFont
 0001:0007D15C       AxCtrls.TAdapterNotifier.Create
 0001:0007D198       AxCtrls.TAdapterNotifier.OnChanged
 0001:0007D1E0       AxCtrls.TAdapterNotifier.OnRequestEdit
 0001:0007D09C       AxCtrls.TCustomAdapter.Changed
 0001:0007D0A8       AxCtrls.TCustomAdapter.ConnectOleObject
 0001:0007D01C       AxCtrls.TCustomAdapter.Create
 0001:0007D070       AxCtrls.TCustomAdapter.Destroy
 0001:0007D12C       AxCtrls.TCustomAdapter.ReleaseOleObject
 0001:0007D3F4       AxCtrls.TFontAdapter.Changed
 0001:0007D1EC       AxCtrls.TFontAdapter.Create
 0001:0007D590       AxCtrls.TFontAdapter.GetOleFont
 0001:0007D6F0       AxCtrls.TFontAdapter.SetOleFont
 0001:0007D228       AxCtrls.TFontAdapter.Update
 0001:0007DA6C       AxCtrls.TOleGraphic.Assign
 0001:0007DAA0       AxCtrls.TOleGraphic.Changed
 0001:0007DAA4       AxCtrls.TOleGraphic.Draw
 0001:0007DBB0       AxCtrls.TOleGraphic.GetEmpty
 0001:0007DC24       AxCtrls.TOleGraphic.GetHeight
 0001:0007DC54       AxCtrls.TOleGraphic.GetMMHeight
 0001:0007DC70       AxCtrls.TOleGraphic.GetMMWidth
 0001:0007DC8C       AxCtrls.TOleGraphic.GetPalette
 0001:0007DCA8       AxCtrls.TOleGraphic.GetTransparent
 0001:0007DCC8       AxCtrls.TOleGraphic.GetWidth
 0001:0007DE94       AxCtrls.TOleGraphic.LoadFromClipboardFormat
 0001:0007DDBC       AxCtrls.TOleGraphic.LoadFromFile
 0001:0007DDC0       AxCtrls.TOleGraphic.LoadFromStream
 0001:0007DEE0       AxCtrls.TOleGraphic.SaveToClipboardFormat
 0001:0007DE10       AxCtrls.TOleGraphic.SaveToStream
 0001:0007DD0C       AxCtrls.TOleGraphic.SetHeight
 0001:0007DD54       AxCtrls.TOleGraphic.SetPalette
 0001:0007DD74       AxCtrls.TOleGraphic.SetWidth
 0001:0007D75C       AxCtrls.TPictureAdapter.Create
 0001:0007D824       AxCtrls.TPictureAdapter.GetOlePicture
 0001:0007DA58       AxCtrls.TPictureAdapter.SetOlePicture
 0001:0007D798       AxCtrls.TPictureAdapter.Update
 0004:0000366C       AxCtrls.xParkingWindow
 0004:00003678       AxCtrls._OleCreateFontIndirect
 0004:0000367C       AxCtrls._OleCreatePictureIndirect
 0004:00003674       AxCtrls._OleCreatePropertyFrame
 0004:00003680       AxCtrls._OleLoadPicture
 0004:00003604       Buttons..5
 0001:00073C44       Buttons..TBitBtn
 0001:00073AD8       Buttons..TBitBtnActionLink
 0001:0007433C       Buttons..TButtonGlyph
 0001:000742E4       Buttons..TGlyphCache
 0001:00074224       Buttons..TGlyphList
 0001:000734EC       Buttons..TSpeedButton
 0001:000733F4       Buttons..TSpeedButtonActionLink
 0003:00001A1C       Buttons.BitBtnCaptions
 0004:00003608       Buttons.BitBtnGlyphs
 0003:00001A48       Buttons.BitBtnModalResults
 0003:000019F0       Buttons.BitBtnResNames
 0003:00001A78       Buttons.ButtonCount
 0002:00000720       Buttons.Buttons
 0001:00076E0C       Buttons.DestroyLocals
 0003:00001A7C       Buttons.DownStyles
 0003:00001A84       Buttons.FillStyles
 0001:00077020       Buttons.Finalization
 0001:00074198       Buttons.GetBitBtnGlyph
 0003:00001A74       Buttons.GlyphCache
 0003:00001A8C       Buttons.NewState
 0001:00076D50       Buttons.TBitBtn.ActionChange
 0001:00076470       Buttons.TBitBtn.Click
 0001:00076960       Buttons.TBitBtn.CMEnabledChanged
 0001:00076948       Buttons.TBitBtn.CMFontChanged
 0001:00076E28       Buttons.TBitBtn.CMMouseEnter
 0001:00076E64       Buttons.TBitBtn.CMMouseLeave
 0001:000764F0       Buttons.TBitBtn.CNDrawItem
 0001:000764E0       Buttons.TBitBtn.CNMeasureItem
 0001:00076CCC       Buttons.TBitBtn.CopyImage
 0001:00076330       Buttons.TBitBtn.Create
 0001:00076420       Buttons.TBitBtn.CreateHandle
 0001:0007644C       Buttons.TBitBtn.CreateParams
 0001:000763E4       Buttons.TBitBtn.Destroy
 0001:000764FC       Buttons.TBitBtn.DrawItem
 0001:00076E98       Buttons.TBitBtn.GetActionLinkClass
 0001:000769C4       Buttons.TBitBtn.GetGlyph
 0001:00076BD4       Buttons.TBitBtn.GetKind
 0001:00076C5C       Buttons.TBitBtn.GetNumGlyphs
 0001:0007698C       Buttons.TBitBtn.GetPalette
 0001:000769D0       Buttons.TBitBtn.GlyphChanged
 0001:000769DC       Buttons.TBitBtn.IsCustom
 0001:00076B14       Buttons.TBitBtn.IsCustomCaption
 0001:0007645C       Buttons.TBitBtn.SetButtonStyle
 0001:000769A0       Buttons.TBitBtn.SetGlyph
 0001:00076A08       Buttons.TBitBtn.SetKind
 0001:00076C44       Buttons.TBitBtn.SetLayout
 0001:00076CB0       Buttons.TBitBtn.SetMargin
 0001:00076C68       Buttons.TBitBtn.SetNumGlyphs
 0001:00076C98       Buttons.TBitBtn.SetSpacing
 0001:000769F0       Buttons.TBitBtn.SetStyle
 0001:00076978       Buttons.TBitBtn.WMLButtonDblClk
 0001:00076EA0       Buttons.TBitBtnActionLink.AssignClient
 0001:00076EC4       Buttons.TBitBtnActionLink.Create
 0001:00076F00       Buttons.TBitBtnActionLink.IsImageIndexLinked
 0001:00076F30       Buttons.TBitBtnActionLink.SetImageIndex
 0001:00074FE8       Buttons.TButtonGlyph.CalcButtonLayout
 0001:000745C8       Buttons.TButtonGlyph.Create
 0001:000747C8       Buttons.TButtonGlyph.CreateButtonGlyph
 0001:00074658       Buttons.TButtonGlyph.Destroy
 0001:0007532C       Buttons.TButtonGlyph.Draw
 0001:00074D9C       Buttons.TButtonGlyph.DrawButtonGlyph
 0001:00074EF8       Buttons.TButtonGlyph.DrawButtonText
 0001:000746F8       Buttons.TButtonGlyph.GlyphChanged
 0001:000746B4       Buttons.TButtonGlyph.Invalidate
 0001:00074728       Buttons.TButtonGlyph.SetGlyph
 0001:000747A0       Buttons.TButtonGlyph.SetNumGlyphs
 0001:000744C4       Buttons.TGlyphCache.Create
 0001:00074508       Buttons.TGlyphCache.Destroy
 0001:000745BC       Buttons.TGlyphCache.Empty
 0001:00074538       Buttons.TGlyphCache.GetList
 0001:00074598       Buttons.TGlyphCache.ReturnList
 0001:00074468       Buttons.TGlyphList.AddMasked
 0001:0007441C       Buttons.TGlyphList.AllocateIndex
 0001:00074398       Buttons.TGlyphList.CreateSize
 0001:00074494       Buttons.TGlyphList.Delete
 0001:000743EC       Buttons.TGlyphList.Destroy
 0001:0007625C       Buttons.TSpeedButton.ActionChange
 0001:00075D28       Buttons.TSpeedButton.Click
 0001:00075FAC       Buttons.TSpeedButton.CMButtonPressed
 0001:00076020       Buttons.TSpeedButton.CMDialogChar
 0001:00075F78       Buttons.TSpeedButton.CMEnabledChanged
 0001:000760B8       Buttons.TSpeedButton.CMFontChanged
 0001:000760FC       Buttons.TSpeedButton.CMMouseEnter
 0001:00076170       Buttons.TSpeedButton.CMMouseLeave
 0001:000760D8       Buttons.TSpeedButton.CMSysColorChange
 0001:000760C8       Buttons.TSpeedButton.CMTextChanged
 0001:000761D8       Buttons.TSpeedButton.CopyImage
 0001:00075558       Buttons.TSpeedButton.Create
 0001:00075618       Buttons.TSpeedButton.Destroy
 0001:00075D44       Buttons.TSpeedButton.GetActionLinkClass
 0001:00075D4C       Buttons.TSpeedButton.GetGlyph
 0001:00075D74       Buttons.TSpeedButton.GetNumGlyphs
 0001:00075D30       Buttons.TSpeedButton.GetPalette
 0001:00075DB0       Buttons.TSpeedButton.GlyphChanged
 0001:00075AF8       Buttons.TSpeedButton.Loaded
 0001:00075B24       Buttons.TSpeedButton.MouseDown
 0001:00075B80       Buttons.TSpeedButton.MouseMove
 0001:00075C28       Buttons.TSpeedButton.MouseUp
 0001:00075650       Buttons.TSpeedButton.Paint
 0001:00075F40       Buttons.TSpeedButton.SetAllowAllUp
 0001:00075DF8       Buttons.TSpeedButton.SetDown
 0001:00075E68       Buttons.TSpeedButton.SetFlat
 0001:00075D58       Buttons.TSpeedButton.SetGlyph
 0001:00075E88       Buttons.TSpeedButton.SetGroupIndex
 0001:00075E9C       Buttons.TSpeedButton.SetLayout
 0001:00075EBC       Buttons.TSpeedButton.SetMargin
 0001:00075D80       Buttons.TSpeedButton.SetNumGlyphs
 0001:00075EE0       Buttons.TSpeedButton.SetSpacing
 0001:00075F00       Buttons.TSpeedButton.SetTransparent
 0001:00075DC0       Buttons.TSpeedButton.UpdateExclusive
 0001:00075A94       Buttons.TSpeedButton.UpdateTracking
 0001:00075F54       Buttons.TSpeedButton.WMLButtonDblClk
 0001:000753A0       Buttons.TSpeedButtonActionLink.AssignClient
 0001:000753C4       Buttons.TSpeedButtonActionLink.Create
 0001:00075400       Buttons.TSpeedButtonActionLink.IsCheckedLinked
 0001:0007544C       Buttons.TSpeedButtonActionLink.IsGroupIndexLinked
 0001:0007547C       Buttons.TSpeedButtonActionLink.IsImageIndexLinked
 0001:000754AC       Buttons.TSpeedButtonActionLink.SetChecked
 0001:000754CC       Buttons.TSpeedButtonActionLink.SetGroupIndex
 0001:000754EC       Buttons.TSpeedButtonActionLink.SetImageIndex
 0003:00001A90       Buttons.WordBreakFlag
 0001:000C4A54       Calendar..TCalendar
 0003:00002498       Calendar.DaysInMonth
 0001:000C5228       Calendar.TCalendar.Change
 0001:000C567C       Calendar.TCalendar.ChangeMonth
 0001:000C5248       Calendar.TCalendar.Click
 0001:000C5178       Calendar.TCalendar.Create
 0001:000C52F8       Calendar.TCalendar.DaysPerMonth
 0001:000C5328       Calendar.TCalendar.DaysThisMonth
 0001:000C5354       Calendar.TCalendar.DrawCell
 0001:000C5404       Calendar.TCalendar.GetCellText
 0001:000C5528       Calendar.TCalendar.GetDateElement
 0001:000C52BC       Calendar.TCalendar.IsLeapYear
 0001:000C577C       Calendar.TCalendar.NextMonth
 0001:000C5770       Calendar.TCalendar.PrevMonth
 0001:000C5478       Calendar.TCalendar.SelectCell
 0001:000C54F4       Calendar.TCalendar.SetCalendarDate
 0001:000C5574       Calendar.TCalendar.SetDateElement
 0001:000C562C       Calendar.TCalendar.SetStartOfWeek
 0001:000C564C       Calendar.TCalendar.SetUseCurrentDate
 0001:000C5788       Calendar.TCalendar.UpdateCalendar
 0001:000C5884       Calendar.TCalendar.WMSize
 0004:00004724       CCOWRPCBroker..2
 0002:00000890       CCOWRPCBroker.CCOWRPCBroker
 0004:00004728       CCOWRPCBroker.CCOWToken
 0003:00001C44       CCOWRPCBroker.CURRENT_RPC_VERSION
 0004:0000472C       CCOWRPCBroker.Domain
 0001:000978A0       CCOWRPCBroker.Finalization
 0004:00004730       CCOWRPCBroker.PassCode1
 0004:00004734       CCOWRPCBroker.PassCode2
 0004:00004788       Chart..31
 0001:000AC378       Chart..LegendException
 0001:000AC05C       Chart..TChartBrush
 0001:000AC484       Chart..TChartLegend
 0001:000AC7C0       Chart..TChartTitle
 0001:000AC198       Chart..TChartWall
 0001:000AC954       Chart..TCustomChart
 0001:000AC3D4       Chart..TCustomChartLegend
 0001:000AC104       Chart..TCustomChartWall
 0001:000ACB44       Chart..TTeeSeriesType
 0001:000ACBA0       Chart..TTeeSeriesTypes
 0004:00004778       Chart.AnimatedZoomFactor
 0001:000AFC20       Chart.CalcHorizMargin
 0001:000AFBA8       Chart.CalcHorizontalColsRows
 0001:000AF52C       Chart.CalcMaxLegendValues
 0001:000AED4C       Chart.CalcSeriesAxisRect
 0001:000AFC54       Chart.CalcVertMargin
 0002:00000968       Chart.Chart
 0001:000AE2B8       Chart.CheckBackground
 0001:000AE5C4       Chart.CheckMouseSeries
 0001:000AE1E8       Chart.CheckZoomPanning
 0001:000AE04C       Chart.ClickedAxis
 0001:000B0248       Chart.ClickedRow
 0001:000AFA04       Chart.DrawLegendBackground
 0001:000AF774       Chart.DrawLegendItem
 0001:000ADA08       Chart.DrawTitleFoot
 0001:000AD0DC       Chart.DrawTitleLine
 0001:000B0544       Chart.Finalization
 0001:000AE68C       Chart.PanAxis
 0001:000ADB38       Chart.PrepareWallCanvas
 0001:000AE530       Chart.ProcessPanning
 0001:000B04B8       Chart.RegisterTeeBasicFunction
 0001:000B04A0       Chart.RegisterTeeFunction
 0001:000B03B4       Chart.RegisterTeeSeriesFunction
 0001:000AD900       Chart.RestoreAxisScales
 0001:000AD890       Chart.SaveAxisScales
 0001:000ACC0C       Chart.TChartBrush.Create
 0001:000ACC60       Chart.TChartBrush.HasBitmap
 0001:000ACEEC       Chart.TChartTitle.Assign
 0001:000AD09C       Chart.TChartTitle.Clicked
 0001:000ACE1C       Chart.TChartTitle.Create
 0001:000ACFF0       Chart.TChartTitle.Destroy
 0001:000AD1A8       Chart.TChartTitle.Draw
 0001:000ACF50       Chart.TChartTitle.IsFontStored
 0001:000AD054       Chart.TChartTitle.SetAdjustFrame
 0001:000AD064       Chart.TChartTitle.SetAlignment
 0001:000AD074       Chart.TChartTitle.SetBrush
 0001:000AD080       Chart.TChartTitle.SetColor
 0001:000AD090       Chart.TChartTitle.SetFrame
 0001:000AD030       Chart.TChartTitle.SetText
 0001:000AD044       Chart.TChartTitle.SetVisible
 0001:000AEEA8       Chart.TCustomChart.Assign
 0001:000AEBF4       Chart.TCustomChart.CalcAxisRect
 0001:000AE080       Chart.TCustomChart.CalcClickedPart
 0001:000AEE5C       Chart.TCustomChart.CalcSeriesRect
 0001:000ADAFC       Chart.TCustomChart.CalcWallSize
 0001:000AEA20       Chart.TCustomChart.CalcZoomPoints
 0001:000AD604       Chart.TCustomChart.Create
 0001:000AD7B0       Chart.TCustomChart.Destroy
 0001:000AE8D8       Chart.TCustomChart.DoMouseWheel
 0001:000AE984       Chart.TCustomChart.DoMouseWheelDown
 0001:000AE9BC       Chart.TCustomChart.DoMouseWheelUp
 0001:000ADF18       Chart.TCustomChart.DoZoom
 0001:000ADADC       Chart.TCustomChart.DrawImage
 0001:000ADA48       Chart.TCustomChart.DrawTitlesAndLegend
 0001:000ADBE8       Chart.TCustomChart.DrawWalls
 0001:000AEF44       Chart.TCustomChart.FillSeriesSourceItems
 0001:000AEF4C       Chart.TCustomChart.FillValueSourceItems
 0001:000AD850       Chart.TCustomChart.FormattedLegend
 0001:000AD818       Chart.TCustomChart.FormattedValueLegend
 0001:000AEFB8       Chart.TCustomChart.GetASeries
 0001:000AD984       Chart.TCustomChart.GetBackColor
 0001:000AD990       Chart.TCustomChart.IsFreeSeriesColor
 0001:000AE324       Chart.TCustomChart.MouseDown
 0001:000AE740       Chart.TCustomChart.MouseMove
 0001:000AEAE4       Chart.TCustomChart.MouseUp
 0001:000AD944       Chart.TCustomChart.RestoreScales
 0001:000AD8C0       Chart.TCustomChart.SaveScales
 0001:000AE900       Chart.TCustomChart.ScrollVerticalAxes
 0001:000AE9F4       Chart.TCustomChart.UndoZoom
 0001:000AF110       Chart.TCustomChartLegend.Assign
 0001:000AF434       Chart.TCustomChartLegend.CalcLegendStyle
 0001:000B02A0       Chart.TCustomChartLegend.Clicked
 0001:000AF200       Chart.TCustomChartLegend.CMColorChanged
 0001:000AF1F8       Chart.TCustomChartLegend.CMVisibleChanged
 0001:000AEFF8       Chart.TCustomChartLegend.Create
 0001:000AF0D0       Chart.TCustomChartLegend.Destroy
 0001:000AFC88       Chart.TCustomChartLegend.Draw
 0001:000AF468       Chart.TCustomChartLegend.FormattedLegend
 0001:000B01A8       Chart.TCustomChartLegend.FormattedValue
 0001:000AF730       Chart.TCustomChartLegend.GetColorRect
 0001:000AF374       Chart.TCustomChartLegend.GetParentChart
 0001:000AF760       Chart.TCustomChartLegend.GetVertical
 0001:000AF5A0       Chart.TCustomChartLegend.MaxLegendValues
 0001:000AF684       Chart.TCustomChartLegend.MaxLegendWidth
 0001:000AF1DC       Chart.TCustomChartLegend.SetAlignment
 0001:000AF394       Chart.TCustomChartLegend.SetBrush
 0001:000AF3A0       Chart.TCustomChartLegend.SetColor
 0001:000AF3BC       Chart.TCustomChartLegend.SetColorWidth
 0001:000AF520       Chart.TCustomChartLegend.SetDividingLines
 0001:000AF280       Chart.TCustomChartLegend.SetFirstValue
 0001:000AF1EC       Chart.TCustomChartLegend.SetFrame
 0001:000AF33C       Chart.TCustomChartLegend.SetHorizMargin
 0001:000AF1C0       Chart.TCustomChartLegend.SetInverted
 0001:000AF320       Chart.TCustomChartLegend.SetLegendStyle
 0001:000AF304       Chart.TCustomChartLegend.SetMaxNumRows
 0001:000AF378       Chart.TCustomChartLegend.SetResizeChart
 0001:000AF4E8       Chart.TCustomChartLegend.SetShadowColor
 0001:000AF504       Chart.TCustomChartLegend.SetShadowSize
 0001:000AF2F4       Chart.TCustomChartLegend.SetTextStyle
 0001:000AF208       Chart.TCustomChartLegend.SetTopLeftPos
 0001:000AF358       Chart.TCustomChartLegend.SetVertMargin
 0001:000AF1A4       Chart.TCustomChartLegend.SetVisible
 0001:000AF5FC       Chart.TCustomChartLegend.TotalLegendItems
 0001:000ACDA8       Chart.TCustomChartWall.ApplyDark3D
 0001:000ACD54       Chart.TCustomChartWall.Assign
 0001:000ACC88       Chart.TCustomChartWall.Create
 0001:000ACD10       Chart.TCustomChartWall.Destroy
 0001:000ACD48       Chart.TCustomChartWall.IsColorStored
 0001:000ACDE0       Chart.TCustomChartWall.SetBrush
 0001:000ACDFC       Chart.TCustomChartWall.SetColor
 0001:000ACE0C       Chart.TCustomChartWall.SetDark3D
 0001:000ACDD4       Chart.TCustomChartWall.SetPen
 0001:000ACDEC       Chart.TCustomChartWall.SetSize
 0001:000B0510       Chart.TeeGalleryExitProc
 0004:00004783       Chart.TeeScrollKeyShift
 0004:00004781       Chart.TeeScrollMouseButton
 0004:00004784       Chart.TeeSeriesTypes
 0003:000021E8       Chart.TeeTitleFootDistance
 0004:00004782       Chart.TeeZoomKeyShift
 0004:00004780       Chart.TeeZoomMouseButton
 0001:000B03A0       Chart.TTeeSeriesTypes.GetSeriesType
 0001:000ADEE0       Chart.ZoomAxis
 0004:0000476C       CheckLst..2
 0002:00000958       CheckLst.CheckLst
 0004:00004774       CheckLst.FCheckHeight
 0004:00004770       CheckLst.FCheckWidth
 0001:000AB428       CheckLst.Finalization
 0001:000AB3A4       CheckLst.GetCheckSize
 0004:000032F4       Classes..95
 0001:00016ED8       Classes..EBitsError
 0001:00016DC8       Classes..EClassNotFound
 0001:00016F90       Classes..EComponentError
 0001:00016C0C       Classes..EFCreateError
 0001:00016CC0       Classes..EFilerError
 0001:00016BAC       Classes..EFileStreamError
 0001:00016C68       Classes..EFOpenError
 0001:00017048       Classes..EInvalidOperation
 0001:00016E80       Classes..EListError
 0001:00016FEC       Classes..EOutOfResources
 0001:00016D18       Classes..EReadError
 0001:00016E24       Classes..EResNotFound
 0001:00016B50       Classes..EStreamError
 0001:00016F30       Classes..EStringListError
 0001:00017E7C       Classes..EThread
 0001:00016D70       Classes..EWriteError
 0001:000181A4       Classes..TBasicAction
 0001:00018124       Classes..TBasicActionLink
 0001:00017164       Classes..TBits
 0001:00017CA8       Classes..TClassFinder
 0001:00017414       Classes..TCollection
 0001:0001735C       Classes..TCollectionItem
 0001:00017FC4       Classes..TComponent
 0001:0001799C       Classes..TCustomMemoryStream
 0001:00017D04       Classes..TFiler
 0001:00017914       Classes..TFileStream
 0001:0001789C       Classes..THandleStream
 0001:0001909C       Classes..TIntConst
 0001:000172A8       Classes..TInterfacedPersistent
 0001:000170A8       Classes..TList
 0001:00017A18       Classes..TMemoryStream
 0001:000174E8       Classes..TOwnedCollection
 0001:000171B8       Classes..TPersistent
 0001:0001CCD0       Classes..TPropFixup
 0001:0001CD48       Classes..TPropIntfFixup
 0001:00017D68       Classes..TReader
 0001:00018344       Classes..TRegGroup
 0001:0001839C       Classes..TRegGroups
 0001:00017A94       Classes..TResourceStream
 0001:0001782C       Classes..TStream
 0001:00017C20       Classes..TStreamAdapter
 0001:00017714       Classes..TStringList
 0001:000175DC       Classes..TStrings
 0001:0001710C       Classes..TThreadList
 0001:00017DFC       Classes..TWriter
 0001:00019040       Classes.ActivateClassGroup
 0003:00000B68       Classes.AddDataModule
 0001:0001CFA8       Classes.AddFinished
 0001:0001CFE0       Classes.AddNotFinished
 0001:0001DB54       Classes.AddSubComponentsToLoaded
 0001:00023678       Classes.AllocateHWnd
 0001:00020A34       Classes.AncestorIsValid
 0003:00000B78       Classes.ApplicationHandleException
 0003:00000B80       Classes.ApplicationShowException
 0001:00019414       Classes.BeginGlobalLoading
 0003:00000BA0       Classes.BlockCode
 0001:000182EC       Classes.Bounds
 0001:000235B4       Classes.CalcJmpOffset
 0001:0001DB90       Classes.CheckSubComponents
 0001:00022324       Classes.CheckSynchronize
 0002:00000230       Classes.Classes
 0001:00018DD0       Classes.ClassNotFound
 0001:000196D4       Classes.CollectionsEqual
 0001:0001DC70       Classes.ComponentCreated
 0001:0001DCF0       Classes.CreateComponent
 0001:0002372C       Classes.DeallocateHWnd
 0001:000222E4       Classes.DoneThreadSynchronization
 0001:0001AC6C       Classes.DoWrite
 0001:0001949C       Classes.EndGlobalLoading
 0001:0001CB08       Classes.Error
 0001:00018970       Classes.Error
 0003:00000B90       Classes.FilerSignature
 0001:00023754       Classes.Finalization
 0001:00020120       Classes.FindAncestor
 0001:00018E90       Classes.FindClass
 0001:0001DEA0       Classes.FindExistingComponent
 0001:0001932C       Classes.FindGlobalComponent
 0004:00003300       Classes.FindGlobalComponentProcs
 0001:000191D4       Classes.FindIdentToInt
 0001:00019158       Classes.FindIntToIdent
 0001:00020EC0       Classes.FindMethodName
 0001:0001CEDC       Classes.FindNestedComponent
 0001:0001EDF0       Classes.FindUniqueName
 0001:00023520       Classes.FreeIntConstList
 0001:00023654       Classes.FreeObjectInstance
 0001:00018E3C       Classes.GetClass
 0001:000215B0       Classes.GetComponentValue
 0001:0001A1EC       Classes.GetDesigner
 0001:00018DC4       Classes.GetFieldClassTable
 0004:00003304       Classes.GlobalFixupList
 0001:0001D028       Classes.GlobalFixupReferences
 0005:0000000C       Classes.GlobalLists
 0005:00000008       Classes.GlobalLoaded
 0004:000032E8       Classes.GlobalNameSpace
 0001:00018FEC       Classes.GroupDescendentsWith
 0001:0001E614       Classes.HandleException
 0001:00019250       Classes.IdentToInt
 0001:000194F8       Classes.InitComponent
 0001:000195A0       Classes.InitInheritedComponent
 0001:000222B0       Classes.InitThreadSynchronization
 0004:00003320       Classes.InstBlockList
 0004:00003324       Classes.InstFreeList
 0004:000032F8       Classes.IntConstList
 0001:00019390       Classes.InternalReadComponentRes
 0001:00019290       Classes.IntToIdent
 0001:00018328       Classes.InvalidPoint
 0001:00018314       Classes.InvalidPoint
 0001:00020C40       Classes.IsDefault
 0001:00020ABC       Classes.IsDefaultFloatProp
 0001:00020B18       Classes.IsDefaultInt64Prop
 0001:00020DE4       Classes.IsDefaultInterfaceProp
 0001:00020F2C       Classes.IsDefaultMethodProp
 0001:00020C98       Classes.IsDefaultObjectProp
 0001:00020A64       Classes.IsDefaultOrdProp
 0001:00021064       Classes.IsDefaultPropertyValue
 0001:00020B70       Classes.IsDefaultStrProp
 0001:00020D18       Classes.IsDefaultValue
 0001:00020FCC       Classes.IsDefaultVariantProp
 0001:0001936C       Classes.IsUniqueGlobalComponentName
 0004:000032EC       Classes.IsUniqueGlobalComponentNameProc
 0001:000235BC       Classes.MakeObjectInstance
 0001:00019DF8       Classes.Min
 0001:0002358C       Classes.ModuleUnload
 0003:00000B94       Classes.NilMethod
 0001:0001A28C       Classes.NotifyDesigner
 0001:0001946C       Classes.NotifyGlobalLoading
 0001:00020C00       Classes.ObjectAncestorMatch
 0001:00021598       Classes.OwnedBy
 0001:0001829C       Classes.Point
 0001:000186FC       Classes.PointerInModule
 0001:0001D348       Classes.PropertyNotFound
 0001:0001E714       Classes.PropPathError
 0001:0001D33C       Classes.PropValueError
 0001:0001C294       Classes.RaiseException
 0001:0001F9A4       Classes.ReadCustomVariant
 0001:0001D324       Classes.ReadError
 0001:0001DC90       Classes.Recover
 0001:000182C4       Classes.Rect
 0004:000032FC       Classes.RegGroups
 0001:00018EB0       Classes.RegisterClass
 0001:00018F20       Classes.RegisterClasses
 0001:000192D4       Classes.RegisterFindGlobalComponentProc
 0001:0001912C       Classes.RegisterIntegerConsts
 0003:00000B70       Classes.RemoveDataModule
 0001:0001D1F4       Classes.RemoveFixupReferences
 0001:0001D2A0       Classes.RemoveFixups
 0001:0001D638       Classes.RemoveGlobalFixup
 0001:000222FC       Classes.ResetSyncEvent
 0001:000198C8       Classes.ReturnAddr
 0001:0001ADCC       Classes.ReturnAddr
 0001:0001DE00       Classes.SetCompName
 0001:0001D374       Classes.SetElementValue
 0001:0001EA18       Classes.SetInterfaceReference
 0001:0001E934       Classes.SetIntIdent
 0001:0001E97C       Classes.SetObjectIdent
 0001:0001DC08       Classes.SetSubComponentState
 0001:0001E9BC       Classes.SetVariantReference
 0001:0001F4C4       Classes.SkipBinary
 0001:0001F4F4       Classes.SkipCollection
 0001:0001F49C       Classes.SkipList
 0001:000182B4       Classes.SmallPoint
 0001:00018FA0       Classes.StartClassGroup
 0001:00023594       Classes.StdWndProc
 0001:0001C0BC       Classes.StringListCompareStrings
 0004:000032F0       Classes.SyncEvent
 0003:00000B9C       Classes.SyncList
 0001:00022F8C       Classes.TBasicAction.Change
 0001:00022E20       Classes.TBasicAction.Create
 0001:00022E64       Classes.TBasicAction.Destroy
 0001:00022EF8       Classes.TBasicAction.Execute
 0001:00022EC8       Classes.TBasicAction.ExecuteTarget
 0001:00022EC4       Classes.TBasicAction.HandlesTarget
 0001:00022ECC       Classes.TBasicAction.Notification
 0001:00022FA0       Classes.TBasicAction.RegisterChanges
 0001:00022FEC       Classes.TBasicAction.SetActionComponent
 0001:00022F30       Classes.TBasicAction.SetOnExecute
 0001:00022FAC       Classes.TBasicAction.UnRegisterChanges
 0001:00022F14       Classes.TBasicAction.Update
 0001:00022EF4       Classes.TBasicAction.UpdateTarget
 0001:00022D70       Classes.TBasicActionLink.AssignClient
 0001:00022DA8       Classes.TBasicActionLink.Change
 0001:00022D2C       Classes.TBasicActionLink.Create
 0001:00022D74       Classes.TBasicActionLink.Destroy
 0001:00022DC0       Classes.TBasicActionLink.Execute
 0001:00022E08       Classes.TBasicActionLink.IsOnExecuteLinked
 0001:00022DDC       Classes.TBasicActionLink.SetAction
 0001:00022E0C       Classes.TBasicActionLink.SetOnExecute
 0001:00022E14       Classes.TBasicActionLink.Update
 0001:00019DB0       Classes.TBits.Destroy
 0001:00019DE0       Classes.TBits.Error
 0001:00019ED4       Classes.TBits.GetBit
 0001:00019EEC       Classes.TBits.OpenBit
 0001:00019EA8       Classes.TBits.SetBit
 0001:00019E04       Classes.TBits.SetSize
 0001:00018BE0       Classes.TClassFinder.Create
 0001:00018D0C       Classes.TClassFinder.Destroy
 0001:00018D3C       Classes.TClassFinder.GetClass
 0001:0001A56C       Classes.TCollection.Add
 0001:0001A9F8       Classes.TCollection.Added
 0001:0001A58C       Classes.TCollection.Assign
 0001:0001A624       Classes.TCollection.BeginUpdate
 0001:0001A628       Classes.TCollection.Changed
 0001:0001A638       Classes.TCollection.Clear
 0001:0001A4D4       Classes.TCollection.Create
 0001:0001A9BC       Classes.TCollection.Delete
 0001:0001A9FC       Classes.TCollection.Deleting
 0001:0001A520       Classes.TCollection.Destroy
 0001:0001A6A0       Classes.TCollection.EndUpdate
 0001:0001A6B0       Classes.TCollection.GetAttr
 0001:0001A6AC       Classes.TCollection.GetAttrCount
 0001:0001A6DC       Classes.TCollection.GetCount
 0001:0001A6E4       Classes.TCollection.GetItem
 0001:0001A6BC       Classes.TCollection.GetItemAttr
 0001:0001A6F8       Classes.TCollection.GetNamePath
 0001:0001A7C0       Classes.TCollection.GetPropName
 0001:0001A8DC       Classes.TCollection.Insert
 0001:0001A8F8       Classes.TCollection.InsertItem
 0001:0001AA00       Classes.TCollection.Notify
 0001:0001A9EC       Classes.TCollection.Owner
 0001:0001A960       Classes.TCollection.RemoveItem
 0001:0001A9B4       Classes.TCollection.SetItemName
 0001:0001A9B8       Classes.TCollection.Update
 0001:0001A358       Classes.TCollectionItem.Changed
 0001:0001A2F0       Classes.TCollectionItem.Create
 0001:0001A328       Classes.TCollectionItem.Destroy
 0001:0001A394       Classes.TCollectionItem.GetDisplayName
 0001:0001A37C       Classes.TCollectionItem.GetIndex
 0001:0001A3BC       Classes.TCollectionItem.GetNamePath
 0001:0001A470       Classes.TCollectionItem.GetOwner
 0001:0001A474       Classes.TCollectionItem.SetCollection
 0001:0001A49C       Classes.TCollectionItem.SetDisplayName
 0001:0001A4A4       Classes.TCollectionItem.SetIndex
 0001:000225C4       Classes.TComponent.BeforeDestruction
 0001:00022AFC       Classes.TComponent.ChangeName
 0001:000224FC       Classes.TComponent.Create
 0001:0002288C       Classes.TComponent.DefineProperties
 0001:00022548       Classes.TComponent.Destroy
 0001:00022754       Classes.TComponent.DestroyComponents
 0001:000227B0       Classes.TComponent.Destroying
 0001:00022C38       Classes.TComponent.ExecuteAction
 0001:00022A1C       Classes.TComponent.FindComponent
 0001:000225D0       Classes.TComponent.FreeNotification
 0001:00022920       Classes.TComponent.GetChildOwner
 0001:00022924       Classes.TComponent.GetChildParent
 0001:00022918       Classes.TComponent.GetChildren
 0001:00022B10       Classes.TComponent.GetComponent
 0001:00022B3C       Classes.TComponent.GetComponentCount
 0001:00022928       Classes.TComponent.GetNamePath
 0001:0002293C       Classes.TComponent.GetOwner
 0001:00022944       Classes.TComponent.GetParentComponent
 0001:00022914       Classes.TComponent.HasParent
 0001:00022664       Classes.TComponent.Insert
 0001:000226B8       Classes.TComponent.InsertComponent
 0001:00022D28       Classes.TComponent.IntfGetComponent
 0001:00022964       Classes.TComponent.Loaded
 0001:0002282C       Classes.TComponent.Notification
 0001:00022970       Classes.TComponent.PaletteCreated
 0001:00022CA8       Classes.TComponent.QueryInterface
 0001:00022624       Classes.TComponent.ReadLeft
 0001:00022974       Classes.TComponent.ReadState
 0001:00022638       Classes.TComponent.ReadTop
 0001:00022690       Classes.TComponent.Remove
 0001:0002271C       Classes.TComponent.RemoveComponent
 0001:00022810       Classes.TComponent.RemoveFreeNotification
 0001:000227EC       Classes.TComponent.RemoveNotification
 0001:00022C88       Classes.TComponent.SafeCallException
 0001:00022940       Classes.TComponent.SetChildOrder
 0001:00022B4C       Classes.TComponent.SetComponentIndex
 0001:00022BA0       Classes.TComponent.SetDesigning
 0001:00022A6C       Classes.TComponent.SetName
 0001:00022948       Classes.TComponent.SetParentComponent
 0001:00022BF0       Classes.TComponent.SetReference
 0001:00022C60       Classes.TComponent.UpdateAction
 0001:00022958       Classes.TComponent.Updated
 0001:00022CA0       Classes.TComponent.UpdateRegistry
 0001:0002294C       Classes.TComponent.Updating
 0001:00022A04       Classes.TComponent.ValidateContainer
 0001:00022A18       Classes.TComponent.ValidateInsert
 0001:00022984       Classes.TComponent.ValidateRename
 0001:0002264C       Classes.TComponent.WriteLeft
 0001:0002297C       Classes.TComponent.WriteState
 0001:00022658       Classes.TComponent.WriteTop
 0001:00022CE8       Classes.TComponent._AddRef
 0001:00022D08       Classes.TComponent._Release
 0001:0001C8B4       Classes.TCustomMemoryStream.Read
 0001:0001C8EC       Classes.TCustomMemoryStream.Seek
 0001:0001C8AC       Classes.TCustomMemoryStream.SetPointer
 0001:0001CC5C       Classes.TFiler.Create
 0001:0001CCA4       Classes.TFiler.Destroy
 0001:0001CCCC       Classes.TFiler.SetRoot
 0001:0001C6C0       Classes.TFileStream.Create
 0001:0001C704       Classes.TFileStream.Create
 0001:0001C878       Classes.TFileStream.Destroy
 0001:0001C5FC       Classes.THandleStream.Create
 0001:0001C638       Classes.THandleStream.Read
 0001:0001C658       Classes.THandleStream.Seek
 0001:0001C698       Classes.THandleStream.SetSize
 0001:0001C684       Classes.THandleStream.SetSize
 0001:0001C648       Classes.THandleStream.Write
 0004:00003308       Classes.ThreadLock
 0001:000190F4       Classes.TIntConst.Create
 0001:0001A134       Classes.TInterfacedPersistent.AfterConstruction
 0001:0001A1C4       Classes.TInterfacedPersistent.QueryInterface
 0001:0001A184       Classes.TInterfacedPersistent._AddRef
 0001:0001A1A4       Classes.TInterfacedPersistent._Release
 0001:00019818       Classes.TList.Add
 0001:0001984C       Classes.TList.Clear
 0001:00019864       Classes.TList.Delete
 0001:000197F8       Classes.TList.Destroy
 0001:000198CC       Classes.TList.Error
 0001:00019904       Classes.TList.Error
 0001:00019958       Classes.TList.Expand
 0001:00019970       Classes.TList.First
 0001:00019978       Classes.TList.Get
 0001:000199A0       Classes.TList.Grow
 0001:000199D4       Classes.TList.IndexOf
 0001:000199F4       Classes.TList.Insert
 0001:00019A60       Classes.TList.Last
 0001:00019A6C       Classes.TList.Move
 0001:00019BE4       Classes.TList.Notify
 0001:00019AC4       Classes.TList.Put
 0001:00019B14       Classes.TList.Remove
 0001:00019B34       Classes.TList.SetCapacity
 0001:00019B70       Classes.TList.SetCount
 0001:0001C93C       Classes.TMemoryStream.Clear
 0001:0001C910       Classes.TMemoryStream.Destroy
 0001:0001C954       Classes.TMemoryStream.LoadFromStream
 0001:0001C9E0       Classes.TMemoryStream.Realloc
 0001:0001C98C       Classes.TMemoryStream.SetCapacity
 0001:0001C9B4       Classes.TMemoryStream.SetSize
 0001:0001CA60       Classes.TMemoryStream.Write
 0001:0001AA24       Classes.TOwnedCollection.Create
 0001:0001AA68       Classes.TOwnedCollection.GetOwner
 0001:00019F90       Classes.TPersistent.Assign
 0001:00019FA4       Classes.TPersistent.AssignError
 0001:0001A074       Classes.TPersistent.AssignTo
 0001:0001A07C       Classes.TPersistent.DefineProperties
 0001:00019F64       Classes.TPersistent.Destroy
 0001:0001A080       Classes.TPersistent.GetNamePath
 0001:0001A130       Classes.TPersistent.GetOwner
 0001:0001CDA8       Classes.TPropFixup.Create
 0001:0001CE00       Classes.TPropFixup.MakeGlobalReference
 0001:0001CE48       Classes.TPropFixup.ResolveReference
 0001:0001CE58       Classes.TPropIntfFixup.ResolveReference
 0001:0001D3C8       Classes.TReader.CheckValue
 0001:0001D428       Classes.TReader.DefineBinaryProperty
 0001:0001D3EC       Classes.TReader.DefineProperty
 0001:0001D38C       Classes.TReader.Destroy
 0001:0001D6B4       Classes.TReader.DoFixupReferences
 0001:0001D510       Classes.TReader.EndOfList
 0001:0001D524       Classes.TReader.Error
 0001:0001F7F0       Classes.TReader.FindAncestorComponent
 0001:0001F8E8       Classes.TReader.FindComponentClass
 0001:0001D5D0       Classes.TReader.FindMethod
 0001:0001D548       Classes.TReader.FindMethodInstance
 0001:0001D7F8       Classes.TReader.FlushBuffer
 0001:0001D81C       Classes.TReader.FreeFixups
 0001:0001D858       Classes.TReader.GetFieldClass
 0001:0001D8F0       Classes.TReader.GetPosition
 0001:0001D908       Classes.TReader.NextValue
 0001:0001D918       Classes.TReader.PropertyError
 0001:0001D92C       Classes.TReader.Read
 0001:0001D9B4       Classes.TReader.ReadBoolean
 0001:0001D978       Classes.TReader.ReadBuffer
 0001:0001D9C8       Classes.TReader.ReadChar
 0001:0001DA84       Classes.TReader.ReadCollection
 0001:0001DF44       Classes.TReader.ReadComponent
 0001:0001E384       Classes.TReader.ReadCurrency
 0001:0001E184       Classes.TReader.ReadData
 0001:0001E1F4       Classes.TReader.ReadDataInner
 0001:0001E3D4       Classes.TReader.ReadDate
 0001:0001E2FC       Classes.TReader.ReadDouble
 0001:0001E2C4       Classes.TReader.ReadFloat
 0001:0001E418       Classes.TReader.ReadIdent
 0001:0001E580       Classes.TReader.ReadInt64
 0001:0001E514       Classes.TReader.ReadInteger
 0001:0001E5C4       Classes.TReader.ReadListBegin
 0001:0001E5CC       Classes.TReader.ReadListEnd
 0001:0001E5D4       Classes.TReader.ReadPrefix
 0001:0001E730       Classes.TReader.ReadProperty
 0001:0001EAD8       Classes.TReader.ReadPropValue
 0001:0001EE50       Classes.TReader.ReadRootComponent
 0001:0001F184       Classes.TReader.ReadSet
 0001:0001F240       Classes.TReader.ReadSignature
 0001:0001E340       Classes.TReader.ReadSingle
 0001:0001F264       Classes.TReader.ReadStr
 0001:0001F2A0       Classes.TReader.ReadString
 0001:0001F440       Classes.TReader.ReadValue
 0001:0001FB6C       Classes.TReader.ReadVariant
 0001:0001DA28       Classes.TReader.ReadWideChar
 0001:0001F35C       Classes.TReader.ReadWideString
 0001:0001F8A8       Classes.TReader.ReferenceName
 0001:0001F8C0       Classes.TReader.SetName
 0001:0001F95C       Classes.TReader.SkipBytes
 0001:0001F748       Classes.TReader.SkipComponent
 0001:0001F700       Classes.TReader.SkipProperty
 0001:0001F454       Classes.TReader.SkipSetBody
 0001:0001F550       Classes.TReader.SkipValue
 0001:000183F4       Classes.TRegGroup.AddClass
 0001:00018400       Classes.TRegGroup.BestClass
 0001:00018460       Classes.TRegGroup.BestGroup
 0001:000184D0       Classes.TRegGroup.Create
 0001:0001852C       Classes.TRegGroup.Destroy
 0001:0001856C       Classes.TRegGroup.GetClass
 0001:000185D4       Classes.TRegGroup.InGroup
 0001:00018618       Classes.TRegGroup.RegisterClass
 0001:000186D8       Classes.TRegGroup.Registered
 0001:0001871C       Classes.TRegGroup.UnregisterModuleClasses
 0001:000187C8       Classes.TRegGroups.Activate
 0001:00018814       Classes.TRegGroups.Create
 0001:00018888       Classes.TRegGroups.Destroy
 0001:000188E8       Classes.TRegGroups.FindGroup
 0001:0001892C       Classes.TRegGroups.GetClass
 0001:00018A00       Classes.TRegGroups.GroupWith
 0001:00018ACC       Classes.TRegGroups.Lock
 0001:00018AD8       Classes.TRegGroups.RegisterClass
 0001:00018AF0       Classes.TRegGroups.Registered
 0001:00018B34       Classes.TRegGroups.StartGroup
 0001:00018B84       Classes.TRegGroups.Unlock
 0001:00018B90       Classes.TRegGroups.UnregisterModuleClasses
 0001:0001CAB0       Classes.TResourceStream.Create
 0001:0001CC14       Classes.TResourceStream.Destroy
 0001:0001CBA8       Classes.TResourceStream.Initialize
 0001:0001CC44       Classes.TResourceStream.Write
 0001:0001C444       Classes.TStream.CopyFrom
 0001:0001C1A8       Classes.TStream.GetPosition
 0001:0001C1DC       Classes.TStream.GetSize
 0001:0001C3D4       Classes.TStream.ReadBuffer
 0001:0001C538       Classes.TStream.ReadComponent
 0001:0001C2E0       Classes.TStream.Seek
 0001:0001C364       Classes.TStream.Seek
 0001:0001C1C8       Classes.TStream.SetPosition
 0001:0001C228       Classes.TStream.SetSize
 0001:0001C240       Classes.TStream.SetSize
 0001:0001C22C       Classes.TStream.SetSize64
 0001:0001C40C       Classes.TStream.WriteBuffer
 0001:0001C598       Classes.TStream.WriteComponent
 0001:0001C5A0       Classes.TStream.WriteDescendent
 0001:00023508       Classes.TStreamAdapter.Clone
 0001:0002345C       Classes.TStreamAdapter.Commit
 0001:00023254       Classes.TStreamAdapter.CopyTo
 0001:00023018       Classes.TStreamAdapter.Create
 0001:00023064       Classes.TStreamAdapter.Destroy
 0001:00023474       Classes.TStreamAdapter.LockRegion
 0001:0002309C       Classes.TStreamAdapter.Read
 0001:00023468       Classes.TStreamAdapter.Revert
 0001:0002316C       Classes.TStreamAdapter.Seek
 0001:000231F0       Classes.TStreamAdapter.SetSize
 0001:0002348C       Classes.TStreamAdapter.Stat
 0001:00023480       Classes.TStreamAdapter.UnlockRegion
 0001:00023104       Classes.TStreamAdapter.Write
 0001:0001BB28       Classes.TStringList.Add
 0001:0001BB38       Classes.TStringList.AddObject
 0001:0001BB9C       Classes.TStringList.Changed
 0001:0001BBB8       Classes.TStringList.Changing
 0001:0001BBD4       Classes.TStringList.Clear
 0001:0001C124       Classes.TStringList.CompareStrings
 0001:0001C0EC       Classes.TStringList.CustomSort
 0001:0001BC14       Classes.TStringList.Delete
 0001:0001BACC       Classes.TStringList.Destroy
 0001:0001BC80       Classes.TStringList.Exchange
 0001:0001BCDC       Classes.TStringList.ExchangeItems
 0001:0001BD00       Classes.TStringList.Find
 0001:0001BD84       Classes.TStringList.Get
 0001:0001BDB8       Classes.TStringList.GetCapacity
 0001:0001BDBC       Classes.TStringList.GetCount
 0001:0001BDC0       Classes.TStringList.GetObject
 0001:0001BDE8       Classes.TStringList.Grow
 0001:0001BE1C       Classes.TStringList.IndexOf
 0001:0001BE58       Classes.TStringList.Insert
 0001:0001BEBC       Classes.TStringList.InsertItem
 0001:0001BE68       Classes.TStringList.InsertObject
 0001:0001BF38       Classes.TStringList.Put
 0001:0001BF94       Classes.TStringList.PutObject
 0001:0001BFD4       Classes.TStringList.QuickSort
 0001:0001C068       Classes.TStringList.SetCapacity
 0001:0001C084       Classes.TStringList.SetSorted
 0001:0001C0A4       Classes.TStringList.SetUpdateState
 0001:0001C0DC       Classes.TStringList.Sort
 0001:0001AA9C       Classes.TStrings.Add
 0001:0001AAC0       Classes.TStrings.AddObject
 0001:0001AAE4       Classes.TStrings.AddStrings
 0001:0001AB9C       Classes.TStrings.Assign
 0001:0001AC54       Classes.TStrings.BeginUpdate
 0001:0001BA54       Classes.TStrings.CompareStrings
 0001:0001ACC4       Classes.TStrings.DefineProperties
 0001:0001AA6C       Classes.TStrings.Destroy
 0001:0001AD10       Classes.TStrings.EndUpdate
 0001:0001AD24       Classes.TStrings.Equals
 0001:0001ADD0       Classes.TStrings.Error
 0001:0001AE08       Classes.TStrings.Error
 0001:0001AE60       Classes.TStrings.Exchange
 0001:0001AF4C       Classes.TStrings.GetCapacity
 0001:0001B9F4       Classes.TStrings.GetLineBreak
 0001:0001BA98       Classes.TStrings.GetNameValueSeparator
 0001:0001AF54       Classes.TStrings.GetObject
 0001:0001AF58       Classes.TStrings.GetText
 0001:0001AFAC       Classes.TStrings.GetTextStr
 0001:0001B0E4       Classes.TStrings.GetValue
 0001:0001B17C       Classes.TStrings.IndexOf
 0001:0001B208       Classes.TStrings.IndexOfName
 0001:0001B2DC       Classes.TStrings.IndexOfObject
 0001:0001B310       Classes.TStrings.InsertObject
 0001:0001B340       Classes.TStrings.LoadFromFile
 0001:0001B394       Classes.TStrings.LoadFromStream
 0001:0001B440       Classes.TStrings.Move
 0001:0001B4F0       Classes.TStrings.Put
 0001:0001B520       Classes.TStrings.PutObject
 0001:0001B524       Classes.TStrings.ReadData
 0001:0001B5D4       Classes.TStrings.SaveToFile
 0001:0001B62C       Classes.TStrings.SaveToStream
 0001:0001B68C       Classes.TStrings.SetCapacity
 0001:0001BA28       Classes.TStrings.SetLineBreak
 0001:0001BAB0       Classes.TStrings.SetNameValueSeparator
 0001:0001B690       Classes.TStrings.SetStringsAdapter
 0001:0001B6C4       Classes.TStrings.SetText
 0001:0001B714       Classes.TStrings.SetTextStr
 0001:0001B8B8       Classes.TStrings.SetUpdateState
 0001:0001B8BC       Classes.TStrings.SetValue
 0001:0001B970       Classes.TStrings.WriteData
 0001:00019CB8       Classes.TThreadList.Add
 0001:00019BE8       Classes.TThreadList.Create
 0001:00019C3C       Classes.TThreadList.Destroy
 0001:00019D40       Classes.TThreadList.LockList
 0001:00019D54       Classes.TThreadList.Remove
 0001:00019DA4       Classes.TThreadList.UnlockList
 0001:0001FDB8       Classes.TWriter.AddAncestor
 0001:0001FDEC       Classes.TWriter.DefineBinaryProperty
 0001:0001FDC4       Classes.TWriter.DefineProperty
 0001:0001FD8C       Classes.TWriter.Destroy
 0001:0001FE28       Classes.TWriter.FindMethodName
 0001:0001FE84       Classes.TWriter.FlushBuffer
 0001:0002228C       Classes.TWriter.GetLookupInfo
 0001:0001FE18       Classes.TWriter.GetPosition
 0001:0001FE8C       Classes.TWriter.SetPosition
 0001:0001FEC8       Classes.TWriter.SetRoot
 0001:0001FEE0       Classes.TWriter.Write
 0001:0001FF2C       Classes.TWriter.WriteBinary
 0001:0001FFCC       Classes.TWriter.WriteBoolean
 0001:0001FFB4       Classes.TWriter.WriteBuffer
 0001:0001FFE0       Classes.TWriter.WriteChar
 0001:00020080       Classes.TWriter.WriteCollection
 0001:00020170       Classes.TWriter.WriteComponent
 0001:0002073C       Classes.TWriter.WriteCurrency
 0001:000202C4       Classes.TWriter.WriteData
 0001:00020760       Classes.TWriter.WriteDate
 0001:000206CC       Classes.TWriter.WriteDescendent
 0001:000206F4       Classes.TWriter.WriteFloat
 0001:00020784       Classes.TWriter.WriteIdent
 0001:00020848       Classes.TWriter.WriteInteger
 0001:000208BC       Classes.TWriter.WriteInteger
 0001:00020914       Classes.TWriter.WriteListBegin
 0001:0002091C       Classes.TWriter.WriteListEnd
 0001:000220C0       Classes.TWriter.WriteMinStr
 0001:00020924       Classes.TWriter.WritePrefix
 0001:0002096C       Classes.TWriter.WriteProperties
 0001:00021ABC       Classes.TWriter.WriteProperty
 0001:00022010       Classes.TWriter.WritePropName
 0001:00022064       Classes.TWriter.WriteSignature
 0001:00020718       Classes.TWriter.WriteSingle
 0001:00022074       Classes.TWriter.WriteStr
 0001:0002216C       Classes.TWriter.WriteString
 0001:00022278       Classes.TWriter.WriteValue
 0001:00021C14       Classes.TWriter.WriteVariant
 0001:00020030       Classes.TWriter.WriteWideChar
 0001:000221C0       Classes.TWriter.WriteWideString
 0001:00019314       Classes.UnregisterFindGlobalComponentProc
 0001:00018F54       Classes.UnRegisterModuleClasses
 0003:00000BA4       Classes.UtilWindowClass
 0001:00022308       Classes.WaitForSyncEvent
 0003:00000B88       Classes.WakeMainThread
 0001:00019668       Classes.WriteCollection
 0001:00021320       Classes.WriteCollectionProp
 0001:000214BC       Classes.WriteFloatProp
 0001:000214FC       Classes.WriteInt64Prop
 0001:000218EC       Classes.WriteInterfaceProp
 0001:000212B4       Classes.WriteIntProp
 0001:000219C8       Classes.WriteMethodProp
 0001:000216D8       Classes.WriteObjectProp
 0001:000213C4       Classes.WriteOrdProp
 0001:000211CC       Classes.WritePropPath
 0001:00021220       Classes.WriteSet
 0001:00021538       Classes.WriteStrProp
 0001:00021A58       Classes.WriteVariantProp
 0004:000034B4       Clipbrd..2
 0001:0003609C       Clipbrd..TClipboard
 0004:000034B2       Clipbrd.CF_COMPONENT
 0004:000034B0       Clipbrd.CF_PICTURE
 0001:000365FC       Clipbrd.Clipboard
 0002:000004D0       Clipbrd.Clipbrd
 0004:000034B8       Clipbrd.FClipboard
 0001:000366AC       Clipbrd.Finalization
 0001:00036178       Clipbrd.TClipboard.Adding
 0001:000365B0       Clipbrd.TClipboard.Assign
 0001:0003652C       Clipbrd.TClipboard.AssignGraphic
 0001:000364A8       Clipbrd.TClipboard.AssignPicture
 0001:00036440       Clipbrd.TClipboard.AssignTo
 0001:00036374       Clipbrd.TClipboard.AssignToBitmap
 0001:000363DC       Clipbrd.TClipboard.AssignToMetafile
 0001:000362BC       Clipbrd.TClipboard.AssignToPicture
 0001:00036134       Clipbrd.TClipboard.Clear
 0001:00036194       Clipbrd.TClipboard.Close
 0001:00036678       Clipbrd.TClipboard.Destroy
 0001:0003623C       Clipbrd.TClipboard.GetAsText
 0001:0003661C       Clipbrd.TClipboard.MainWndProc
 0001:000361C0       Clipbrd.TClipboard.Open
 0001:0003621C       Clipbrd.TClipboard.WndProc
 0004:000036C4       ComCtrls..76
 0001:00087A9C       ComCtrls..TComboBoxExActionLink
 0001:0008E630       ComCtrls..TComboBoxExEnumerator
 0001:00087790       ComCtrls..TComboBoxExStrings
 0001:000875A8       ComCtrls..TComboExItem
 0001:000876DC       ComCtrls..TComboExItems
 0001:00084EA8       ComCtrls..TConversion
 0001:000878A8       ComCtrls..TCustomComboBoxEx
 0001:000861F0       ComCtrls..TCustomListView
 0001:00085474       ComCtrls..TIconOptions
 0001:00084F48       ComCtrls..TListColumn
 0001:0008510C       ComCtrls..TListColumns
 0001:000851C0       ComCtrls..TListItem
 0001:00085258       ComCtrls..TListItems
 0001:00086464       ComCtrls..TListView
 0001:00087498       ComCtrls..TListViewActionLink
 0001:00088778       ComCtrls..TSubItems
 0001:000852E4       ComCtrls..TWorkArea
 0001:00085390       ComCtrls..TWorkAreas
 0003:00001B60       ComCtrls.Arrangements
 0003:00001B68       ComCtrls.AutoArrange
 0003:00001B40       ComCtrls.BorderStyles
 0001:00087BF4       ComCtrls.CheckCommonControl
 0003:00001BBC       ComCtrls.Codes
 0003:00001B2C       ComCtrls.Codes
 0004:000036D4       ComCtrls.CoInitExProcLoaded
 0004:000036D0       ComCtrls.CoInitializeExProc
 0003:00001B90       ComCtrls.ColumnClicks
 0003:00001BEC       ComCtrls.ComboBoxExStyles
 0003:00001BF8       ComCtrls.ComboExStyles
 0002:00000868       ComCtrls.ComCtrls
 0001:0008B738       ComCtrls.ConvertFlags
 0001:0008B5A0       ComCtrls.ConvertMask
 0001:0008B75C       ComCtrls.ConvertStates
 0001:00089EEC       ComCtrls.DefaultListViewSort
 0003:00001BA8       ComCtrls.Directions
 0003:00001B48       ComCtrls.EditStyles
 0001:0008F93C       ComCtrls.Finalization
 0004:000036CC       ComCtrls.FRichEditModule
 0001:00089B2C       ComCtrls.GetByteLength
 0003:00001B58       ComCtrls.HideSelections
 0003:00001BD4       ComCtrls.IAlignment
 0001:00087BC8       ComCtrls.InitCommonControl
 0003:00001B3C       ComCtrls.ListItemStreamVersion
 0003:00001B50       ComCtrls.MultiSelections
 0001:0008A374       ComCtrls.ReadCols
 0003:00001B14       ComCtrls.RTFConversionFormat
 0004:000036C8       ComCtrls.ShellModule
 0003:00001B88       ComCtrls.ShowColumns
 0001:0008F6D0       ComCtrls.TComboBoxExActionLink.AddItem
 0001:0008F740       ComCtrls.TComboBoxExActionLink.AddItem
 0001:0008F774       ComCtrls.TComboBoxExEnumerator.Clone
 0001:0008F7B8       ComCtrls.TComboBoxExEnumerator.Create
 0001:0008F7F4       ComCtrls.TComboBoxExEnumerator.GetCount
 0001:0008F800       ComCtrls.TComboBoxExEnumerator.GetString
 0001:0008F824       ComCtrls.TComboBoxExEnumerator.Next
 0001:0008F8FC       ComCtrls.TComboBoxExEnumerator.Reset
 0001:0008F910       ComCtrls.TComboBoxExEnumerator.Skip
 0001:0008F1A8       ComCtrls.TComboBoxExStrings.Add
 0001:0008F1CC       ComCtrls.TComboBoxExStrings.AddObject
 0001:0008F1FC       ComCtrls.TComboBoxExStrings.Clear
 0001:0008F264       ComCtrls.TComboBoxExStrings.Create
 0001:0008F2F0       ComCtrls.TComboBoxExStrings.Delete
 0001:0008F2C0       ComCtrls.TComboBoxExStrings.Destroy
 0001:0008F2FC       ComCtrls.TComboBoxExStrings.Exchange
 0001:0008F448       ComCtrls.TComboBoxExStrings.Get
 0001:0008F46C       ComCtrls.TComboBoxExStrings.GetCapacity
 0001:0008F478       ComCtrls.TComboBoxExStrings.GetCount
 0001:0008F5E4       ComCtrls.TComboBoxExStrings.GetItemClass
 0001:0008F5DC       ComCtrls.TComboBoxExStrings.GetItemsClass
 0001:0008F484       ComCtrls.TComboBoxExStrings.GetObject
 0001:0008F49C       ComCtrls.TComboBoxExStrings.IndexOf
 0001:0008F540       ComCtrls.TComboBoxExStrings.IndexOfName
 0001:0008F548       ComCtrls.TComboBoxExStrings.Insert
 0001:0008F55C       ComCtrls.TComboBoxExStrings.Move
 0001:0008F57C       ComCtrls.TComboBoxExStrings.PutObject
 0001:0008F59C       ComCtrls.TComboBoxExStrings.SetUpdateState
 0001:0008E234       ComCtrls.TComboExItem.Assign
 0001:0008E288       ComCtrls.TComboExItem.SetCaption
 0001:0008E2BC       ComCtrls.TComboExItem.SetData
 0001:0008E2F0       ComCtrls.TComboExItem.SetDisplayName
 0001:0008E310       ComCtrls.TComboExItem.SetImageIndex
 0001:0008E340       ComCtrls.TComboExItem.SetIndex
 0001:0008E35C       ComCtrls.TComboExItem.SetOverlayImageIndex
 0001:0008E378       ComCtrls.TComboExItem.SetSelectedImageIndex
 0001:0008E394       ComCtrls.TComboExItems.Add
 0001:0008E3A0       ComCtrls.TComboExItems.AddItem
 0001:0008E408       ComCtrls.TComboExItems.GetComboItem
 0001:0008E41C       ComCtrls.TComboExItems.Insert
 0001:0008E454       ComCtrls.TComboExItems.Notify
 0001:0008E4C4       ComCtrls.TComboExItems.SetItem
 0001:00087E48       ComCtrls.TConversion.ConvertReadStream
 0001:00087E5C       ComCtrls.TConversion.ConvertWriteStream
 0001:0008EF1C       ComCtrls.TCustomComboBoxEx.ActionChange
 0001:0008EA60       ComCtrls.TCustomComboBoxEx.CMColorChanged
 0001:0008EA34       ComCtrls.TCustomComboBoxEx.CMParentColorChanged
 0001:0008E834       ComCtrls.TCustomComboBoxEx.CNNotify
 0001:0008EB38       ComCtrls.TCustomComboBoxEx.ComboExWndProc
 0001:0008E694       ComCtrls.TCustomComboBoxEx.Create
 0001:0008E884       ComCtrls.TCustomComboBoxEx.CreateParams
 0001:0008EB58       ComCtrls.TCustomComboBoxEx.CreateWnd
 0001:0008E7BC       ComCtrls.TCustomComboBoxEx.Destroy
 0001:0008EFC8       ComCtrls.TCustomComboBoxEx.DestroyWnd
 0001:0008F02C       ComCtrls.TCustomComboBoxEx.Focused
 0001:0008EEB4       ComCtrls.TCustomComboBoxEx.GetActionLinkClass
 0001:0008EEA0       ComCtrls.TCustomComboBoxEx.GetItemCount
 0001:0008EFC0       ComCtrls.TCustomComboBoxEx.GetItemHt
 0001:0008EEAC       ComCtrls.TCustomComboBoxEx.GetItemsClass
 0001:0008E990       ComCtrls.TCustomComboBoxEx.ImageListChange
 0001:0008EA04       ComCtrls.TCustomComboBoxEx.Notification
 0001:0008EF80       ComCtrls.TCustomComboBoxEx.SetDropDownCount
 0001:0008E8FC       ComCtrls.TCustomComboBoxEx.SetImages
 0001:0008EEBC       ComCtrls.TCustomComboBoxEx.SetStyleEx
 0001:0008F068       ComCtrls.TCustomComboBoxEx.UpdateAutoComplete
 0001:0008F188       ComCtrls.TCustomComboBoxEx.WMHelp
 0001:0008EAC0       ComCtrls.TCustomComboBoxEx.WMLButtonDown
 0001:0008E9BC       ComCtrls.TCustomComboBoxEx.WndProc
 0001:0008E16C       ComCtrls.TCustomListView.ActionChange
 0001:0008C6B0       ComCtrls.TCustomListView.AddItem
 0001:0008CC04       ComCtrls.TCustomListView.AlphaSort
 0001:0008DE04       ComCtrls.TCustomListView.AreItemsStored
 0001:0008D144       ComCtrls.TCustomListView.Arrange
 0001:0008C718       ComCtrls.TCustomListView.CanChange
 0001:0008C7D0       ComCtrls.TCustomListView.CanEdit
 0001:0008D794       ComCtrls.TCustomListView.CanvasChanged
 0001:0008C760       ComCtrls.TCustomListView.Change
 0001:0008C5CC       ComCtrls.TCustomListView.ChangeScale
 0001:0008E10C       ComCtrls.TCustomListView.Clear
 0001:0008DF6C       ComCtrls.TCustomListView.ClearSelection
 0001:0008B048       ComCtrls.TCustomListView.CMColorChanged
 0001:0008B06C       ComCtrls.TCustomListView.CMCtl3DChanged
 0001:0008CA24       ComCtrls.TCustomListView.CMDrag
 0001:0008B2EC       ComCtrls.TCustomListView.CMFontChanged
 0001:0008DC50       ComCtrls.TCustomListView.CMHintShow
 0001:0008D664       ComCtrls.TCustomListView.CNDrawItem
 0001:0008B7A8       ComCtrls.TCustomListView.CNNotify
 0001:0008C640       ComCtrls.TCustomListView.ColClick
 0001:0008C660       ComCtrls.TCustomListView.ColRightClick
[...]
  2096 0001:000C37BA  2094 0001:000C37CD  2099 0001:000C37D5  2101 0001:000C37E7
  2102 0001:000C37ED  2103 0001:000C37FE  2104 0001:000C380D  2102 0001:000C3820
  2107 0001:000C3826  2108 0001:000C382E  2110 0001:000C3835  2304 0001:000C383C
  2305 0001:000C385F  2306 0001:000C386B  2307 0001:000C3875  2309 0001:000C387F

Line numbers for ORFn(ORFn.pas) segment .itext

  2294 0002:00000B40  2295 0002:00000B49  2296 0002:00000B5A  2297 0002:00000B69
  2298 0002:00000B78  2299 0002:00000B84  2300 0002:00000B95  2301 0002:00000BA6
  2303 0002:00000BB2

Line numbers for ORNet(ORNet.pas) segment .text

    65 0001:000C38C0    67 0001:000C38C9    70 0001:000C38E2    71 0001:000C38EE
    72 0001:000C3900    73 0001:000C390C    74 0001:000C3918    77 0001:000C3924
    83 0001:000C3928    84 0001:000C394B    86 0001:000C3961    87 0001:000C3968
    89 0001:000C39B5    98 0001:000C39DC    99 0001:000C3A17   100 0001:000C3A29
   101 0001:000C3A5C   104 0001:000C3A61   105 0001:000C3A6D   106 0001:000C3A97
   108 0001:000C3AC7   109 0001:000C3ADE   110 0001:000C3B39   111 0001:000C3B71
   112 0001:000C3B9D   113 0001:000C3BA5   115 0001:000C3BC5   118 0001:000C3BEA
   119 0001:000C3C02   120 0001:000C3C21   122 0001:000C3C5F   124 0001:000C3C75
   125 0001:000C3C85   127 0001:000C3CCF   128 0001:000C3D03   131 0001:000C3D0F
   132 0001:000C3D47   133 0001:000C3D4F   134 0001:000C3D60   135 0001:000C3D7B
   136 0001:000C3DA5   138 0001:000C3DBB   139 0001:000C3DCB   141 0001:000C3E15
   142 0001:000C3E49   145 0001:000C3E52   146 0001:000C3E8C   148 0001:000C3EA2
   106 0001:000C3EA5   150 0001:000C3EAE   151 0001:000C3EC0   156 0001:000C3F98
   157 0001:000C3FB7   158 0001:000C3FC7   161 0001:000C3FCD   162 0001:000C3FDD
   163 0001:000C3FE3   165 0001:000C3FF2   166 0001:000C4016   168 0001:000C4028
   170 0001:000C4032   182 0001:000C4058   183 0001:000C4098   184 0001:000C40D0
   185 0001:000C40FB   187 0001:000C4109   188 0001:000C4115   190 0001:000C411A
   192 0001:000C412A   193 0001:000C4139   194 0001:000C4141   196 0001:000C414D
   197 0001:000C415C   198 0001:000C4181   199 0001:000C4193   200 0001:000C41B7
   201 0001:000C41C4   202 0001:000C41D1   204 0001:000C41F8   206 0001:000C421E
   207 0001:000C422D   209 0001:000C423C   210 0001:000C424B   213 0001:000C4258
   214 0001:000C4294   216 0001:000C42B1   218 0001:000C42E3   219 0001:000C4304
   220 0001:000C4325   221 0001:000C4353   216 0001:000C4356   223 0001:000C435B
   202 0001:000C435E   225 0001:000C4367   226 0001:000C4375   230 0001:000C439A
   232 0001:000C439D   234 0001:000C43A9   235 0001:000C43BC   237 0001:000C43DB
   253 0001:000C43E0   256 0001:000C43FF   257 0001:000C440C   258 0001:000C4419
   259 0001:000C442C   260 0001:000C4439   261 0001:000C4449   262 0001:000C4481
   266 0001:000C4654   267 0001:000C465E   268 0001:000C4663   345 0001:000C4664
   346 0001:000C466A   347 0001:000C4670   349 0001:000C4684   350 0001:000C4693
   351 0001:000C46B3   353 0001:000C46B9   359 0001:000C46C4   360 0001:000C46D3
   361 0001:000C46E2   362 0001:000C46F5   363 0001:000C4703   364 0001:000C4708
   365 0001:000C4718   371 0001:000C471C   372 0001:000C472C   373 0001:000C473B
   374 0001:000C474E   375 0001:000C475C   376 0001:000C4761   377 0001:000C4794
   378 0001:000C47A4   520 0001:000C47AC   522 0001:000C47C7   523 0001:000C47D8
   520 0001:000C47E4   525 0001:000C47EF   527 0001:000C47F9

Line numbers for ORNet(ORNet.pas) segment .itext

   512 0002:00000BCC   513 0002:00000BE6   514 0002:00000BED   515 0002:00000BFC
   516 0002:00000C0D   517 0002:00000C17   519 0002:00000C1E

Line numbers for OR2006Compatibility(OR2006Compatibility.pas) segment .text

    29 0001:000C49D4    30 0001:000C49EF    32 0001:000C4A00    33 0001:000C4A0A
    34 0001:000C4A14    36 0001:000C4A63

Line numbers for ORDtTmCal(ORDtTmCal.pas) segment .text

    25 0001:000C5A58    26 0001:000C5A8A    27 0001:000C5A9C    29 0001:000C5AA8
    30 0001:000C5AC2    32 0001:000C5B05    33 0001:000C5B1F    35 0001:000C5B30
    38 0001:000C5B7A    41 0001:000C5BC4    42 0001:000C5BD3    43 0001:000C5BE1
    44 0001:000C5BEA    45 0001:000C5C12    46 0001:000C5C1B    47 0001:000C5C43
    55 0001:000C5C47

Line numbers for ORDtTm(ORDtTm.pas) segment .text

   262 0001:000C6188   263 0001:000C618C   264 0001:000C6190   265 0001:000C61AE
   268 0001:000C61B4   269 0001:000C61CD   270 0001:000C61D6   271 0001:000C6203
   272 0001:000C6218   275 0001:000C6258   276 0001:000C625E   277 0001:000C6267
   278 0001:000C627E   279 0001:000C6287   282 0001:000C6290   283 0001:000C6296
   284 0001:000C62C0   285 0001:000C62D5   307 0001:000C62E0   308 0001:000C6302
   309 0001:000C6341   310 0001:000C6364   311 0001:000C6379   312 0001:000C6394
   313 0001:000C63AC   314 0001:000C63D8   315 0001:000C63F5   331 0001:000C6464
   332 0001:000C6470   334 0001:000C6478   335 0001:000C648B   336 0001:000C6495
   337 0001:000C64A0   340 0001:000C64A4   341 0001:000C64C3   342 0001:000C64F6
   343 0001:000C6500   347 0001:000C653C   348 0001:000C654B   349 0001:000C655B
   353 0001:000C6564   354 0001:000C6573   355 0001:000C6583   358 0001:000C658C
   359 0001:000C6598   360 0001:000C65A6   363 0001:000C65AC   364 0001:000C65B8
   365 0001:000C65C6   369 0001:000C65CC   370 0001:000C65DB   371 0001:000C65EB
   375 0001:000C65F4   376 0001:000C6603   377 0001:000C6613   380 0001:000C661C
   381 0001:000C6628   382 0001:000C6642   383 0001:000C6656   384 0001:000C666A
   385 0001:000C667A   388 0001:000C6680   389 0001:000C668C   391 0001:000C6698
   392 0001:000C66AC   394 0001:000C66C0   395 0001:000C66CA   398 0001:000C66D0
   399 0001:000C66DD   400 0001:000C672A   401 0001:000C6752   402 0001:000C675D
   408 0001:000C6784   409 0001:000C67A3   420 0001:000C67BC   422 0001:000C67D0
   423 0001:000C67E7   424 0001:000C67FA   429 0001:000C6804   431 0001:000C683F
   432 0001:000C6849   435 0001:000C6880   436 0001:000C689F   438 0001:000C68B9
   439 0001:000C68E6   440 0001:000C68F0   443 0001:000C6924   445 0001:000C6930
   446 0001:000C6943   451 0001:000C6958   452 0001:000C6980   454 0001:000C69C0
   455 0001:000C69D1   457 0001:000C69D6   459 0001:000C6A0E   461 0001:000C6A2A
   462 0001:000C6A73   463 0001:000C6A7D   465 0001:000C6A8E   466 0001:000C6A9B
   469 0001:000C6B60   470 0001:000C6B6C   471 0001:000C6B79   474 0001:000C6B80
   475 0001:000C6B87   476 0001:000C6B8F   477 0001:000C6B99   482 0001:000C6B9C
   483 0001:000C6BB7   484 0001:000C6BC4   485 0001:000C6BCD   486 0001:000C6BDB
   487 0001:000C6BE7   494 0001:000C6C08   495 0001:000C6C2D   496 0001:000C6C44
   499 0001:000C6C52   500 0001:000C6C79   502 0001:000C6C97   503 0001:000C6CBE
   504 0001:000C6CD1   506 0001:000C6CDE   507 0001:000C6CEE   508 0001:000C6CFE
   509 0001:000C6D0E   510 0001:000C6D1E   511 0001:000C6D2E   512 0001:000C6D57
   513 0001:000C6D80   514 0001:000C6D9A   516 0001:000C6DBB   517 0001:000C6DCB
   519 0001:000C6DD5   520 0001:000C6DF7   521 0001:000C6E51   522 0001:000C6E5D
   523 0001:000C6E6F   527 0001:000C6E9B   529 0001:000C6EAB   532 0001:000C6F04
   533 0001:000C6F0D   534 0001:000C6F1F   537 0001:000C6F28   538 0001:000C6F34
   539 0001:000C6F3D   541 0001:000C6F46   542 0001:000C6F4D   544 0001:000C6F66
   547 0001:000C6F6C   548 0001:000C6F73   549 0001:000C6F94   552 0001:000C6FA0
   553 0001:000C6FAC   554 0001:000C6FB5   555 0001:000C6FC5

Line numbers for ORDtTm(ORDtTm.pas) segment .itext

  1461 0002:00000C50  1462 0002:00000C59  1464 0002:00000C67

Line numbers for UTARConst(UTARConst.pas) segment .text

    15 0001:00000000

Line numbers for fTARProcess(fTARProcess.pas) segment .text

    55 0001:000C7300    56 0001:000C732D    57 0001:000C733B    59 0001:000C737C
    60 0001:000C737F    62 0001:000C73AA    69 0001:000C7454    70 0001:000C7476
    71 0001:000C7484    73 0001:000C74A8    74 0001:000C74CD    75 0001:000C74F0
    71 0001:000C74F3    77 0001:000C7513    78 0001:000C7516    80 0001:000C7541
    86 0001:000C75BC    87 0001:000C75E7    88 0001:000C75F5    90 0001:000C7609
    91 0001:000C7611    95 0001:000C761E    97 0001:000C7646   100 0001:000C766B
   101 0001:000C769A   102 0001:000C76AB   104 0001:000C76E1    95 0001:000C76E4
   106 0001:000C76ED   108 0001:000C7710   109 0001:000C7713   111 0001:000C773E
   114 0001:000C77C0   115 0001:000C77E2   116 0001:000C77F0   118 0001:000C7820
   119 0001:000C7823   121 0001:000C784E   124 0001:000C78BC   125 0001:000C78DE
   126 0001:000C78EC   127 0001:000C78F8   129 0001:000C7920   130 0001:000C7923
   134 0001:000C794E   152 0001:000C79BC   153 0001:000C79E2   154 0001:000C79F0
   155 0001:000C79FA   156 0001:000C7A09   157 0001:000C7A18   158 0001:000C7A29
   159 0001:000C7A42   160 0001:000C7A65   161 0001:000C7A80   165 0001:000C7A91
   167 0001:000C7A99   169 0001:000C7AB5   170 0001:000C7AE9   172 0001:000C7B1D
   174 0001:000C7B42   175 0001:000C7B51   176 0001:000C7B6D   177 0001:000C7B84
   178 0001:000C7BB8   179 0001:000C7BD5   180 0001:000C7BE8   181 0001:000C7C2C
   183 0001:000C7C45   184 0001:000C7C6C   185 0001:000C7C7D   186 0001:000C7C8F
   189 0001:000C7C9F   190 0001:000C7CDD   191 0001:000C7D18   192 0001:000C7D53
   198 0001:000C7D8E   199 0001:000C7DE2   200 0001:000C7E1D   204 0001:000C7E71
   167 0001:000C7E74   207 0001:000C7E7D   209 0001:000C7E87   210 0001:000C7E8D
   211 0001:000C7E95   212 0001:000C7E9B   215 0001:000C7EBE   216 0001:000C7EC1
   218 0001:000C7EF2   226 0001:000C8024   227 0001:000C8052   228 0001:000C8060
   230 0001:000C8074   231 0001:000C8084   234 0001:000C8091   235 0001:000C80A2
   236 0001:000C80B2   237 0001:000C80C1   238 0001:000C80DF   240 0001:000C80FA
   241 0001:000C8113   242 0001:000C8127   243 0001:000C814F   242 0001:000C8187
   244 0001:000C818C   246 0001:000C81A0   247 0001:000C81A6   249 0001:000C81C9
   250 0001:000C81CC   252 0001:000C81F7   255 0001:000C82B8   256 0001:000C82DD
   257 0001:000C82EB   259 0001:000C82F5   261 0001:000C8308   262 0001:000C8319
   265 0001:000C8325   267 0001:000C8339   269 0001:000C835E   270 0001:000C8361
   272 0001:000C838C   275 0001:000C8404   276 0001:000C842F   277 0001:000C843D
   279 0001:000C844D   280 0001:000C8459   282 0001:000C8471   283 0001:000C847D
   285 0001:000C84BF   286 0001:000C84CB   289 0001:000C84EB   290 0001:000C84EE
   292 0001:000C8519   295 0001:000C85A0   296 0001:000C85AC   297 0001:000C85BD
   302 0001:000C85C4   303 0001:000C85E9   304 0001:000C85F7   305 0001:000C860E
   306 0001:000C8627   308 0001:000C8653   309 0001:000C8656   311 0001:000C8681
   313 0001:000C8732

Line numbers for fTARNoteSelect(fTARNoteSelect.pas) segment .text

    56 0001:000C89FC    57 0001:000C8A1E    58 0001:000C8A2C    60 0001:000C8A41
    61 0001:000C8A54    64 0001:000C8A82    65 0001:000C8A85    67 0001:000C8AB0
    70 0001:000C8B30    71 0001:000C8B52    72 0001:000C8B60    74 0001:000C8B75
    75 0001:000C8B88    78 0001:000C8BB6    79 0001:000C8BB9    81 0001:000C8BE4
    84 0001:000C8C6C    85 0001:000C8C8E    86 0001:000C8C9C    88 0001:000C8CB1
    89 0001:000C8CC4    92 0001:000C8CF2    93 0001:000C8CF5    95 0001:000C8D20
   104 0001:000C8DA0   105 0001:000C8DC5   106 0001:000C8DD3   111 0001:000C8DEC
   117 0001:000C8E2E   118 0001:000C8E31   120 0001:000C8E5C   127 0001:000C8F08
   128 0001:000C8F30   129 0001:000C8F3E   130 0001:000C8F4F   132 0001:000C8F62
   134 0001:000C8F71   135 0001:000C8F8A   137 0001:000C8FA5   138 0001:000C8FBE
   139 0001:000C8FE6   138 0001:000C901F   141 0001:000C9024   142 0001:000C902A
   144 0001:000C904D   145 0001:000C9050   147 0001:000C907B   156 0001:000C9144
   157 0001:000C916A   158 0001:000C9178   159 0001:000C9189   162 0001:000C9191
   163 0001:000C91A6   166 0001:000C91B5   168 0001:000C91D8   169 0001:000C9219
   170 0001:000C9249   175 0001:000C9264   178 0001:000C927D   180 0001:000C9283
   181 0001:000C9293   185 0001:000C92A8   186 0001:000C92B8   189 0001:000C92CB
   190 0001:000C92D7   192 0001:000C92E9   195 0001:000C92F9   197 0001:000C9315
   198 0001:000C935E   199 0001:000C936E   200 0001:000C941B   195 0001:000C941E
   202 0001:000C9427   203 0001:000C942D   205 0001:000C9450   206 0001:000C9453
   208 0001:000C947E   221 0001:000C9534   222 0001:000C9593   223 0001:000C95A1
   234 0001:000C9634   235 0001:000C9643   237 0001:000C966F   239 0001:000C9675
   240 0001:000C96B7   243 0001:000C96E8   244 0001:000C9717   235 0001:000C971A
   246 0001:000C9723   247 0001:000C973F   249 0001:000C978B   252 0001:000C97AC
   253 0001:000C97AF   255 0001:000C97E0   258 0001:000C989C   259 0001:000C98BE
   260 0001:000C98CC   262 0001:000C98FA   263 0001:000C98FD   265 0001:000C9928
   267 0001:000C99CA

Line numbers for fTARNotification(fTARNotification.pas) segment .text

    87 0001:000C9DC4    88 0001:000C9DF1    89 0001:000C9DFF    91 0001:000C9E40
    92 0001:000C9E43    94 0001:000C9E6E    97 0001:000C9F14    98 0001:000C9F36
    99 0001:000C9F44   101 0001:000C9F52   102 0001:000C9F6C   104 0001:000C9F86
   106 0001:000C9FB3   107 0001:000C9FB6   109 0001:000C9FE1   112 0001:000CA064
   113 0001:000CA070   114 0001:000CA07B   193 0001:000CA080   194 0001:000CA0A7
   195 0001:000CA0B5   196 0001:000CA0BF   197 0001:000CA0CD   199 0001:000CA0F5
   201 0001:000CA11E   202 0001:000CA14D   203 0001:000CA183   204 0001:000CA194
   206 0001:000CA1CA   197 0001:000CA1CD   208 0001:000CA1D6   210 0001:000CA1F9
   211 0001:000CA1FC   213 0001:000CA227   216 0001:000CA2B0   217 0001:000CA2D2
   218 0001:000CA2E0   219 0001:000CA2EA   220 0001:000CA2F7   221 0001:000CA304
   223 0001:000CA327   224 0001:000CA32A   226 0001:000CA355   229 0001:000CA3D8
   230 0001:000CA3FA   231 0001:000CA408   232 0001:000CA41C   234 0001:000CA44C
   235 0001:000CA44F   237 0001:000CA47A   240 0001:000CA4F8   241 0001:000CA51A
   242 0001:000CA528   243 0001:000CA534   245 0001:000CA55C   246 0001:000CA55F
   250 0001:000CA58A   255 0001:000CA608   256 0001:000CA635   257 0001:000CA643
   258 0001:000CA647   259 0001:000CA65A   260 0001:000CA665   262 0001:000CA684
   263 0001:000CA687   265 0001:000CA6B2   278 0001:000CA744   279 0001:000CA76B
   280 0001:000CA779   281 0001:000CA783   282 0001:000CA794   285 0001:000CA7A2
   286 0001:000CA7B1   287 0001:000CA7C8   290 0001:000CA7E4   292 0001:000CA805
   293 0001:000CA814   294 0001:000CA830   297 0001:000CA847   298 0001:000CA87B
   299 0001:000CA898   300 0001:000CA8AB   301 0001:000CA8EF   303 0001:000CA908
   304 0001:000CA929   305 0001:000CA93A   306 0001:000CA94C   309 0001:000CA95C
   310 0001:000CA98E   311 0001:000CA9BD   312 0001:000CA9EC   318 0001:000CAA1B
   319 0001:000CAA6F   320 0001:000CAAAA   323 0001:000CAAFE   287 0001:000CAB01
   325 0001:000CAB0A   327 0001:000CAB14   328 0001:000CAB1A   330 0001:000CAB3D
   331 0001:000CAB40   333 0001:000CAB71   336 0001:000CAC60   337 0001:000CAC6D
   338 0001:000CAC7F   341 0001:000CAC84   342 0001:000CACA9   343 0001:000CACB7
   345 0001:000CACC1   347 0001:000CACD4   348 0001:000CACE5   351 0001:000CACF1
   353 0001:000CAD05   355 0001:000CAD2A   356 0001:000CAD2D   358 0001:000CAD58
   361 0001:000CADE0   362 0001:000CAE0B   363 0001:000CAE19   365 0001:000CAE29
   366 0001:000CAE35   368 0001:000CAE4D   369 0001:000CAE59   371 0001:000CAE9B
   372 0001:000CAEA7   375 0001:000CAEC7   376 0001:000CAECA   378 0001:000CAEF5
   381 0001:000CAF80   382 0001:000CAF8C   383 0001:000CAF9D   388 0001:000CAFA4
   389 0001:000CAFC9   390 0001:000CAFD7   391 0001:000CAFEE   392 0001:000CB007
   394 0001:000CB033   395 0001:000CB036   397 0001:000CB061   399 0001:000CB11A

Line numbers for TAR(C:\Vista\cprs\OR_3_306V29\TAR\TAR.dpr) segment .text

    33 0001:000CB0EC    34 0001:000CB105    35 0001:000CB119    41 0001:000CB13C
    42 0001:000CB15D    44 0001:000CB16B    45 0001:000CB16F    47 0001:000CB197
    48 0001:000CB1C8    50 0001:000CB1F9    51 0001:000CB1FD    53 0001:000CB1FF
    45 0001:000CB202    55 0001:000CB222    56 0001:000CB225    58 0001:000CB250
    65 0001:000CB2D4    66 0001:000CB2FE    67 0001:000CB30C    69 0001:000CB310
    71 0001:000CB31A    75 0001:000CB336    76 0001:000CB34C    79 0001:000CB356
    80 0001:000CB366    83 0001:000CB382    84 0001:000CB392    86 0001:000CB3A7
    88 0001:000CB3AF    89 0001:000CB3C6    93 0001:000CB3DF    94 0001:000CB3F6
    97 0001:000CB40B    98 0001:000CB420   101 0001:000CB442   103 0001:000CB44B
   104 0001:000CB45D   105 0001:000CB476   107 0001:000CB498   110 0001:000CB4A0
   111 0001:000CB4B0   113 0001:000CB4B6   115 0001:000CB4BA   117 0001:000CB4C2
   118 0001:000CB4CC   121 0001:000CB4FE   122 0001:000CB501   124 0001:000CB52C
   146 0001:000CB5C4   147 0001:000CB5EF   148 0001:000CB5FD   149 0001:000CB601
   150 0001:000CB624   152 0001:000CB650   154 0001:000CB694   156 0001:000CB6EA
   157 0001:000CB6EE   159 0001:000CB6F0   150 0001:000CB6F3   161 0001:000CB717
   162 0001:000CB71A   164 0001:000CB745   170 0001:000CB7DC   171 0001:000CB808
   174 0001:000CB816   175 0001:000CB830   176 0001:000CB842   178 0001:000CB852
   180 0001:000CB85C   181 0001:000CB878   184 0001:000CB88C   186 0001:000CB89A
   188 0001:000CB8A3   189 0001:000CB8B5   191 0001:000CB8BC   195 0001:000CB8E7
   196 0001:000CB8EA   200 0001:000CB922   201 0001:000CB92A   207 0001:000CB9A0
   208 0001:000CB9CC   211 0001:000CB9DA   213 0001:000CB9E4   214 0001:000CBA00
   217 0001:000CBA14   218 0001:000CBA22   220 0001:000CBA2B   221 0001:000CBA3D
   223 0001:000CBA44   226 0001:000CBA5C   229 0001:000CBA7F   230 0001:000CBA82
   234 0001:000CBABA   235 0001:000CBAC2   238 0001:000CBB34   239 0001:000CBB50
   240 0001:000CBB5E   241 0001:000CBB68   243 0001:000CBB74   244 0001:000CBB7E
   246 0001:000CBB8A   247 0001:000CBB94   250 0001:000CBBBB   251 0001:000CBBBE
   253 0001:000CBBE9   273 0001:000CBC54   274 0001:000CBC7E   275 0001:000CBC8C
   277 0001:000CBCA9   278 0001:000CBCCC   279 0001:000CBCF4   278 0001:000CBD22
   282 0001:000CBD42   283 0001:000CBD45   285 0001:000CBD70   292 0001:000CBE0C
   293 0001:000CBE43   295 0001:000CBE4B   296 0001:000CBE59   298 0001:000CBE63
   299 0001:000CBE7F   302 0001:000CBE93   303 0001:000CBEAA   304 0001:000CBEC1
   305 0001:000CBED8   308 0001:000CBEEC   310 0001:000CBF01   311 0001:000CBF06
   313 0001:000CBF0C   314 0001:000CBF1E   316 0001:000CBF24   317 0001:000CBF30
   311 0001:000CBF3D   321 0001:000CBF43   323 0001:000CBF5C   327 0001:000CBF6E
   328 0001:000CBF87   331 0001:000CBF96   332 0001:000CBFAE   333 0001:000CBFD1
   335 0001:000CBFED   338 0001:000CC002   341 0001:000CC08F   342 0001:000CC092
   344 0001:000CC0BD

Line numbers for TAR(C:\Vista\cprs\OR_3_306V29\TAR\TAR.dpr) segment .itext

   354 0002:00000C68   356 0002:00000C8E   357 0002:00000C9C   358 0002:00000CA6
   360 0002:00000CBC   361 0002:00000CC6   363 0002:00000CDC   364 0002:00000CE6
   367 0002:00000D1D   368 0002:00000D22   370 0002:00000D4F

Bound resource files

c:\program files\borland\bds\4.0\lib\Controls.res
c:\program files\borland\bds\4.0\lib\Buttons.res
D:\vcl\D2006\BDK32\Source\fDebugInfo.DFM
D:\vcl\D2006\BDK32\Source\Rpcberr.DFM
D:\vcl\D2006\BDK32\Source\fRPCBErrMsg.DFM
D:\vcl\D2006\BDK32\Source\SelDiv.DFM
c:\program files\borland\bds\4.0\lib\ExtDlgs.res
D:\vcl\D2006\BDK32\Source\frmSignonMessage.DFM
D:\vcl\D2006\BDK32\Source\fSgnonDlg.DFM
D:\vcl\D2006\BDK32\Source\AddServer.DFM
D:\vcl\D2006\BDK32\Source\RpcNet.DFM
D:\vcl\D2006\BDK32\Source\Rpcconf1.DFM
D:\vcl\D2006\BDK32\Source\VCEdit.DFM
D:\vcl\D2006\BDK32\Source\Sgnoncnf.DFM
D:\vcl\D2006\BDK32\Source\Loginfrm.DFM
c:\program files\borland\bds\4.0\lib\TEERESOU.RES
C:\Vista\cprs\OR_3_306V29\CPRS-Lib\ORCTRLS.RES
C:\Vista\cprs\OR_3_306V29\CPRS-Lib\OR2006Compatibility.dfm
C:\Vista\cprs\OR_3_306V29\CPRS-Lib\ORDtTm.DFM
C:\Vista\cprs\OR_3_306V29\CPRS-Lib\ORDtTm.RES
fTARProcess.dfm
fTARNoteSelect.dfm
fTARNotification.dfm
TAR.res
TAR.drf


Program entry point at 0002:00000C68
