
 Start         Length     Name                   Class
 0001:00401000 00020FD8H .text                   CODE
 0002:00422000 00000668H .itext                  ICODE
 0003:00423000 00000198H .data                   DATA
 0004:00424000 00000078H .bss                    BSS
 0005:00000000 00000000H .tls                    TLS
 0006:00400000 00000000H .pdata                  PDATA


Detailed map of segments

 0001:00000000 00000280 C=CODE     S=.text    G=(none)   M=System   ACBP=A9
 0001:00000280 000007D0 C=CODE     S=.text    G=(none)   M=SysInit  ACBP=A9
 0001:00000A50 00000018 C=CODE     S=.text    G=(none)   M=System.Types ACBP=A9
 0001:00000A68 0000017C C=CODE     S=.text    G=(none)   M=Winapi.Windows ACBP=A9
 0001:00000BE4 00000010 C=CODE     S=.text    G=(none)   M=System.Character ACBP=A9
 0001:00000BF4 00000008 C=CODE     S=.text    G=(none)   M=System.Internal.ExcUtils ACBP=A9
 0001:00000BFC 00000108 C=CODE     S=.text    G=(none)   M=System.SysUtils ACBP=A9
 0001:00000D04 00000008 C=CODE     S=.text    G=(none)   M=System.VarUtils ACBP=A9
 0001:00000D0C 00000020 C=CODE     S=.text    G=(none)   M=System.Variants ACBP=A9
 0001:00000D2C 00000008 C=CODE     S=.text    G=(none)   M=System.StrUtils ACBP=A9
 0001:00000D34 00000008 C=CODE     S=.text    G=(none)   M=System.AnsiStrings ACBP=A9
 0001:00000D3C 00000008 C=CODE     S=.text    G=(none)   M=System.Math ACBP=A9
 0001:00000D44 00000018 C=CODE     S=.text    G=(none)   M=System.Generics.Defaults ACBP=A9
 0001:00000D5C 000000B0 C=CODE     S=.text    G=(none)   M=System.Generics.Collections ACBP=A9
 0001:00000E0C 00000010 C=CODE     S=.text    G=(none)   M=System.Rtti ACBP=A9
 0001:00000E1C 00000020 C=CODE     S=.text    G=(none)   M=System.TypInfo ACBP=A9
 0001:00000E3C 000001F8 C=CODE     S=.text    G=(none)   M=System.Classes ACBP=A9
 0001:00001034 00000008 C=CODE     S=.text    G=(none)   M=System.Actions ACBP=A9
 0001:0000103C 00000008 C=CODE     S=.text    G=(none)   M=System.TimeSpan ACBP=A9
 0001:00001044 00000028 C=CODE     S=.text    G=(none)   M=System.DateUtils ACBP=A9
 0001:0000106C 00000008 C=CODE     S=.text    G=(none)   M=System.IOUtils ACBP=A9
 0001:00001074 00000008 C=CODE     S=.text    G=(none)   M=System.Win.Registry ACBP=A9
 0001:0000107C 00000048 C=CODE     S=.text    G=(none)   M=Vcl.Graphics ACBP=A9
 0001:000010C4 00000008 C=CODE     S=.text    G=(none)   M=System.SyncObjs ACBP=A9
 0001:000010CC 00000008 C=CODE     S=.text    G=(none)   M=Winapi.UxTheme ACBP=A9
 0001:000010D4 00000008 C=CODE     S=.text    G=(none)   M=Vcl.ActnList ACBP=A9
 0001:000010DC 00000020 C=CODE     S=.text    G=(none)   M=System.Win.ComObj ACBP=A9
 0001:000010FC 00000068 C=CODE     S=.text    G=(none)   M=Winapi.MsCTF ACBP=A9
 0001:00001164 00000008 C=CODE     S=.text    G=(none)   M=Vcl.GraphUtil ACBP=A9
 0001:0000116C 00000008 C=CODE     S=.text    G=(none)   M=Winapi.ShellAPI ACBP=A9
 0001:00001174 00000260 C=CODE     S=.text    G=(none)   M=Vcl.Controls ACBP=A9
 0001:000013D4 000000A8 C=CODE     S=.text    G=(none)   M=Vcl.StdCtrls ACBP=A9
 0001:0000147C 00000008 C=CODE     S=.text    G=(none)   M=Vcl.Printers ACBP=A9
 0001:00001484 00000008 C=CODE     S=.text    G=(none)   M=Vcl.Clipbrd ACBP=A9
 0001:0000148C 00000330 C=CODE     S=.text    G=(none)   M=Vcl.ComCtrls ACBP=A9
 0001:000017BC 00000008 C=CODE     S=.text    G=(none)   M=System.HelpIntfs ACBP=A9
 0001:000017C4 00000010 C=CODE     S=.text    G=(none)   M=Vcl.Dialogs ACBP=A9
 0001:000017D4 00000048 C=CODE     S=.text    G=(none)   M=Vcl.ExtCtrls ACBP=A9
 0001:0000181C 000000B0 C=CODE     S=.text    G=(none)   M=Vcl.Themes ACBP=A9
 0001:000018CC 00000050 C=CODE     S=.text    G=(none)   M=Vcl.Menus ACBP=A9
 0001:0000191C 00000008 C=CODE     S=.text    G=(none)   M=Winapi.FlatSB ACBP=A9
 0001:00001924 00000200 C=CODE     S=.text    G=(none)   M=Vcl.Forms ACBP=A9
 0001:00001B24 00000008 C=CODE     S=.text    G=(none)   M=Vcl.Imaging.pngimage ACBP=A9
 0001:00001B2C 00000008 C=CODE     S=.text    G=(none)   M=JclBase  ACBP=A9
 0001:00001B34 00000008 C=CODE     S=.text    G=(none)   M=JclMath  ACBP=A9
 0001:00001B3C 00000008 C=CODE     S=.text    G=(none)   M=JclAnsiStrings ACBP=A9
 0001:00001B44 00000008 C=CODE     S=.text    G=(none)   M=Snmp     ACBP=A9
 0001:00001B4C 00000008 C=CODE     S=.text    G=(none)   M=JclShell ACBP=A9
 0001:00001B54 00000008 C=CODE     S=.text    G=(none)   M=JclSysInfo ACBP=A9
 0001:00001B5C 00000008 C=CODE     S=.text    G=(none)   M=JclUnicode ACBP=A9
 0001:00001B64 00000008 C=CODE     S=.text    G=(none)   M=JclStrings ACBP=A9
 0001:00001B6C 00000008 C=CODE     S=.text    G=(none)   M=JclRegistry ACBP=A9
 0001:00001B74 00000008 C=CODE     S=.text    G=(none)   M=JclSysUtils ACBP=A9
 0001:00001B7C 00000010 C=CODE     S=.text    G=(none)   M=JclFileUtils ACBP=A9
 0001:00001B8C 00000008 C=CODE     S=.text    G=(none)   M=JvTypes  ACBP=A9
 0001:00001B94 00000010 C=CODE     S=.text    G=(none)   M=Vcl.Buttons ACBP=A9
 0001:00001BA4 00000040 C=CODE     S=.text    G=(none)   M=Vcl.Grids ACBP=A9
 0001:00001BE4 00000008 C=CODE     S=.text    G=(none)   M=JclRTTI  ACBP=A9
 0001:00001BEC 00000008 C=CODE     S=.text    G=(none)   M=JclSimpleXml ACBP=A9
 0001:00001BF4 00000008 C=CODE     S=.text    G=(none)   M=JvAppStorage ACBP=A9
 0001:00001BFC 00000008 C=CODE     S=.text    G=(none)   M=Vcl.Imaging.jpeg ACBP=A9
 0001:00001C04 00000008 C=CODE     S=.text    G=(none)   M=JvJVCLUtils ACBP=A9
 0001:00001C0C 00000AB4 C=CODE     S=.text    G=(none)   M=frmAbout ACBP=A9
 0001:000026C0 000004D4 C=CODE     S=.text    G=(none)   M=frmSplash ACBP=A9
 0001:00002B94 00000008 C=CODE     S=.text    G=(none)   M=Winapi.msxml ACBP=A9
 0001:00002B9C 00000008 C=CODE     S=.text    G=(none)   M=Sgnoncnf ACBP=A9
 0001:00002BA4 00000008 C=CODE     S=.text    G=(none)   M=SelDiv   ACBP=A9
 0001:00002BAC 00000008 C=CODE     S=.text    G=(none)   M=RpcNet   ACBP=A9
 0001:00002BB4 00000008 C=CODE     S=.text    G=(none)   M=Rpcconf1 ACBP=A9
 0001:00002BBC 00000008 C=CODE     S=.text    G=(none)   M=Trpcb    ACBP=A9
 0001:00002BC4 00000184 C=CODE     S=.text    G=(none)   M=CPRSChart_TLB ACBP=A9
 0001:00002D48 00000008 C=CODE     S=.text    G=(none)   M=Vcl.OleServer ACBP=A9
 0001:00002D50 000003D8 C=CODE     S=.text    G=(none)   M=DDCSFormBuilder_TLB ACBP=A9
 0001:00003128 00000018 C=CODE     S=.text    G=(none)   M=Vcl.CheckLst ACBP=A9
 0001:00003140 00000010 C=CODE     S=.text    G=(none)   M=VAUtils  ACBP=A9
 0001:00003150 00000040 C=CODE     S=.text    G=(none)   M=ORCtrls  ACBP=A9
 0001:00003190 00000008 C=CODE     S=.text    G=(none)   M=VCLTee.TeeHtml ACBP=A9
 0001:00003198 00000008 C=CODE     S=.text    G=(none)   M=VCLTee.TeeConst ACBP=A9
 0001:000031A0 00000008 C=CODE     S=.text    G=(none)   M=VCLTee.TeCanvas ACBP=A9
 0001:000031A8 00000008 C=CODE     S=.text    G=(none)   M=VCLTee.TeeFilters ACBP=A9
 0001:000031B0 00000008 C=CODE     S=.text    G=(none)   M=VCLTee.TeeProcs ACBP=A9
 0001:000031B8 00000008 C=CODE     S=.text    G=(none)   M=VCLTee.TeEngine ACBP=A9
 0001:000031C0 00000008 C=CODE     S=.text    G=(none)   M=VCLTee.Chart ACBP=A9
 0001:000031C8 00000028 C=CODE     S=.text    G=(none)   M=ORFn     ACBP=A9
 0001:000031F0 00000008 C=CODE     S=.text    G=(none)   M=ORNet    ACBP=A9
 0001:000031F8 00002230 C=CODE     S=.text    G=(none)   M=DDCSComBroker ACBP=A9
 0001:00005428 00000010 C=CODE     S=.text    G=(none)   M=Vcl.Samples.Spin ACBP=A9
 0001:00005438 00000010 C=CODE     S=.text    G=(none)   M=Vcl.CategoryButtons ACBP=A9
 0001:00005448 00000008 C=CODE     S=.text    G=(none)   M=Vcl.ButtonGroup ACBP=A9
 0001:00005450 00000008 C=CODE     S=.text    G=(none)   M=Vcl.SysStyles ACBP=A9
 0001:00005458 00000010 C=CODE     S=.text    G=(none)   M=Vcl.Styles ACBP=A9
 0001:00005468 00000288 C=CODE     S=.text    G=(none)   M=FSAPILib_TLB ACBP=A9
 0001:000056F0 00000010 C=CODE     S=.text    G=(none)   M=System.ConvUtils ACBP=A9
 0001:00005700 00000008 C=CODE     S=.text    G=(none)   M=System.StdConvs ACBP=A9
 0001:00005708 00000020 C=CODE     S=.text    G=(none)   M=ORDtTm   ACBP=A9
 0001:00005728 00000598 C=CODE     S=.text    G=(none)   M=DDCSUtils ACBP=A9
 0001:00005CC0 00000868 C=CODE     S=.text    G=(none)   M=uCommon  ACBP=A9
 0001:00006528 0000BB58 C=CODE     S=.text    G=(none)   M=frmVitals ACBP=A9
 0001:00012080 0000433C C=CODE     S=.text    G=(none)   M=uReportItems ACBP=A9
 0001:000163BC 000006D8 C=CODE     S=.text    G=(none)   M=frmReview ACBP=A9
 0001:00016A94 0000677C C=CODE     S=.text    G=(none)   M=uBase    ACBP=A9
 0001:0001D210 00002AC8 C=CODE     S=.text    G=(none)   M=frmConfiguration ACBP=A9
 0001:0001FCD8 00000008 C=CODE     S=.text    G=(none)   M=DesignIntf ACBP=A9
 0001:0001FCE0 00000008 C=CODE     S=.text    G=(none)   M=IDEMessages ACBP=A9
 0001:0001FCE8 00000008 C=CODE     S=.text    G=(none)   M=Vcl.CaptionedDockTree ACBP=A9
 0001:0001FCF0 00000008 C=CODE     S=.text    G=(none)   M=Vcl.DockTabSet ACBP=A9
 0001:0001FCF8 00000008 C=CODE     S=.text    G=(none)   M=PercentageDockTree ACBP=A9
 0001:0001FD00 00000008 C=CODE     S=.text    G=(none)   M=BrandingAPI ACBP=A9
 0001:0001FD08 00000008 C=CODE     S=.text    G=(none)   M=Vcl.ExtDlgs ACBP=A9
 0001:0001FD10 00000008 C=CODE     S=.text    G=(none)   M=Winapi.Mapi ACBP=A9
 0001:0001FD18 00000008 C=CODE     S=.text    G=(none)   M=Vcl.ExtActns ACBP=A9
 0001:0001FD20 00000008 C=CODE     S=.text    G=(none)   M=Vcl.ActnMenus ACBP=A9
 0001:0001FD28 00000008 C=CODE     S=.text    G=(none)   M=Vcl.ActnMan ACBP=A9
 0001:0001FD30 00000008 C=CODE     S=.text    G=(none)   M=Vcl.PlatformDefaultStyleActnCtrls ACBP=A9
 0001:0001FD38 00000008 C=CODE     S=.text    G=(none)   M=BaseDock ACBP=A9
 0001:0001FD40 00000008 C=CODE     S=.text    G=(none)   M=DeskUtil ACBP=A9
 0001:0001FD48 00000008 C=CODE     S=.text    G=(none)   M=DeskForm ACBP=A9
 0001:0001FD50 00000008 C=CODE     S=.text    G=(none)   M=DockForm ACBP=A9
 0001:0001FD58 00000010 C=CODE     S=.text    G=(none)   M=Xml.Win.msxmldom ACBP=A9
 0001:0001FD68 00000008 C=CODE     S=.text    G=(none)   M=Xml.xmldom ACBP=A9
 0001:0001FD70 00000008 C=CODE     S=.text    G=(none)   M=ToolsAPI ACBP=A9
 0001:0001FD78 00000008 C=CODE     S=.text    G=(none)   M=Proxies  ACBP=A9
 0001:0001FD80 00000048 C=CODE     S=.text    G=(none)   M=DesignEditors ACBP=A9
 0001:0001FDC8 00000008 C=CODE     S=.text    G=(none)   M=Vcl.AppEvnts ACBP=A9
 0001:0001FDD0 00000008 C=CODE     S=.text    G=(none)   M=System.Devices ACBP=A9
 0001:0001FDD8 00000008 C=CODE     S=.text    G=(none)   M=Vcl.AxCtrls ACBP=A9
 0001:0001FDE0 00000008 C=CODE     S=.text    G=(none)   M=TopLevels ACBP=A9
 0001:0001FDE8 00000008 C=CODE     S=.text    G=(none)   M=StFilSys ACBP=A9
 0001:0001FDF0 00000008 C=CODE     S=.text    G=(none)   M=IDEHelp  ACBP=A9
 0001:0001FDF8 00000008 C=CODE     S=.text    G=(none)   M=ComponentDesigner ACBP=A9
 0001:0001FE00 00000010 C=CODE     S=.text    G=(none)   M=TreeIntf ACBP=A9
 0001:0001FE10 0000040C C=CODE     S=.text    G=(none)   M=dBaseEditor ACBP=A9
 0001:0002021C 00000DBC C=CODE     S=.text    G=(none)   M=.DDCSFramework ACBP=A9
 0002:00000000 00000008 C=ICODE    S=.itext   G=(none)   M=System   ACBP=A9
 0002:00000008 00000008 C=ICODE    S=.itext   G=(none)   M=SysInit  ACBP=A9
 0002:00000010 00000018 C=ICODE    S=.itext   G=(none)   M=Winapi.Windows ACBP=A9
 0002:00000028 00000008 C=ICODE    S=.itext   G=(none)   M=System.Character ACBP=A9
 0002:00000030 00000008 C=ICODE    S=.itext   G=(none)   M=System.Internal.ExcUtils ACBP=A9
 0002:00000038 00000028 C=ICODE    S=.itext   G=(none)   M=System.SysUtils ACBP=A9
 0002:00000060 00000008 C=ICODE    S=.itext   G=(none)   M=System.VarUtils ACBP=A9
 0002:00000068 00000008 C=ICODE    S=.itext   G=(none)   M=System.Variants ACBP=A9
 0002:00000070 00000008 C=ICODE    S=.itext   G=(none)   M=System.AnsiStrings ACBP=A9
 0002:00000078 00000008 C=ICODE    S=.itext   G=(none)   M=System.Math ACBP=A9
 0002:00000080 00000010 C=ICODE    S=.itext   G=(none)   M=System.Generics.Defaults ACBP=A9
 0002:00000090 00000010 C=ICODE    S=.itext   G=(none)   M=System.Rtti ACBP=A9
 0002:000000A0 00000008 C=ICODE    S=.itext   G=(none)   M=System.TypInfo ACBP=A9
 0002:000000A8 00000038 C=ICODE    S=.itext   G=(none)   M=System.Classes ACBP=A9
 0002:000000E0 00000008 C=ICODE    S=.itext   G=(none)   M=System.Actions ACBP=A9
 0002:000000E8 00000008 C=ICODE    S=.itext   G=(none)   M=System.TimeSpan ACBP=A9
 0002:000000F0 00000010 C=ICODE    S=.itext   G=(none)   M=System.DateUtils ACBP=A9
 0002:00000100 00000008 C=ICODE    S=.itext   G=(none)   M=System.IOUtils ACBP=A9
 0002:00000108 00000008 C=ICODE    S=.itext   G=(none)   M=System.Win.Registry ACBP=A9
 0002:00000110 00000010 C=ICODE    S=.itext   G=(none)   M=Vcl.Graphics ACBP=A9
 0002:00000120 00000008 C=ICODE    S=.itext   G=(none)   M=System.SyncObjs ACBP=A9
 0002:00000128 00000008 C=ICODE    S=.itext   G=(none)   M=Winapi.UxTheme ACBP=A9
 0002:00000130 00000008 C=ICODE    S=.itext   G=(none)   M=Vcl.ActnList ACBP=A9
 0002:00000138 00000010 C=ICODE    S=.itext   G=(none)   M=System.Win.ComObj ACBP=A9
 0002:00000148 00000010 C=ICODE    S=.itext   G=(none)   M=Winapi.MsCTF ACBP=A9
 0002:00000158 00000008 C=ICODE    S=.itext   G=(none)   M=Vcl.GraphUtil ACBP=A9
 0002:00000160 00000008 C=ICODE    S=.itext   G=(none)   M=Vcl.Controls ACBP=A9
 0002:00000168 00000090 C=ICODE    S=.itext   G=(none)   M=Vcl.StdCtrls ACBP=A9
 0002:000001F8 00000008 C=ICODE    S=.itext   G=(none)   M=Vcl.Printers ACBP=A9
 0002:00000200 00000008 C=ICODE    S=.itext   G=(none)   M=Vcl.Clipbrd ACBP=A9
 0002:00000208 000000C8 C=ICODE    S=.itext   G=(none)   M=Vcl.ComCtrls ACBP=A9
 0002:000002D0 00000008 C=ICODE    S=.itext   G=(none)   M=System.HelpIntfs ACBP=A9
 0002:000002D8 00000008 C=ICODE    S=.itext   G=(none)   M=Vcl.Dialogs ACBP=A9
 0002:000002E0 00000028 C=ICODE    S=.itext   G=(none)   M=Vcl.ExtCtrls ACBP=A9
 0002:00000308 00000010 C=ICODE    S=.itext   G=(none)   M=Vcl.Themes ACBP=A9
 0002:00000318 00000008 C=ICODE    S=.itext   G=(none)   M=Vcl.Menus ACBP=A9
 0002:00000320 00000008 C=ICODE    S=.itext   G=(none)   M=Winapi.FlatSB ACBP=A9
 0002:00000328 00000020 C=ICODE    S=.itext   G=(none)   M=Vcl.Forms ACBP=A9
 0002:00000348 00000008 C=ICODE    S=.itext   G=(none)   M=Vcl.Imaging.pngimage ACBP=A9
 0002:00000350 00000008 C=ICODE    S=.itext   G=(none)   M=JclBase  ACBP=A9
 0002:00000358 00000008 C=ICODE    S=.itext   G=(none)   M=JclMath  ACBP=A9
 0002:00000360 00000008 C=ICODE    S=.itext   G=(none)   M=JclAnsiStrings ACBP=A9
 0002:00000368 00000008 C=ICODE    S=.itext   G=(none)   M=Snmp     ACBP=A9
 0002:00000370 00000008 C=ICODE    S=.itext   G=(none)   M=JclShell ACBP=A9
 0002:00000378 00000008 C=ICODE    S=.itext   G=(none)   M=JclSysInfo ACBP=A9
 0002:00000380 00000008 C=ICODE    S=.itext   G=(none)   M=JclUnicode ACBP=A9
 0002:00000388 00000008 C=ICODE    S=.itext   G=(none)   M=JclStrings ACBP=A9
 0002:00000390 00000008 C=ICODE    S=.itext   G=(none)   M=JclRegistry ACBP=A9
 0002:00000398 00000008 C=ICODE    S=.itext   G=(none)   M=JclSysUtils ACBP=A9
 0002:000003A0 00000008 C=ICODE    S=.itext   G=(none)   M=JvTypes  ACBP=A9
 0002:000003A8 00000010 C=ICODE    S=.itext   G=(none)   M=Vcl.Buttons ACBP=A9
 0002:000003B8 00000020 C=ICODE    S=.itext   G=(none)   M=Vcl.Grids ACBP=A9
 0002:000003D8 00000008 C=ICODE    S=.itext   G=(none)   M=JclRTTI  ACBP=A9
 0002:000003E0 00000008 C=ICODE    S=.itext   G=(none)   M=JclSimpleXml ACBP=A9
 0002:000003E8 00000008 C=ICODE    S=.itext   G=(none)   M=JvAppStorage ACBP=A9
 0002:000003F0 00000008 C=ICODE    S=.itext   G=(none)   M=Vcl.Imaging.jpeg ACBP=A9
 0002:000003F8 00000008 C=ICODE    S=.itext   G=(none)   M=JvJVCLUtils ACBP=A9
 0002:00000400 00000008 C=ICODE    S=.itext   G=(none)   M=frmAbout ACBP=A9
 0002:00000408 00000008 C=ICODE    S=.itext   G=(none)   M=frmSplash ACBP=A9
 0002:00000410 00000008 C=ICODE    S=.itext   G=(none)   M=Sgnoncnf ACBP=A9
 0002:00000418 00000008 C=ICODE    S=.itext   G=(none)   M=SelDiv   ACBP=A9
 0002:00000420 00000008 C=ICODE    S=.itext   G=(none)   M=RpcNet   ACBP=A9
 0002:00000428 00000008 C=ICODE    S=.itext   G=(none)   M=Rpcconf1 ACBP=A9
 0002:00000430 00000008 C=ICODE    S=.itext   G=(none)   M=Trpcb    ACBP=A9
 0002:00000438 00000008 C=ICODE    S=.itext   G=(none)   M=CPRSChart_TLB ACBP=A9
 0002:00000440 00000008 C=ICODE    S=.itext   G=(none)   M=Vcl.OleServer ACBP=A9
 0002:00000448 00000008 C=ICODE    S=.itext   G=(none)   M=DDCSFormBuilder_TLB ACBP=A9
 0002:00000450 00000008 C=ICODE    S=.itext   G=(none)   M=Vcl.CheckLst ACBP=A9
 0002:00000458 00000008 C=ICODE    S=.itext   G=(none)   M=VAUtils  ACBP=A9
 0002:00000460 00000008 C=ICODE    S=.itext   G=(none)   M=ORCtrls  ACBP=A9
 0002:00000468 00000008 C=ICODE    S=.itext   G=(none)   M=VCLTee.TeeHtml ACBP=A9
 0002:00000470 00000008 C=ICODE    S=.itext   G=(none)   M=VCLTee.TeeConst ACBP=A9
 0002:00000478 00000008 C=ICODE    S=.itext   G=(none)   M=VCLTee.TeCanvas ACBP=A9
 0002:00000480 00000008 C=ICODE    S=.itext   G=(none)   M=VCLTee.TeeFilters ACBP=A9
 0002:00000488 00000008 C=ICODE    S=.itext   G=(none)   M=VCLTee.TeeProcs ACBP=A9
 0002:00000490 00000008 C=ICODE    S=.itext   G=(none)   M=VCLTee.TeEngine ACBP=A9
 0002:00000498 00000008 C=ICODE    S=.itext   G=(none)   M=VCLTee.Chart ACBP=A9
 0002:000004A0 00000008 C=ICODE    S=.itext   G=(none)   M=ORFn     ACBP=A9
 0002:000004A8 00000008 C=ICODE    S=.itext   G=(none)   M=ORNet    ACBP=A9
 0002:000004B0 00000008 C=ICODE    S=.itext   G=(none)   M=DDCSComBroker ACBP=A9
 0002:000004B8 00000010 C=ICODE    S=.itext   G=(none)   M=Vcl.CategoryButtons ACBP=A9
 0002:000004C8 00000008 C=ICODE    S=.itext   G=(none)   M=Vcl.ButtonGroup ACBP=A9
 0002:000004D0 00000008 C=ICODE    S=.itext   G=(none)   M=Vcl.SysStyles ACBP=A9
 0002:000004D8 00000010 C=ICODE    S=.itext   G=(none)   M=Vcl.Styles ACBP=A9
 0002:000004E8 00000008 C=ICODE    S=.itext   G=(none)   M=FSAPILib_TLB ACBP=A9
 0002:000004F0 00000008 C=ICODE    S=.itext   G=(none)   M=System.ConvUtils ACBP=A9
 0002:000004F8 00000008 C=ICODE    S=.itext   G=(none)   M=System.StdConvs ACBP=A9
 0002:00000500 00000008 C=ICODE    S=.itext   G=(none)   M=ORDtTm   ACBP=A9
 0002:00000508 00000008 C=ICODE    S=.itext   G=(none)   M=DDCSUtils ACBP=A9
 0002:00000510 00000008 C=ICODE    S=.itext   G=(none)   M=uCommon  ACBP=A9
 0002:00000518 00000008 C=ICODE    S=.itext   G=(none)   M=frmVitals ACBP=A9
 0002:00000520 00000008 C=ICODE    S=.itext   G=(none)   M=uReportItems ACBP=A9
 0002:00000528 00000008 C=ICODE    S=.itext   G=(none)   M=frmReview ACBP=A9
 0002:00000530 00000038 C=ICODE    S=.itext   G=(none)   M=uBase    ACBP=A9
 0002:00000568 00000008 C=ICODE    S=.itext   G=(none)   M=frmConfiguration ACBP=A9
 0002:00000570 00000008 C=ICODE    S=.itext   G=(none)   M=IDEMessages ACBP=A9
 0002:00000578 00000008 C=ICODE    S=.itext   G=(none)   M=Vcl.CaptionedDockTree ACBP=A9
 0002:00000580 00000008 C=ICODE    S=.itext   G=(none)   M=Vcl.DockTabSet ACBP=A9
 0002:00000588 00000008 C=ICODE    S=.itext   G=(none)   M=PercentageDockTree ACBP=A9
 0002:00000590 00000008 C=ICODE    S=.itext   G=(none)   M=BrandingAPI ACBP=A9
 0002:00000598 00000008 C=ICODE    S=.itext   G=(none)   M=Vcl.ExtDlgs ACBP=A9
 0002:000005A0 00000008 C=ICODE    S=.itext   G=(none)   M=Winapi.Mapi ACBP=A9
 0002:000005A8 00000008 C=ICODE    S=.itext   G=(none)   M=Vcl.ExtActns ACBP=A9
 0002:000005B0 00000008 C=ICODE    S=.itext   G=(none)   M=Vcl.ActnMenus ACBP=A9
 0002:000005B8 00000008 C=ICODE    S=.itext   G=(none)   M=Vcl.ActnMan ACBP=A9
 0002:000005C0 00000008 C=ICODE    S=.itext   G=(none)   M=Vcl.PlatformDefaultStyleActnCtrls ACBP=A9
 0002:000005C8 00000008 C=ICODE    S=.itext   G=(none)   M=BaseDock ACBP=A9
 0002:000005D0 00000008 C=ICODE    S=.itext   G=(none)   M=DeskUtil ACBP=A9
 0002:000005D8 00000008 C=ICODE    S=.itext   G=(none)   M=DeskForm ACBP=A9
 0002:000005E0 00000008 C=ICODE    S=.itext   G=(none)   M=DockForm ACBP=A9
 0002:000005E8 00000010 C=ICODE    S=.itext   G=(none)   M=Xml.Win.msxmldom ACBP=A9
 0002:000005F8 00000008 C=ICODE    S=.itext   G=(none)   M=Xml.xmldom ACBP=A9
 0002:00000600 00000008 C=ICODE    S=.itext   G=(none)   M=ToolsAPI ACBP=A9
 0002:00000608 00000008 C=ICODE    S=.itext   G=(none)   M=Proxies  ACBP=A9
 0002:00000610 00000008 C=ICODE    S=.itext   G=(none)   M=DesignEditors ACBP=A9
 0002:00000618 00000008 C=ICODE    S=.itext   G=(none)   M=Vcl.AppEvnts ACBP=A9
 0002:00000620 00000008 C=ICODE    S=.itext   G=(none)   M=System.Devices ACBP=A9
 0002:00000628 00000008 C=ICODE    S=.itext   G=(none)   M=Vcl.AxCtrls ACBP=A9
 0002:00000630 00000008 C=ICODE    S=.itext   G=(none)   M=TopLevels ACBP=A9
 0002:00000638 00000008 C=ICODE    S=.itext   G=(none)   M=StFilSys ACBP=A9
 0002:00000640 00000008 C=ICODE    S=.itext   G=(none)   M=IDEHelp  ACBP=A9
 0002:00000648 00000008 C=ICODE    S=.itext   G=(none)   M=ComponentDesigner ACBP=A9
 0002:00000650 00000008 C=ICODE    S=.itext   G=(none)   M=TreeIntf ACBP=A9
 0002:00000658 00000008 C=ICODE    S=.itext   G=(none)   M=dBaseEditor ACBP=A9
 0002:00000660 00000008 C=ICODE    S=.itext   G=(none)   M=.DDCSFramework ACBP=A9
 0003:00000000 00000088 C=DATA     S=.data    G=DGROUP   M=SysInit  ACBP=A9
 0003:00000088 0000000C C=DATA     S=.data    G=DGROUP   M=Winapi.Windows ACBP=A9
 0003:00000094 00000004 C=DATA     S=.data    G=DGROUP   M=Winapi.MsCTF ACBP=A9
 0003:00000098 00000040 C=DATA     S=.data    G=DGROUP   M=CPRSChart_TLB ACBP=A9
 0003:000000D8 00000050 C=DATA     S=.data    G=DGROUP   M=DDCSFormBuilder_TLB ACBP=A9
 0003:00000128 00000004 C=DATA     S=.data    G=DGROUP   M=DDCSComBroker ACBP=A9
 0003:0000012C 00000030 C=DATA     S=.data    G=DGROUP   M=FSAPILib_TLB ACBP=A9
 0004:00000000 00000020 C=BSS      S=.bss     G=DGROUP   M=SysInit  ACBP=A9
 0004:00000020 00000008 C=BSS      S=.bss     G=DGROUP   M=Winapi.Windows ACBP=A9
 0004:00000028 00000004 C=BSS      S=.bss     G=DGROUP   M=Winapi.MsCTF ACBP=A9
 0004:0000002C 00000008 C=BSS      S=.bss     G=DGROUP   M=frmAbout ACBP=A9
 0004:00000034 00000008 C=BSS      S=.bss     G=DGROUP   M=frmSplash ACBP=A9
 0004:0000003C 00000004 C=BSS      S=.bss     G=DGROUP   M=CPRSChart_TLB ACBP=A9
 0004:00000040 00000004 C=BSS      S=.bss     G=DGROUP   M=DDCSFormBuilder_TLB ACBP=A9
 0004:00000044 00000008 C=BSS      S=.bss     G=DGROUP   M=DDCSComBroker ACBP=A9
 0004:0000004C 00000004 C=BSS      S=.bss     G=DGROUP   M=FSAPILib_TLB ACBP=A9
 0004:00000050 00000004 C=BSS      S=.bss     G=DGROUP   M=DDCSUtils ACBP=A9
 0004:00000054 00000004 C=BSS      S=.bss     G=DGROUP   M=uCommon  ACBP=A9
 0004:00000058 00000004 C=BSS      S=.bss     G=DGROUP   M=frmVitals ACBP=A9
 0004:0000005C 00000004 C=BSS      S=.bss     G=DGROUP   M=uReportItems ACBP=A9
 0004:00000060 00000008 C=BSS      S=.bss     G=DGROUP   M=frmReview ACBP=A9
 0004:00000068 00000004 C=BSS      S=.bss     G=DGROUP   M=uBase    ACBP=A9
 0004:0000006C 00000008 C=BSS      S=.bss     G=DGROUP   M=frmConfiguration ACBP=A9
 0004:00000074 00000004 C=BSS      S=.bss     G=DGROUP   M=dBaseEditor ACBP=A9


  Address             Publics by Name

 0002:00000660       .DDCSFramework..DDCSFramework
 0001:00020FB8       .DDCSFramework.@GetPackageInfoTable
 0001:00020FC0       .DDCSFramework.@PackageLoad
 0001:00020FCC       .DDCSFramework.@PackageUnload
 0002:000005C8       BaseDock.BaseDock
 0001:0001FD38       BaseDock.Finalization
 0002:00000590       BrandingAPI.BrandingAPI
 0001:0001FD00       BrandingAPI.Finalization
 0002:00000648       ComponentDesigner.ComponentDesigner
 0001:0001FDF8       ComponentDesigner.Finalization
 0004:0000003C       CPRSChart_TLB..1
 0002:00000438       CPRSChart_TLB.CPRSChart_TLB
 0001:00002D40       CPRSChart_TLB.Finalization
 0003:000000A8       CPRSChart_TLB.IID_ICPRSBroker
 0003:000000C8       CPRSChart_TLB.IID_ICPRSExtension
 0003:000000B8       CPRSChart_TLB.IID_ICPRSState
 0003:00000098       CPRSChart_TLB.LIBID_CPRSChart
 0004:00000074       dBaseEditor..2
 0001:0001FE10       dBaseEditor..TDDCSPageEditor
 0002:00000658       dBaseEditor.dBaseEditor
 0001:00020214       dBaseEditor.Finalization
 0001:0001FF90       dBaseEditor.Register
 0001:00020014       dBaseEditor.TDDCSPageEditor.ExecuteVerb
 0001:0001FFD4       dBaseEditor.TDDCSPageEditor.GetPageControl
 0001:00020124       dBaseEditor.TDDCSPageEditor.GetVerb
 0001:0002020C       dBaseEditor.TDDCSPageEditor.GetVerbCount
 0004:00000048       DDCSComBroker..5
 0001:00003798       DDCSComBroker..TCPRSComBroker
 0001:000035E8       DDCSComBroker..TVistANote
 0001:000033B0       DDCSComBroker..TVistAPatient
 0001:000031F8       DDCSComBroker..TVistAUser
 0001:0000403C       DDCSComBroker.AuthorizedOption
 0003:00000128       DDCSComBroker.BoolChar
 0001:00003D44       DDCSComBroker.BrokerRepeat
 0001:00003DFC       DDCSComBroker.CallMe
 0001:00003CBC       DDCSComBroker.CallV
 0002:000004B0       DDCSComBroker.DDCSComBroker
 0001:00005420       DDCSComBroker.Finalization
 0001:00004020       DDCSComBroker.IsConnected
 0004:00000044       DDCSComBroker.RPCBrokerV
 0001:00003F3C       DDCSComBroker.sCallV
 0001:00004934       DDCSComBroker.SetList
 0001:00003E3C       DDCSComBroker.tCallV
 0001:00004FF0       DDCSComBroker.TCPRSComBroker.BrokerCall
 0001:000052D4       DDCSComBroker.TCPRSComBroker.Create
 0001:00005210       DDCSComBroker.TCPRSComBroker.Create
 0001:000053D4       DDCSComBroker.TCPRSComBroker.Destroy
 0001:00005200       DDCSComBroker.TCPRSComBroker.GetConnected
 0001:00005184       DDCSComBroker.TCPRSComBroker.GetResults
 0001:000048D0       DDCSComBroker.TCPRSComBroker.SetClearParameters
 0001:000048EC       DDCSComBroker.TCPRSComBroker.SetClearResults
 0001:00004908       DDCSComBroker.TCPRSComBroker.SetComBroker
 0001:00004A10       DDCSComBroker.TCPRSComBroker.SetParams
 0001:000045E8       DDCSComBroker.TVistANote.ParseTIUXML
 0001:00004314       DDCSComBroker.TVistAPatient.Create
 0001:00004390       DDCSComBroker.TVistAPatient.Destroy
 0001:000043BC       DDCSComBroker.TVistAPatient.GetDFN
 0001:0000449C       DDCSComBroker.TVistAPatient.GetDOB
 0001:00004564       DDCSComBroker.TVistAPatient.GetLocationIEN
 0001:00004584       DDCSComBroker.TVistAPatient.GetLocationName
 0001:00004438       DDCSComBroker.TVistAPatient.GetName
 0001:00004500       DDCSComBroker.TVistAPatient.GetSSN
 0001:00004128       DDCSComBroker.TVistAUser.Create
 0001:000041A4       DDCSComBroker.TVistAUser.Destroy
 0001:000041D0       DDCSComBroker.TVistAUser.GetDUZ
 0001:0000424C       DDCSComBroker.TVistAUser.GetName
 0001:000042B0       DDCSComBroker.TVistAUser.GetStationID
 0001:000040DC       DDCSComBroker.UpdateContext
 0004:00000040       DDCSFormBuilder_TLB..2
 0001:00002EFC       DDCSFormBuilder_TLB..CoDDCSCPRSDefault
 0003:00000118       DDCSFormBuilder_TLB.CLASS_DDCSCPRSDefault
 0001:0000303C       DDCSFormBuilder_TLB.CoDDCSCPRSDefault.Create
 0001:000030A0       DDCSFormBuilder_TLB.CoDDCSCPRSDefault.CreateRemote
 0002:00000448       DDCSFormBuilder_TLB.DDCSFormBuilder_TLB
 0001:00003120       DDCSFormBuilder_TLB.Finalization
 0003:000000E8       DDCSFormBuilder_TLB.IID_IDDCSCPRSBroker
 0003:00000108       DDCSFormBuilder_TLB.IID_IDDCSCPRSExtension
 0003:000000F8       DDCSFormBuilder_TLB.IID_IDDCSCPRSState
 0003:000000D8       DDCSFormBuilder_TLB.LIBID_DDCSFormBuilder
 0004:00000050       DDCSUtils..1
 0002:00000508       DDCSUtils.DDCSUtils
 0001:00005CB8       DDCSUtils.Finalization
 0001:00005AF0       DDCSUtils.Piece
 0001:00005B14       DDCSUtils.Pieces
 0001:00005880       DDCSUtils.ShowMsg
 0001:000059C4       DDCSUtils.ShowMsg
 0001:00005C4C       DDCSUtils.SubCount
 0002:00000610       DesignEditors.DesignEditors
 0001:0001FDC0       DesignEditors.Finalization
 0001:0001FDB0       DesignEditors.TComponentEditor.Copy
 0001:0001FD80       DesignEditors.TComponentEditor.Create
 0001:0001FD88       DesignEditors.TComponentEditor.Edit
 0001:0001FDA8       DesignEditors.TComponentEditor.ExecuteVerb
 0001:0001FD90       DesignEditors.TComponentEditor.GetComponent
 0001:0001FD98       DesignEditors.TComponentEditor.GetDesigner
 0001:0001FDA0       DesignEditors.TComponentEditor.GetVerb
 0001:0001FDB8       DesignEditors.TComponentEditor.PrepareItem
 0001:0001FCD8       DesignIntf.RegisterComponentEditor
 0002:000005D8       DeskForm.DeskForm
 0001:0001FD48       DeskForm.Finalization
 0002:000005D0       DeskUtil.DeskUtil
 0001:0001FD40       DeskUtil.Finalization
 0002:000005E0       DockForm.DockForm
 0001:0001FD50       DockForm.Finalization
 0004:00000030       frmAbout..2
 0001:00001C0C       frmAbout..TDDCSAbout
 0004:0000002C       frmAbout.DDCSAbout
 0001:000026B8       frmAbout.Finalization
 0002:00000400       frmAbout.frmAbout
 0001:00002054       frmAbout.TDDCSAbout.FormCreate
 0001:00002084       frmAbout.TDDCSAbout.FormShow
 0001:00002644       frmAbout.TDDCSAbout.HyperLinkClick
 0004:00000070       frmConfiguration..2
 0001:0001D210       frmConfiguration..TDDCSFormConfig
 0001:0001E4D8       frmConfiguration.BoolAsStr
 0004:0000006C       frmConfiguration.DDCSFormConfig
 0001:0001ED90       frmConfiguration.DialogReturnName
 0001:0001FCD0       frmConfiguration.Finalization
 0002:00000568       frmConfiguration.frmConfiguration
 0001:0001F964       frmConfiguration.ProcessControls
 0001:0001ED68       frmConfiguration.TDDCSFormConfig.btnClearClick
 0001:0001F564       frmConfiguration.TDDCSFormConfig.btnCloseClick
 0001:0001ED8C       frmConfiguration.TDDCSFormConfig.btnDeleteClick
 0001:0001EB80       frmConfiguration.TDDCSFormConfig.btnDialogShowClick
 0001:0001ED54       frmConfiguration.TDDCSFormConfig.btnSaveClick
 0001:0001EDB4       frmConfiguration.TDDCSFormConfig.btnUpdateClick
 0001:0001F698       frmConfiguration.TDDCSFormConfig.ClearDialogEditor
 0001:0001F56C       frmConfiguration.TDDCSFormConfig.ClearReportItemEditor
 0001:0001F5A0       frmConfiguration.TDDCSFormConfig.ClearReportItemInputCR
 0001:0001F720       frmConfiguration.TDDCSFormConfig.ClearReportItemInputD
 0001:0001F7DC       frmConfiguration.TDDCSFormConfig.Create
 0001:0001F940       frmConfiguration.TDDCSFormConfig.Destroy
 0001:0001FB48       frmConfiguration.TDDCSFormConfig.FormShow
 0001:0001E530       frmConfiguration.TDDCSFormConfig.ListColumnClick
 0001:0001E588       frmConfiguration.TDDCSFormConfig.ListCompare
 0001:0001E640       frmConfiguration.TDDCSFormConfig.lvDDCSFormDblClick
 0001:0001EA34       frmConfiguration.TDDCSFormConfig.lvDialogComponentDblClick
 0001:0001E880       frmConfiguration.TDDCSFormConfig.lvDialogDblClick
 0001:0001EA4C       frmConfiguration.TDDCSFormConfig.ReloadDialogs
 0004:00000064       frmReview..2
 0001:000163BC       frmReview..TDDCSReview
 0004:00000060       frmReview.DDCSReview
 0001:00016A8C       frmReview.Finalization
 0002:00000528       frmReview.frmReview
 0001:000166E4       frmReview.TDDCSReview.FormCreate
 0001:00016990       frmReview.TDDCSReview.FormShow
 0001:000168E0       frmReview.TextWidthByFont
 0004:00000038       frmSplash..2
 0001:000026C0       frmSplash..TDDCSSplash
 0004:00000034       frmSplash.DDCSSplash
 0001:00002B8C       frmSplash.Finalization
 0002:00000408       frmSplash.frmSplash
 0001:00002A2C       frmSplash.TDDCSSplash.CreateParams
 0001:00002A40       frmSplash.TDDCSSplash.FormCreate
 0001:00002A70       frmSplash.TDDCSSplash.FormShow
 0004:00000058       frmVitals..3
 0001:00006690       frmVitals..TDDCSVitals
 0001:00006528       frmVitals..TSayOnFocus
 0001:00011BE8       frmVitals..{System.Generics.Collections}@TList`1.Pack$224$ActRec<frmVitals.TSayOnFocus>
 0001:00011DBC       frmVitals..{System.Generics.Collections}@TList`1.Pack$226$ActRec<frmVitals.TSayOnFocus>
 0001:000085A0       frmVitals..{System.Generics.Collections}TEnumerable<frmVitals.TSayOnFocus>
 0001:00008464       frmVitals..{System.Generics.Collections}TEnumerator<frmVitals.TSayOnFocus>
 0001:00008B44       frmVitals..{System.Generics.Collections}TList<frmVitals.TSayOnFocus>
 0001:00008994       frmVitals..{System.Generics.Collections}TList<frmVitals.TSayOnFocus>.TEnumerator
 0001:00009800       frmVitals..{System.Generics.Collections}TObjectList<frmVitals.TSayOnFocus>
 0001:00011968       frmVitals..{System.Generics.Defaults}TComparer<frmVitals.TSayOnFocus>
 0001:00011EDC       frmVitals..{System.Generics.Defaults}TDelegatedComparer<frmVitals.TSayOnFocus>
 0001:0000B830       frmVitals.DisableButton
 0001:000109D8       frmVitals.Finalization
 0002:00000518       frmVitals.frmVitals
 0001:0000E0D0       frmVitals.SetofCodes
 0001:0000A3B4       frmVitals.StartChecked
 0001:0000A2C8       frmVitals.StopChecked
 0001:0000EB18       frmVitals.strLengthen
 0001:000116E0       frmVitals.TArray.BinarySearch<frmVitals.TSayOnFocus>
 0001:000117E0       frmVitals.TArray.QuickSort<frmVitals.TSayOnFocus>
 0001:00011680       frmVitals.TArray.Sort<frmVitals.TSayOnFocus>
 0001:0000B7C0       frmVitals.TDDCSVitals.BuildSayOnFocus
 0001:0000B0A8       frmVitals.TDDCSVitals.CalEDD
 0001:0000B38C       frmVitals.TDDCSVitals.CalGestationalAge
 0001:0000B890       frmVitals.TDDCSVitals.Create
 0001:0000E08C       frmVitals.TDDCSVitals.Destroy
 0001:00009BBC       frmVitals.TDDCSVitals.dtECDExit
 0001:0000A2B4       frmVitals.TDDCSVitals.dtEDDUnknownExit
 0001:00009EB8       frmVitals.TDDCSVitals.dtEmbryoExit
 0001:00009A28       frmVitals.TDDCSVitals.dtLMPExit
 0001:00009FA8       frmVitals.TDDCSVitals.dtOtherExit
 0001:00009C88       frmVitals.TDDCSVitals.dtUltraExit
 0001:0000AD70       frmVitals.TDDCSVitals.edtLMPExit
 0001:0000B5D0       frmVitals.TDDCSVitals.fVitalsControlChange
 0001:00010794       frmVitals.TDDCSVitals.GetCompleteNote
 0001:0000F57C       frmVitals.TDDCSVitals.GetEDDNote
 0001:0000FE60       frmVitals.TDDCSVitals.GetLMPNote
 0001:0000EA30       frmVitals.TDDCSVitals.GetPatientVitals
 0001:0001097C       frmVitals.TDDCSVitals.GetTextforFocus
 0001:0000EB90       frmVitals.TDDCSVitals.GetVitalsNote
 0001:0000A604       frmVitals.TDDCSVitals.IsFinalEDDClick
 0001:0000A17C       frmVitals.TDDCSVitals.lblOtherChange
 0001:0000A22C       frmVitals.TDDCSVitals.lblOtherExit
 0001:0000A190       frmVitals.TDDCSVitals.lblOtherMouseEnter
 0001:00009B60       frmVitals.TDDCSVitals.LMPChangeEvents
 0001:0000AD04       frmVitals.TDDCSVitals.PageEDDResize
 0001:0000AD48       frmVitals.TDDCSVitals.PageEDDShow
 0001:0000E1A0       frmVitals.TDDCSVitals.Save
 0001:0000AD50       frmVitals.TDDCSVitals.SpinCheck
 0001:0000A0B4       frmVitals.TDDCSVitals.spnDayOtherChange
 0001:00009D94       frmVitals.TDDCSVitals.spnDayUltraChange
 0001:00009E5C       frmVitals.TDDCSVitals.spnPrePregWtExit
 0001:00009F84       frmVitals.TDDCSVitals.spnTransferDayChange
 0001:0000A074       frmVitals.TDDCSVitals.spnWeekOtherChange
 0001:00009D54       frmVitals.TDDCSVitals.spnWeekUltraChange
 0001:0000AE0C       frmVitals.TDDCSVitals.ToggleCheckBoxes
 0001:0000AF8C       frmVitals.TDDCSVitals.UpdateLMP
 0001:00010884       frmVitals.TDDCSVitals.ValidateMsg
 0001:00010928       frmVitals.TDDCSVitals.ValidationControl
 0001:0000ADE8       frmVitals.ToggleCB
 0001:0000A45C       frmVitals.UpdateGestation
 0001:00011650       frmVitals.{System.Generics.Collections}@TList`1.Pack$224$ActRec<frmVitals.TSayOnFocus>.$0$Body
 0001:00011670       frmVitals.{System.Generics.Collections}@TList`1.Pack$226$ActRec<frmVitals.TSayOnFocus>.$0$Body
 0001:00010A6C       frmVitals.{System.Generics.Collections}TEnumerable<frmVitals.TSayOnFocus>.Destroy
 0001:00010A90       frmVitals.{System.Generics.Collections}TEnumerable<frmVitals.TSayOnFocus>.GetEnumerator
 0001:00010A98       frmVitals.{System.Generics.Collections}TEnumerable<frmVitals.TSayOnFocus>.ToArray
 0001:000109E0       frmVitals.{System.Generics.Collections}TEnumerable<frmVitals.TSayOnFocus>.ToArrayImpl
 0001:00010B4C       frmVitals.{System.Generics.Collections}TEnumerator<frmVitals.TSayOnFocus>.MoveNext
 0001:00010F20       frmVitals.{System.Generics.Collections}TList<frmVitals.TSayOnFocus>.Add
 0001:00010F50       frmVitals.{System.Generics.Collections}TList<frmVitals.TSayOnFocus>.AddRange
 0001:00010F44       frmVitals.{System.Generics.Collections}TList<frmVitals.TSayOnFocus>.AddRange
 0001:00010F30       frmVitals.{System.Generics.Collections}TList<frmVitals.TSayOnFocus>.AddRange
 0001:00011410       frmVitals.{System.Generics.Collections}TList<frmVitals.TSayOnFocus>.BinarySearch
 0001:000113D4       frmVitals.{System.Generics.Collections}TList<frmVitals.TSayOnFocus>.BinarySearch
 0001:000112B0       frmVitals.{System.Generics.Collections}TList<frmVitals.TSayOnFocus>.Clear
 0001:000112EC       frmVitals.{System.Generics.Collections}TList<frmVitals.TSayOnFocus>.Contains
 0001:00010D7C       frmVitals.{System.Generics.Collections}TList<frmVitals.TSayOnFocus>.Create
 0001:00010C54       frmVitals.{System.Generics.Collections}TList<frmVitals.TSayOnFocus>.Create
 0001:00010CCC       frmVitals.{System.Generics.Collections}TList<frmVitals.TSayOnFocus>.Create
 0001:000111F0       frmVitals.{System.Generics.Collections}TList<frmVitals.TSayOnFocus>.Delete
 0001:000111FC       frmVitals.{System.Generics.Collections}TList<frmVitals.TSayOnFocus>.DeleteRange
 0001:00010E28       frmVitals.{System.Generics.Collections}TList<frmVitals.TSayOnFocus>.Destroy
 0001:00010BE4       frmVitals.{System.Generics.Collections}TList<frmVitals.TSayOnFocus>.DoDelete
 0001:00010C34       frmVitals.{System.Generics.Collections}TList<frmVitals.TSayOnFocus>.DoGetEnumerator
 0001:00010E74       frmVitals.{System.Generics.Collections}TList<frmVitals.TSayOnFocus>.Error
 0001:00010EAC       frmVitals.{System.Generics.Collections}TList<frmVitals.TSayOnFocus>.Error
 0001:00011268       frmVitals.{System.Generics.Collections}TList<frmVitals.TSayOnFocus>.Exchange
 0001:000112BC       frmVitals.{System.Generics.Collections}TList<frmVitals.TSayOnFocus>.Expand
 0001:00011244       frmVitals.{System.Generics.Collections}TList<frmVitals.TSayOnFocus>.Extract
 0001:00011208       frmVitals.{System.Generics.Collections}TList<frmVitals.TSayOnFocus>.ExtractItem
 0001:00011280       frmVitals.{System.Generics.Collections}TList<frmVitals.TSayOnFocus>.First
 0001:00010B54       frmVitals.{System.Generics.Collections}TList<frmVitals.TSayOnFocus>.GetCapacity
 0001:00011470       frmVitals.{System.Generics.Collections}TList<frmVitals.TSayOnFocus>.GetEnumerator
 0001:00010BA8       frmVitals.{System.Generics.Collections}TList<frmVitals.TSayOnFocus>.GetItem
 0001:00010BD8       frmVitals.{System.Generics.Collections}TList<frmVitals.TSayOnFocus>.GrowCheck
 0001:0001130C       frmVitals.{System.Generics.Collections}TList<frmVitals.TSayOnFocus>.IndexOf
 0001:00011328       frmVitals.{System.Generics.Collections}TList<frmVitals.TSayOnFocus>.IndexOfItem
 0001:00010F5C       frmVitals.{System.Generics.Collections}TList<frmVitals.TSayOnFocus>.Insert
 0001:00010F88       frmVitals.{System.Generics.Collections}TList<frmVitals.TSayOnFocus>.InsertRange
 0001:00010F6C       frmVitals.{System.Generics.Collections}TList<frmVitals.TSayOnFocus>.InsertRange
 0001:0001100C       frmVitals.{System.Generics.Collections}TList<frmVitals.TSayOnFocus>.InsertRange
 0001:00010BFC       frmVitals.{System.Generics.Collections}TList<frmVitals.TSayOnFocus>.InternalCompare
 0001:00010BF0       frmVitals.{System.Generics.Collections}TList<frmVitals.TSayOnFocus>.InternalNotify
 0001:00010C0C       frmVitals.{System.Generics.Collections}TList<frmVitals.TSayOnFocus>.ItemValue
 0001:00011294       frmVitals.{System.Generics.Collections}TList<frmVitals.TSayOnFocus>.Last
 0001:00011358       frmVitals.{System.Generics.Collections}TList<frmVitals.TSayOnFocus>.LastIndexOf
 0001:00011274       frmVitals.{System.Generics.Collections}TList<frmVitals.TSayOnFocus>.Move
 0001:00010C3C       frmVitals.{System.Generics.Collections}TList<frmVitals.TSayOnFocus>.Notify
 0001:0001108C       frmVitals.{System.Generics.Collections}TList<frmVitals.TSayOnFocus>.Pack
 0001:00011114       frmVitals.{System.Generics.Collections}TList<frmVitals.TSayOnFocus>.Pack
 0001:000111A4       frmVitals.{System.Generics.Collections}TList<frmVitals.TSayOnFocus>.Remove
 0001:000111C0       frmVitals.{System.Generics.Collections}TList<frmVitals.TSayOnFocus>.RemoveItem
 0001:00011374       frmVitals.{System.Generics.Collections}TList<frmVitals.TSayOnFocus>.Reverse
 0001:00010B6C       frmVitals.{System.Generics.Collections}TList<frmVitals.TSayOnFocus>.SetCapacity
 0001:00010B9C       frmVitals.{System.Generics.Collections}TList<frmVitals.TSayOnFocus>.SetCount
 0001:00010BC4       frmVitals.{System.Generics.Collections}TList<frmVitals.TSayOnFocus>.SetItem
 0001:00011380       frmVitals.{System.Generics.Collections}TList<frmVitals.TSayOnFocus>.Sort
 0001:000113A8       frmVitals.{System.Generics.Collections}TList<frmVitals.TSayOnFocus>.Sort
 0001:000114AC       frmVitals.{System.Generics.Collections}TList<frmVitals.TSayOnFocus>.TEnumerator.Create
 0001:0001149C       frmVitals.{System.Generics.Collections}TList<frmVitals.TSayOnFocus>.TEnumerator.DoGetCurrent
 0001:000114A4       frmVitals.{System.Generics.Collections}TList<frmVitals.TSayOnFocus>.TEnumerator.DoMoveNext
 0001:00011480       frmVitals.{System.Generics.Collections}TList<frmVitals.TSayOnFocus>.TEnumerator.GetCurrent
 0001:000114F0       frmVitals.{System.Generics.Collections}TList<frmVitals.TSayOnFocus>.TEnumerator.MoveNext
 0001:0001145C       frmVitals.{System.Generics.Collections}TList<frmVitals.TSayOnFocus>.ToArray
 0001:00011450       frmVitals.{System.Generics.Collections}TList<frmVitals.TSayOnFocus>.TrimExcess
 0001:00011580       frmVitals.{System.Generics.Collections}TObjectList<frmVitals.TSayOnFocus>.Create
 0001:0001153C       frmVitals.{System.Generics.Collections}TObjectList<frmVitals.TSayOnFocus>.Create
 0001:000115C4       frmVitals.{System.Generics.Collections}TObjectList<frmVitals.TSayOnFocus>.Create
 0001:00011510       frmVitals.{System.Generics.Collections}TObjectList<frmVitals.TSayOnFocus>.Notify
 0001:00011AC4       frmVitals.{System.Generics.Defaults}TComparer<frmVitals.TSayOnFocus>.Compare
 0001:00011628       frmVitals.{System.Generics.Defaults}TComparer<frmVitals.TSayOnFocus>.Construct
 0001:00011608       frmVitals.{System.Generics.Defaults}TComparer<frmVitals.TSayOnFocus>.Default
 0001:000117D4       frmVitals.{System.Generics.Defaults}TDelegatedComparer<frmVitals.TSayOnFocus>.Compare
 0001:00011798       frmVitals.{System.Generics.Defaults}TDelegatedComparer<frmVitals.TSayOnFocus>.Create
 0004:0000004C       FSAPILib_TLB..2
 0001:000054DC       FSAPILib_TLB..CoJawsApi
 0003:0000014C       FSAPILib_TLB.CLASS_JawsApi
 0001:00005604       FSAPILib_TLB.CoJawsApi.Create
 0001:00005668       FSAPILib_TLB.CoJawsApi.CreateRemote
 0001:000056E8       FSAPILib_TLB.Finalization
 0002:000004E8       FSAPILib_TLB.FSAPILib_TLB
 0003:0000013C       FSAPILib_TLB.IID_IJawsApi
 0003:0000012C       FSAPILib_TLB.LIBID_FSAPILib
 0001:0001FDF0       IDEHelp.Finalization
 0002:00000640       IDEHelp.IDEHelp
 0001:0001FCE0       IDEMessages.Finalization
 0002:00000570       IDEMessages.IDEMessages
 0001:00001B3C       JclAnsiStrings.Finalization
 0002:00000360       JclAnsiStrings.JclAnsiStrings
 0001:00001B2C       JclBase.Finalization
 0002:00000350       JclBase.JclBase
 0001:00001B7C       JclFileUtils.TJclFileVersionInfo.Create
 0001:00001B84       JclFileUtils.TJclFileVersionInfo.GetVersionKeyValue
 0001:00001B34       JclMath.Finalization
 0002:00000358       JclMath.JclMath
 0001:00001B6C       JclRegistry.Finalization
 0002:00000390       JclRegistry.JclRegistry
 0001:00001BE4       JclRTTI.Finalization
 0002:000003D8       JclRTTI.JclRTTI
 0001:00001B4C       JclShell.Finalization
 0002:00000370       JclShell.JclShell
 0001:00001BEC       JclSimpleXml.Finalization
 0002:000003E0       JclSimpleXml.JclSimpleXml
 0001:00001B64       JclStrings.Finalization
 0002:00000388       JclStrings.JclStrings
 0001:00001B54       JclSysInfo.Finalization
 0002:00000378       JclSysInfo.JclSysInfo
 0001:00001B74       JclSysUtils.Finalization
 0002:00000398       JclSysUtils.JclSysUtils
 0001:00001B5C       JclUnicode.Finalization
 0002:00000380       JclUnicode.JclUnicode
 0002:000003E8       JvAppStorage.TJvCustomAppStorage.Create@
 0001:00001BF4       JvAppStorage.TJvCustomAppStorage.Destroy@
 0001:00001C04       JvJVCLUtils.Finalization
 0002:000003F8       JvJVCLUtils.JvJVCLUtils
 0001:00001B8C       JvTypes.Finalization
 0002:000003A0       JvTypes.JvTypes
 0001:00003188       ORCtrls.Finalization
 0002:00000460       ORCtrls.ORCtrls
 0001:00003180       ORCtrls.TCaptionEdit.SetCaption
 0001:00003178       ORCtrls.TORCheckBox.GetCaption
 0001:00003170       ORCtrls.TORComboBox.GetText
 0001:00003168       ORCtrls.TORComboBox.SetItemIndex
 0001:00003150       ORCtrls.TORListBox.GetChecked
 0001:00003160       ORCtrls.TORListBox.GetMItems
 0001:00003158       ORCtrls.TORListBox.SetChecked
 0001:00005720       ORDtTm.Finalization
 0002:00000500       ORDtTm.ORDtTm
 0001:00005708       ORDtTm.TORDateBox.GetFMDateTime
 0001:00005718       ORDtTm.TORDateBox.IsValid
 0001:00005710       ORDtTm.TORDateBox.SetFMDateTime
 0001:000031C8       ORFn.DateTimeToFMDateTime
 0001:000031E8       ORFn.Finalization
 0001:000031D8       ORFn.FMDateTimeOffsetBy
 0001:000031D0       ORFn.FMDateTimeToDateTime
 0001:000031E0       ORFn.FormatFMDateTime
 0002:000004A0       ORFn.ORFn
 0001:000031F0       ORNet.Finalization
 0002:000004A8       ORNet.ORNet
 0001:0001FCF8       PercentageDockTree.Finalization
 0002:00000588       PercentageDockTree.PercentageDockTree
 0001:0001FD78       Proxies.Finalization
 0002:00000608       Proxies.Proxies
 0001:00002BB4       Rpcconf1.Finalization
 0002:00000428       Rpcconf1.Rpcconf1
 0001:00002BAC       RpcNet.Finalization
 0002:00000420       RpcNet.RpcNet
 0001:00002BA4       SelDiv.Finalization
 0002:00000418       SelDiv.SelDiv
 0001:00002B9C       Sgnoncnf.Finalization
 0002:00000410       Sgnoncnf.Sgnoncnf
 0001:00001B44       Snmp.Finalization
 0002:00000368       Snmp.Snmp
 0001:0001FDE8       StFilSys.Finalization
 0002:00000638       StFilSys.StFilSys
 0001:00000928       SysInit...
 0001:00000978       SysInit...
 0001:00000A30       SysInit...
 0001:00000A20       SysInit...
 0001:0000098C       SysInit...
 0001:000009FC       SysInit...
 0001:000009BC       SysInit...
 0001:000009D4       SysInit...
 0001:00000958       SysInit...
 0001:00000968       SysInit...
 0001:00000948       SysInit...
 0003:00000034       SysInit...
 0001:00000938       SysInit...
 0004:00000018       SysInit..1
 0001:000003FC       SysInit.@InitPkg
 0001:00000460       SysInit.@PackageLoad
 0001:0000046C       SysInit.@PackageUnload
 0001:00000478       SysInit.@_delayLoadHelper2
 0001:00000758       SysInit.@_FUnloadDelayLoadedDLL2
 0001:00000868       SysInit.@_HrLoadAllImportsForDll
 0004:00000014       SysInit.@_pfnDliFailureHook2
 0004:00000010       SysInit.@_pfnDliNotifyHook2
 0001:000002EC       SysInit.AllocTlsBuffer
 0004:0000000C       SysInit.dbkFCallWrapperAddr
 0001:000003A8       SysInit.ExitProcessTLS
 0001:00000370       SysInit.ExitThreadTLS
 0001:00000A40       SysInit.Finalization
 0001:00000294       SysInit.FreeLibrary
 0001:000002CC       SysInit.GetLastError
 0001:000002E4       SysInit.GetProcAddress
 0001:000002F8       SysInit.GetTlsSize
 0004:00000004       SysInit.HInstance
 0001:000003CC       SysInit.InitializeModule
 0001:00000344       SysInit.InitProcessTLS
 0001:00000300       SysInit.InitThreadTLS
 0001:00000280       SysInit.InterlockedExchange
 0001:000002D4       SysInit.LoadLibraryA
 0001:0000029C       SysInit.LocalAlloc
 0001:000002A4       SysInit.LocalFree
 0003:00000008       SysInit.Module
 0004:00000000       SysInit.ModuleIsLib
 0004:00000001       SysInit.ModuleIsPackage
 0003:00000004       SysInit.PtrToNil
 0001:000002DC       SysInit.RaiseException
 0001:00000920       SysInit.ShutdownDelayHelp2
 0002:00000008       SysInit.SysInit
 0001:000002AC       SysInit.TlsAlloc
 0004:0000001C       SysInit.tlsBuffer
 0001:000002B4       SysInit.TlsFree
 0001:000002BC       SysInit.TlsGetValue
 0003:00000000       SysInit.TlsIndex
 0005:00000000       SysInit.TlsLast
 0003:00000024       SysInit.TlsProc
 0001:000002C4       SysInit.TlsSetValue
 0001:000003D8       SysInit.UninitializeModule
 0004:FFFDC000       SysInit.__ImageBase
 0001:00000010       System.@AbstractError
 0001:000000B8       System.@AfterConstruction
 0001:00000060       System.@AsClass
 0001:000000C0       System.@BeforeDestruction
 0001:00000068       System.@CallDynaInst
 0001:00000268       System.@CheckAutoResult
 0001:000000A8       System.@ClassCreate
 0001:000000B0       System.@ClassDestroy
 0001:000000F0       System.@DoneExcept
 0001:00000200       System.@DynArrayClear
 0001:000001F0       System.@DynArrayLength
 0001:000001F8       System.@DynArraySetLength
 0001:000000C8       System.@HandleAnyException
 0001:000000D8       System.@HandleFinally
 0001:000000D0       System.@HandleOnException
 0001:00000230       System.@IntfAddRef
 0001:00000228       System.@IntfCast
 0001:00000218       System.@IntfClear
 0001:00000220       System.@IntfCopy
 0001:00000058       System.@IsClass
 0001:00000120       System.@LStrClr
 0001:00000168       System.@LStrFromPWChar
 0001:00000170       System.@LStrToPChar
 0001:00000100       System.@PackageLoad
 0001:00000108       System.@PackageUnload
 0001:000000E8       System.@RaiseAgain
 0001:000000E0       System.@RaiseExcept
 0001:00000000       System.@ROUND
 0001:00000110       System.@RunError
 0001:00000008       System.@TRUNC
 0001:000000F8       System.@TryFinallyExit
 0001:00000140       System.@UStrAddRef
 0001:00000130       System.@UStrArrayClr
 0001:00000150       System.@UStrAsg
 0001:000001B8       System.@UStrCat
 0001:000001C0       System.@UStrCat3
 0001:000001C8       System.@UStrCatN
 0001:00000118       System.@UStrClr
 0001:000001D8       System.@UStrDelete
 0001:000001D0       System.@UStrEqual
 0001:00000198       System.@UStrFromPChar
 0001:000001A0       System.@UStrFromPWChar
 0001:00000190       System.@UStrFromWChar
 0001:000001A8       System.@UStrFromWStr
 0001:00000158       System.@UStrLAsg
 0001:00000160       System.@UStrLen
 0001:00000188       System.@UStrToPWChar
 0001:00000148       System.@WStrAddRef
 0001:00000138       System.@WStrArrayClr
 0001:00000128       System.@WStrClr
 0001:00000180       System.@WStrEqual
 0001:000001B0       System.@WStrFromUStr
 0001:00000178       System.@WStrFromWChar
 0001:00000278       System.Finalization
 0001:00000270       System.LoadResString
 0001:000001E0       System.Pos
 0001:00000208       System.RegisterModule
 0001:000001E8       System.StringOfChar
 0002:00000000       System.System
 0001:00000238       System.TInterfacedObject.AfterConstruction
 0001:00000240       System.TInterfacedObject.BeforeDestruction
 0001:00000248       System.TInterfacedObject.NewInstance
 0001:00000250       System.TInterfacedObject.QueryInterface
 0001:00000258       System.TInterfacedObject._AddRef
 0001:00000260       System.TInterfacedObject._Release
 0001:00000090       System.TObject.AfterConstruction
 0001:00000098       System.TObject.BeforeDestruction
 0001:00000018       System.TObject.ClassName
 0001:00000030       System.TObject.Create
 0001:00000088       System.TObject.DefaultHandler
 0001:00000038       System.TObject.Destroy
 0001:000000A0       System.TObject.Dispatch
 0001:00000048       System.TObject.Equals
 0001:00000040       System.TObject.Free
 0001:00000028       System.TObject.FreeInstance
 0001:00000050       System.TObject.GetHashCode
 0001:00000070       System.TObject.InheritsFrom
 0001:00000020       System.TObject.NewInstance
 0001:00000078       System.TObject.SafeCallException
 0001:00000080       System.TObject.ToString
 0001:00000210       System.UnregisterModule
 0001:00001034       System.Actions.Finalization
 0002:000000E0       System.Actions.System.Actions
 0001:00000D34       System.AnsiStrings.Finalization
 0002:00000070       System.AnsiStrings.System.AnsiStrings
 0001:00000BEC       System.Character.Finalization
 0002:00000028       System.Character.System.Character
 0001:00000BE4       System.Character.TCharHelper.IsLetter
 0001:0000102C       System.Classes.Finalization
 0001:00000E44       System.Classes.Point
 0001:00000E4C       System.Classes.Rect
 0001:00000E54       System.Classes.RegisterClass
 0001:00000E5C       System.Classes.RegisterComponents
 0001:00000E64       System.Classes.RegisterNoIcon
 0002:000000D8       System.Classes.System.Classes
 0002:000000D0       System.Classes.TBaseAsyncResult.Create@
 0001:00001024       System.Classes.TBaseAsyncResult.Destroy@
 0002:000000B0       System.Classes.TBinaryWriter.Create@
 0001:0000100C       System.Classes.TBinaryWriter.Destroy@
 0001:00000ECC       System.Classes.TCollection.Add
 0001:00000F24       System.Classes.TCollection.Added
 0001:00000ED4       System.Classes.TCollection.Assign
 0001:00000EDC       System.Classes.TCollection.BeginUpdate
 0001:00000F1C       System.Classes.TCollection.Delete
 0001:00000F2C       System.Classes.TCollection.Deleting
 0001:00000EC4       System.Classes.TCollection.Destroy
 0001:00000EE4       System.Classes.TCollection.EndUpdate
 0001:00000EEC       System.Classes.TCollection.GetCount
 0001:00000EF4       System.Classes.TCollection.GetItem
 0001:00000EFC       System.Classes.TCollection.Insert
 0001:00000F34       System.Classes.TCollection.Notify
 0001:00000F04       System.Classes.TCollection.SetItem
 0001:00000F0C       System.Classes.TCollection.SetItemName
 0001:00000F14       System.Classes.TCollection.Update
 0001:00000E84       System.Classes.TCollectionItem.Create
 0001:00000E8C       System.Classes.TCollectionItem.Destroy
 0001:00000EA4       System.Classes.TCollectionItem.GetDisplayName
 0001:00000E9C       System.Classes.TCollectionItem.GetIndex
 0001:00000E94       System.Classes.TCollectionItem.Release
 0001:00000EAC       System.Classes.TCollectionItem.SetCollection
 0001:00000EB4       System.Classes.TCollectionItem.SetDisplayName
 0001:00000EBC       System.Classes.TCollectionItem.SetIndex
 0001:00000F84       System.Classes.TComponent.AsyncSchedule
 0001:00000F8C       System.Classes.TComponent.BeforeDestruction
 0001:00000FE4       System.Classes.TComponent.CanObserve
 0001:00000F74       System.Classes.TComponent.Create
 0002:000000C0       System.Classes.TComponent.Create@
 0001:00000F9C       System.Classes.TComponent.DefineProperties
 0001:00000F7C       System.Classes.TComponent.Destroy
 0001:00000E3C       System.Classes.TComponent.Destroy@
 0001:00000FC4       System.Classes.TComponent.FindComponent
 0001:00000FD4       System.Classes.TComponent.GetObservers
 0001:00000FA4       System.Classes.TComponent.Loaded
 0001:00000F94       System.Classes.TComponent.Notification
 0001:00000FEC       System.Classes.TComponent.ObserverAdded
 0001:00001004       System.Classes.TComponent.QueryInterface
 0001:00000FAC       System.Classes.TComponent.ReadState
 0001:00000FF4       System.Classes.TComponent.SafeCallException
 0001:00000FCC       System.Classes.TComponent.SetName
 0001:00000FDC       System.Classes.TComponent.UpdateAction
 0001:00000FFC       System.Classes.TComponent.UpdateRegistry
 0001:00000FBC       System.Classes.TComponent.ValidateRename
 0001:00000FB4       System.Classes.TComponent.WriteState
 0002:000000C8       System.Classes.TLoginCredentialService.Create@
 0001:00001014       System.Classes.TLoginCredentialService.Destroy@
 0002:000000A8       System.Classes.TObserverMapping.Create@
 0001:0000101C       System.Classes.TObserverMapping.Destroy@
 0001:00000F3C       System.Classes.TOwnedCollection.Create
 0001:00000E6C       System.Classes.TPersistent.Assign
 0001:00000E74       System.Classes.TPersistent.AssignTo
 0001:00000E7C       System.Classes.TPersistent.DefineProperties
 0001:00000F64       System.Classes.TStringList.Create
 0001:00000F44       System.Classes.TStrings.GetDelimitedText
 0001:00000F4C       System.Classes.TStrings.SetDelimitedText
 0001:00000F54       System.Classes.TStrings.SetDelimiter
 0001:00000F5C       System.Classes.TStrings.SetStrictDelimiter
 0002:000000B8       System.Classes.TThread.Create@
 0001:00000F6C       System.Classes.TThread.Destroy@
 0001:000056F0       System.ConvUtils.Convert
 0001:000056F8       System.ConvUtils.Finalization
 0002:000004F0       System.ConvUtils.System.ConvUtils
 0001:00001054       System.DateUtils.DaysBetween
 0001:00001064       System.DateUtils.Finalization
 0002:000000F8       System.DateUtils.System.DateUtils
 0001:00001044       System.DateUtils.Today
 0002:000000F0       System.DateUtils.TTimeZone.Create@
 0001:0000105C       System.DateUtils.TTimeZone.Destroy@
 0001:0000104C       System.DateUtils.YearOf
 0002:00000620       System.Devices.TDeviceInfo.Create@
 0001:0001FDD0       System.Devices.TDeviceInfo.Destroy@
 0001:00000D5C       System.Generics.Collections.TListHelper.CheckItemRange
 0001:00000D74       System.Generics.Collections.TListHelper.DoExtractItemFwd4
 0001:00000D7C       System.Generics.Collections.TListHelper.DoExtractItemRev4
 0001:00000D84       System.Generics.Collections.TListHelper.DoIndexOfFwd4
 0001:00000D8C       System.Generics.Collections.TListHelper.DoIndexOfRev4
 0001:00000D94       System.Generics.Collections.TListHelper.DoRemoveFwd4
 0001:00000D9C       System.Generics.Collections.TListHelper.DoRemoveRev4
 0001:00000DA4       System.Generics.Collections.TListHelper.InternalAdd4
 0001:00000DAC       System.Generics.Collections.TListHelper.InternalClear4
 0001:00000DB4       System.Generics.Collections.TListHelper.InternalDeleteRange4
 0001:00000DBC       System.Generics.Collections.TListHelper.InternalDoDelete4
 0001:00000D6C       System.Generics.Collections.TListHelper.InternalExchange4
 0001:00000DC4       System.Generics.Collections.TListHelper.InternalGrowCheck
 0001:00000DCC       System.Generics.Collections.TListHelper.InternalInsert4
 0001:00000DD4       System.Generics.Collections.TListHelper.InternalInsertRange4
 0001:00000DDC       System.Generics.Collections.TListHelper.InternalMove4
 0001:00000DE4       System.Generics.Collections.TListHelper.InternalPack4
 0001:00000DEC       System.Generics.Collections.TListHelper.InternalReverse4
 0001:00000DF4       System.Generics.Collections.TListHelper.InternalSetCapacity
 0001:00000DFC       System.Generics.Collections.TListHelper.InternalSetCount4
 0001:00000E04       System.Generics.Collections.TListHelper.InternalToArray
 0001:00000D64       System.Generics.Collections.TListHelper.SetItem4
 0002:00000088       System.Generics.Defaults.TIStringComparer.Create@
 0001:00000D54       System.Generics.Defaults.TIStringComparer.Destroy@
 0002:00000080       System.Generics.Defaults.TStringComparer.Create@
 0001:00000D4C       System.Generics.Defaults.TStringComparer.Destroy@
 0001:00000D44       System.Generics.Defaults._LookupVtableInfo
 0001:000017BC       System.HelpIntfs.Finalization
 0002:000002D0       System.HelpIntfs.System.HelpIntfs
 0001:00000BF4       System.Internal.ExcUtils.Finalization
 0002:00000030       System.Internal.ExcUtils.System.Internal.ExcUtils
 0002:00000100       System.IOUtils.TPath.Create@
 0001:0000106C       System.IOUtils.TPath.Destroy@
 0001:00000D3C       System.Math.Finalization
 0002:00000078       System.Math.System.Math
 0001:00000E14       System.Rtti.Finalization
 0002:00000098       System.Rtti.System.Rtti
 0002:00000090       System.Rtti.TRttiContext.Create@
 0001:00000E0C       System.Rtti.TRttiContext.Destroy@
 0001:00005700       System.StdConvs.Finalization
 0002:000004F8       System.StdConvs.System.StdConvs
 0001:00000D2C       System.StrUtils.AnsiContainsText
 0001:000010C4       System.SyncObjs.Finalization
 0002:00000120       System.SyncObjs.System.SyncObjs
 0001:00000C9C       System.SysUtils.Abort
 0001:00000C0C       System.SysUtils.AnsiCompareText
 0001:00000C04       System.SysUtils.CompareText
 0001:00000C8C       System.SysUtils.DateToStr
 0001:00000C4C       System.SysUtils.DirectoryExists
 0001:00000CA4       System.SysUtils.Exception.Create
 0002:00000048       System.SysUtils.Exception.Create@
 0001:00000CAC       System.SysUtils.Exception.CreateFmt
 0001:00000CB4       System.SysUtils.Exception.CreateRes
 0001:00000CBC       System.SysUtils.Exception.Destroy@
 0001:00000C5C       System.SysUtils.ExtractFileDir
 0001:00000C64       System.SysUtils.ExtractFileName
 0001:00000C54       System.SysUtils.ExtractFilePath
 0001:00000C44       System.SysUtils.FileExists
 0001:00000CFC       System.SysUtils.Finalization
 0001:00000C6C       System.SysUtils.FloatToStr
 0001:00000C74       System.SysUtils.FormatFloat
 0001:00000CD4       System.SysUtils.FreeAndNil
 0001:00000CCC       System.SysUtils.GetModuleName
 0001:00000C1C       System.SysUtils.IntToStr
 0001:00000C14       System.SysUtils.IntToStr
 0001:00000C84       System.SysUtils.Now
 0001:00000CE4       System.SysUtils.SafeLoadLibrary
 0001:00000CC4       System.SysUtils.Sleep
 0001:00000C3C       System.SysUtils.StrToBool
 0001:00000C94       System.SysUtils.StrToDate
 0001:00000C7C       System.SysUtils.StrToFloat
 0001:00000C24       System.SysUtils.StrToInt
 0001:00000C2C       System.SysUtils.StrToIntDef
 0002:00000058       System.SysUtils.System.SysUtils
 0002:00000040       System.SysUtils.TEncoding.Create@
 0001:00000CF4       System.SysUtils.TEncoding.Destroy@
 0002:00000038       System.SysUtils.TLanguages.Create@
 0001:00000CDC       System.SysUtils.TLanguages.Destroy@
 0002:00000050       System.SysUtils.TOSVersion.Create@
 0001:00000BFC       System.SysUtils.TOSVersion.Destroy@
 0001:00000C34       System.SysUtils.TryStrToInt
 0001:00000CEC       System.SysUtils.TStringHelper.GetChars
 0002:000000E8       System.TimeSpan.TTimeSpan.Create@
 0001:0000103C       System.TimeSpan.TTimeSpan.Destroy@
 0001:00000A60       System.Types.TRect.GetHeight
 0001:00000A58       System.Types.TRect.GetWidth
 0001:00000A50       System.Types.TRect.SetWidth
 0001:00000E34       System.TypInfo.Finalization
 0001:00000E1C       System.TypInfo.GetPropValue
 0001:00000E2C       System.TypInfo.IsPublishedProp
 0001:00000E24       System.TypInfo.SetPropValue
 0002:000000A0       System.TypInfo.System.TypInfo
 0001:00000D0C       System.Variants.@VarClr
 0001:00000D1C       System.Variants.@VarFromUStr
 0001:00000D14       System.Variants.@VarToUStr
 0001:00000D24       System.Variants.Finalization
 0002:00000068       System.Variants.System.Variants
 0001:00000D04       System.VarUtils.Finalization
 0002:00000060       System.VarUtils.System.VarUtils
 0001:000010E4       System.Win.ComObj.CreateComObject
 0001:000010EC       System.Win.ComObj.CreateRemoteComObject
 0001:000010F4       System.Win.ComObj.Finalization
 0002:00000140       System.Win.ComObj.System.Win.ComObj
 0002:00000138       System.Win.ComObj.TComServerObject.Create@
 0001:000010DC       System.Win.ComObj.TComServerObject.Destroy@
 0002:00000108       System.Win.Registry.TRegistry.Create@
 0001:00001074       System.Win.Registry.TRegistry.Destroy@
 0001:0001FD70       ToolsAPI.Finalization
 0002:00000600       ToolsAPI.ToolsAPI
 0001:0001FDE0       TopLevels.Finalization
 0002:00000630       TopLevels.TopLevels
 0001:0001FE08       TreeIntf.Finalization
 0001:0001FE00       TreeIntf.RegisterSprigType
 0002:00000650       TreeIntf.TreeIntf
 0001:00002BBC       Trpcb.Finalization
 0002:00000430       Trpcb.Trpcb
 0004:00000068       uBase..4
 0001:00017080       uBase..TDDCSForm
 0001:00016A94       uBase..TDDCSHeaderControl
 0001:00016D64       uBase..TTabControlStyleHookCheck
 0001:00018608       uBase.AddControlPanelButton
 0001:0001D208       uBase.Finalization
 0001:00018E34       uBase.GetButtonCheckRect
 0001:0001907C       uBase.GetCkRect
 0001:00018450       uBase.PopupMenuHeight
 0001:00017A5C       uBase.Register
 0001:0001CA28       uBase.ReportDLLnotFound
 0001:000184CC       uBase.ShowMenu
 0001:00019F80       uBase.TDDCSForm.AcceptActive
 0001:0001C430       uBase.TDDCSForm.ActiveControlChanged
 0001:00019F20       uBase.TDDCSForm.AutoSaveActive
 0001:00019A7C       uBase.TDDCSForm.ButtonGetDialogClick
 0001:0001A35C       uBase.TDDCSForm.Cancel
 0001:00019B8C       uBase.TDDCSForm.cbAutoWidth
 0001:0001C170       uBase.TDDCSForm.Change
 0001:0001A8FC       uBase.TDDCSForm.Create
 0001:0001C5F0       uBase.TDDCSForm.CtrlShiftTab
 0001:0001C530       uBase.TDDCSForm.CtrlTab
 0001:0001C068       uBase.TDDCSForm.Destroy
 0001:000190B0       uBase.TDDCSForm.DrawCheckTab
 0001:0001A318       uBase.TDDCSForm.Finish
 0001:00019F60       uBase.TDDCSForm.FinishActive
 0001:0001C310       uBase.TDDCSForm.FormClose
 0001:0001C2A4       uBase.TDDCSForm.FormCloseQuery
 0001:0001AC54       uBase.TDDCSForm.FormOverrideShow
 0001:0001C8BC       uBase.TDDCSForm.GetPatientActiveMedications
 0001:0001C7AC       uBase.TDDCSForm.GetPatientActiveProblems
 0001:0001C69C       uBase.TDDCSForm.GetPatientAllergies
 0001:0001C9CC       uBase.TDDCSForm.GetVitalsForm
 0001:0001A368       uBase.TDDCSForm.GoToPageFirstTabItem
 0001:0001A3E4       uBase.TDDCSForm.GoToPageLastTabItem
 0001:0001D0D8       uBase.TDDCSForm.HasSecurityKey
 0001:00019654       uBase.TDDCSForm.ListBoxGetDialogDBClick
 0001:000197DC       uBase.TDDCSForm.ListBoxGetDialogKeyDown
 0001:0001CD6C       uBase.TDDCSForm.LoadDialogs
 0001:00019CC0       uBase.TDDCSForm.Notification
 0001:00019300       uBase.TDDCSForm.OnAutoSaveTimer
 0001:0001A42C       uBase.TDDCSForm.Preview
 0001:00019C78       uBase.TDDCSForm.RadioGroupEnter
 0001:00019F40       uBase.TDDCSForm.RestoreActive
 0001:00019FA0       uBase.TDDCSForm.Save
 0001:00019F00       uBase.TDDCSForm.SaveActive
 0001:000192E8       uBase.TDDCSForm.SetConfigCollection
 0001:000192F4       uBase.TDDCSForm.SetNoteCollection
 0001:00019D38       uBase.TDDCSForm.SetUpControl
 0001:00019240       uBase.TDDCSForm.SetVitals
 0001:0001931C       uBase.TDDCSForm.ShowDialogandReturn
 0001:0001C100       uBase.TDDCSForm.WMGetMSAAObject
 0001:00019228       uBase.TDDCSForm.WMSave
 0001:0001C13C       uBase.TDDCSForm.WMSetFocus
 0001:0001BFC0       uBase.TDDCSForm.WMShowSplash
 0001:00018934       uBase.TDDCSHeaderControl.Create
 0001:00018284       uBase.TDDCSHeaderControl.DrawSection
 0001:00017F18       uBase.TDDCSHeaderControl.FcAboutClick
 0001:00017F7C       uBase.TDDCSHeaderControl.FcChangeThemeClick
 0001:00017E74       uBase.TDDCSHeaderControl.FcEditConfigurationClick
 0001:00017E8C       uBase.TDDCSHeaderControl.FcLoadDialogsClick
 0001:0001812C       uBase.TDDCSHeaderControl.IsNext
 0001:000181B4       uBase.TDDCSHeaderControl.IsPrev
 0001:00017D48       uBase.TDDCSHeaderControl.KeyDown
 0001:00018538       uBase.TDDCSHeaderControl.SectionClick
 0001:000185FC       uBase.TDDCSHeaderControl.SectionTrack
 0001:00017AFC       uBase.TDDCSHeaderControl.SpeakButtons
 0001:00018218       uBase.TDDCSHeaderControl.TotalPages
 0001:00018C9C       uBase.TDDCSHeaderControl.UpdateControlPanel
 0001:00017AC0       uBase.TDDCSHeaderControl.WMGetMSAAObject
 0001:00017D1C       uBase.TDDCSHeaderControl.WMKillFocus
 0001:00017C6C       uBase.TDDCSHeaderControl.WMSetFocus
 0001:00018F08       uBase.TTabControlStyleHookCheck.DrawTab
 0002:00000530       uBase.uBase
 0004:00000054       uCommon..1
 0001:00005CC0       uCommon.Fill
 0001:00006520       uCommon.Finalization
 0002:00000510       uCommon.uCommon
 0004:0000005C       uReportItems..5
 0001:0001238C       uReportItems..TConfigCollection
 0001:00012080       uReportItems..TConfigItem
 0001:00012DBC       uReportItems..TDDCSNoteCollection
 0001:0001279C       uReportItems..TDDCSNoteItem
 0001:00013570       uReportItems.CheckPiece
 0001:000163B4       uReportItems.Finalization
 0001:00013438       uReportItems.TConfigCollection.Add
 0001:000133F8       uReportItems.TConfigCollection.GetCollectiveText
 0001:000133BC       uReportItems.TConfigCollection.GetCount
 0001:000133E4       uReportItems.TConfigCollection.GetItem
 0001:00013398       uReportItems.TConfigCollection.GetValue
 0001:00013444       uReportItems.TConfigCollection.Insert
 0001:00013458       uReportItems.TConfigCollection.LookUp
 0001:00013390       uReportItems.TConfigCollection.SetItem
 0001:00013368       uReportItems.TConfigCollection.SetValue
 0001:000135E8       uReportItems.TConfigCollection.ValidPieces
 0001:000132F8       uReportItems.TConfigItem.Create
 0001:0001333C       uReportItems.TConfigItem.Destroy
 0001:00013280       uReportItems.TConfigItem.GetPiece
 0001:00013238       uReportItems.TConfigItem.GetValue
 0001:00013128       uReportItems.TConfigItem.SetPiece
 0001:000130A4       uReportItems.TConfigItem.SetValue
 0001:00016394       uReportItems.TDDCSNoteCollection.Add
 0001:00016254       uReportItems.TDDCSNoteCollection.DeleteNoteItem
 0001:000162F4       uReportItems.TDDCSNoteCollection.GetAControl
 0001:00016240       uReportItems.TDDCSNoteCollection.GetItem
 0001:000162AC       uReportItems.TDDCSNoteCollection.GetNoteItem
 0001:00016278       uReportItems.TDDCSNoteCollection.GetNoteItemAddifNil
 0001:000163A0       uReportItems.TDDCSNoteCollection.Insert
 0001:00016238       uReportItems.TDDCSNoteCollection.SetItem
 0001:0001391C       uReportItems.TDDCSNoteItem.Assign
 0001:000138AC       uReportItems.TDDCSNoteItem.Create
 0001:000138F0       uReportItems.TDDCSNoteItem.Destroy
 0001:00013774       uReportItems.TDDCSNoteItem.GetDisplayName
 0001:0001379C       uReportItems.TDDCSNoteItem.GetIDName
 0001:00013840       uReportItems.TDDCSNoteItem.GetOrder
 0001:00013848       uReportItems.TDDCSNoteItem.GetPage
 0001:00013A08       uReportItems.TDDCSNoteItem.GetValueNote
 0001:000147A0       uReportItems.TDDCSNoteItem.GetValueSave
 0001:00015E4C       uReportItems.TDDCSNoteItem.IsValid
 0001:0001374C       uReportItems.TDDCSNoteItem.SetDialogReturn
 0001:00013A00       uReportItems.TDDCSNoteItem.SetIndex
 0001:0001369C       uReportItems.TDDCSNoteItem.SetObject
 0002:00000520       uReportItems.uReportItems
 0001:00003148       VAUtils.Finalization
 0001:00003140       VAUtils.Piece
 0002:00000458       VAUtils.VAUtils
 0001:000010D4       Vcl.ActnList.Finalization
 0002:00000130       Vcl.ActnList.Vcl.ActnList
 0001:0001FD28       Vcl.ActnMan.Finalization
 0002:000005B8       Vcl.ActnMan.Vcl.ActnMan
 0001:0001FD20       Vcl.ActnMenus.Finalization
 0002:000005B0       Vcl.ActnMenus.Vcl.ActnMenus
 0001:0001FDC8       Vcl.AppEvnts.Finalization
 0002:00000618       Vcl.AppEvnts.Vcl.AppEvnts
 0001:0001FDD8       Vcl.AxCtrls.Finalization
 0002:00000628       Vcl.AxCtrls.Vcl.AxCtrls
 0002:000004C8       Vcl.ButtonGroup.TButtonGroup.Create@
 0001:00005448       Vcl.ButtonGroup.TButtonGroup.Destroy@
 0001:00001B9C       Vcl.Buttons.Finalization
 0002:000003A8       Vcl.Buttons.TBitBtn.Create@
 0001:00001B94       Vcl.Buttons.TBitBtn.Destroy@
 0002:000003B0       Vcl.Buttons.Vcl.Buttons
 0001:0001FCE8       Vcl.CaptionedDockTree.Finalization
 0002:00000578       Vcl.CaptionedDockTree.Vcl.CaptionedDockTree
 0001:00005440       Vcl.CategoryButtons.Finalization
 0002:000004B8       Vcl.CategoryButtons.TCategoryButtons.Create@
 0001:00005438       Vcl.CategoryButtons.TCategoryButtons.Destroy@
 0002:000004C0       Vcl.CategoryButtons.Vcl.CategoryButtons
 0002:00000450       Vcl.CheckLst.TCheckListBox.Create@
 0001:00003128       Vcl.CheckLst.TCheckListBox.Destroy@
 0001:00003138       Vcl.CheckLst.TCheckListBox.GetChecked
 0001:00003130       Vcl.CheckLst.TCheckListBox.SetChecked
 0001:00001484       Vcl.Clipbrd.Finalization
 0002:00000200       Vcl.Clipbrd.Vcl.Clipbrd
 0001:000017B4       Vcl.ComCtrls.Finalization
 0002:000002B0       Vcl.ComCtrls.TComboBoxEx.Create@
 0001:0000173C       Vcl.ComCtrls.TComboBoxEx.Destroy@
 0001:0000171C       Vcl.ComCtrls.TCommonCalendar.SetDateTime
 0002:00000290       Vcl.ComCtrls.TCoolBar.Create@
 0001:00001714       Vcl.ComCtrls.TCoolBar.Destroy@
 0002:000002A8       Vcl.ComCtrls.TCustomComboBoxEx.Create@
 0001:00001734       Vcl.ComCtrls.TCustomComboBoxEx.Destroy@
 0001:000015C4       Vcl.ComCtrls.TCustomHeaderControl.Create
 0002:00000220       Vcl.ComCtrls.TCustomHeaderControl.Create@
 0001:000015DC       Vcl.ComCtrls.TCustomHeaderControl.CreateParams
 0001:00001624       Vcl.ComCtrls.TCustomHeaderControl.CreateSection
 0001:0000162C       Vcl.ComCtrls.TCustomHeaderControl.CreateSections
 0001:000015E4       Vcl.ComCtrls.TCustomHeaderControl.CreateWnd
 0001:000015D4       Vcl.ComCtrls.TCustomHeaderControl.Destroy
 0001:000015CC       Vcl.ComCtrls.TCustomHeaderControl.Destroy@
 0001:000015EC       Vcl.ComCtrls.TCustomHeaderControl.DestroyWnd
 0001:000015F4       Vcl.ComCtrls.TCustomHeaderControl.DrawSection
 0001:00001614       Vcl.ComCtrls.TCustomHeaderControl.Notification
 0001:000015FC       Vcl.ComCtrls.TCustomHeaderControl.SectionClick
 0001:0000161C       Vcl.ComCtrls.TCustomHeaderControl.SetImages
 0001:00001604       Vcl.ComCtrls.TCustomHeaderControl.SetStyle
 0001:0000160C       Vcl.ComCtrls.TCustomHeaderControl.WndProc
 0002:00000268       Vcl.ComCtrls.TCustomHotKey.Create@
 0001:00001674       Vcl.ComCtrls.TCustomHotKey.Destroy@
 0002:00000278       Vcl.ComCtrls.TCustomListView.Create@
 0001:000016DC       Vcl.ComCtrls.TCustomListView.Destroy@
 0001:000016F4       Vcl.ComCtrls.TCustomListView.FindCaption
 0001:000016EC       Vcl.ComCtrls.TCustomListView.GetColumnFromIndex
 0001:000016FC       Vcl.ComCtrls.TCustomListView.SetSelected
 0001:000016E4       Vcl.ComCtrls.TCustomListView.SetSortType
 0002:00000248       Vcl.ComCtrls.TCustomRichEdit.Create@
 0001:00001654       Vcl.ComCtrls.TCustomRichEdit.Destroy@
 0002:00000218       Vcl.ComCtrls.TCustomStatusBar.Create@
 0001:0000157C       Vcl.ComCtrls.TCustomStatusBar.Destroy@
 0001:000014DC       Vcl.ComCtrls.TCustomTabControl.AdjustClientRect
 0002:00000208       Vcl.ComCtrls.TCustomTabControl.Create@
 0001:00001494       Vcl.ComCtrls.TCustomTabControl.CreateParams
 0001:0000149C       Vcl.ComCtrls.TCustomTabControl.CreateWnd
 0001:0000148C       Vcl.ComCtrls.TCustomTabControl.Destroy@
 0001:000014A4       Vcl.ComCtrls.TCustomTabControl.DrawTab
 0001:000014AC       Vcl.ComCtrls.TCustomTabControl.Notification
 0001:000014B4       Vcl.ComCtrls.TCustomTabControl.SetMultiLine
 0001:000014BC       Vcl.ComCtrls.TCustomTabControl.SetOwnerDraw
 0001:000014C4       Vcl.ComCtrls.TCustomTabControl.SetStyle
 0001:000014CC       Vcl.ComCtrls.TCustomTabControl.SetTabHeight
 0001:000014D4       Vcl.ComCtrls.TCustomTabControl.SetTabPosition
 0002:00000228       Vcl.ComCtrls.TCustomTreeView.Create@
 0001:00001634       Vcl.ComCtrls.TCustomTreeView.Destroy@
 0002:00000258       Vcl.ComCtrls.TCustomUpDown.Create@
 0001:00001664       Vcl.ComCtrls.TCustomUpDown.Destroy@
 0002:00000298       Vcl.ComCtrls.TDateTimePicker.Create@
 0001:00001724       Vcl.ComCtrls.TDateTimePicker.Destroy@
 0002:000002C0       Vcl.ComCtrls.THeaderControl.Create@
 0001:0000174C       Vcl.ComCtrls.THeaderControl.Destroy@
 0001:00001584       Vcl.ComCtrls.THeaderSection.SetAlignment
 0001:0000158C       Vcl.ComCtrls.THeaderSection.SetAutoSize
 0001:000015AC       Vcl.ComCtrls.THeaderSection.SetFixedWidth
 0001:00001594       Vcl.ComCtrls.THeaderSection.SetStyle
 0001:0000159C       Vcl.ComCtrls.THeaderSection.SetText
 0001:000015A4       Vcl.ComCtrls.THeaderSection.SetWidth
 0001:000015B4       Vcl.ComCtrls.THeaderSections.Add
 0001:000015BC       Vcl.ComCtrls.THeaderSections.GetItem
 0002:00000270       Vcl.ComCtrls.THotKey.Create@
 0001:0000167C       Vcl.ComCtrls.THotKey.Destroy@
 0001:0000168C       Vcl.ComCtrls.TListColumn.SetAutoSize
 0001:00001684       Vcl.ComCtrls.TListColumn.SetCaption
 0001:00001694       Vcl.ComCtrls.TListColumns.Add
 0001:0000169C       Vcl.ComCtrls.TListItem.GetChecked
 0001:000016B4       Vcl.ComCtrls.TListItem.GetState
 0001:000016AC       Vcl.ComCtrls.TListItem.SetCaption
 0001:000016A4       Vcl.ComCtrls.TListItem.SetChecked
 0001:000016BC       Vcl.ComCtrls.TListItem.SetState
 0001:000016C4       Vcl.ComCtrls.TListItems.Add
 0001:000016CC       Vcl.ComCtrls.TListItems.GetCount
 0001:000016D4       Vcl.ComCtrls.TListItems.GetItem
 0002:00000280       Vcl.ComCtrls.TListView.Create@
 0001:00001704       Vcl.ComCtrls.TListView.Destroy@
 0001:00001524       Vcl.ComCtrls.TPageControl.CanShowTab
 0001:0000152C       Vcl.ComCtrls.TPageControl.Change
 0001:0000150C       Vcl.ComCtrls.TPageControl.Create
 0001:00001514       Vcl.ComCtrls.TPageControl.Destroy
 0001:00001564       Vcl.ComCtrls.TPageControl.GetActivePageIndex
 0001:00001534       Vcl.ComCtrls.TPageControl.GetImageIndex
 0001:0000153C       Vcl.ComCtrls.TPageControl.GetPage
 0001:00001544       Vcl.ComCtrls.TPageControl.GetPageCount
 0001:0000151C       Vcl.ComCtrls.TPageControl.Loaded
 0001:0000154C       Vcl.ComCtrls.TPageControl.SelectNextPage
 0001:0000156C       Vcl.ComCtrls.TPageControl.SetActivePageIndex
 0001:00001574       Vcl.ComCtrls.TPageControl.SetTabIndex
 0001:00001554       Vcl.ComCtrls.TPageControl.ShowControl
 0001:0000155C       Vcl.ComCtrls.TPageControl.UpdateActivePage
 0002:000002A0       Vcl.ComCtrls.TPageScroller.Create@
 0001:0000172C       Vcl.ComCtrls.TPageScroller.Destroy@
 0002:00000240       Vcl.ComCtrls.TProgressBar.Create@
 0001:0000164C       Vcl.ComCtrls.TProgressBar.Destroy@
 0002:00000250       Vcl.ComCtrls.TRichEdit.Create@
 0001:0000165C       Vcl.ComCtrls.TRichEdit.Destroy@
 0002:000002B8       Vcl.ComCtrls.TStatusBar.Create@
 0001:00001744       Vcl.ComCtrls.TStatusBar.Destroy@
 0002:00000210       Vcl.ComCtrls.TTabControl.Create@
 0001:000014E4       Vcl.ComCtrls.TTabControl.Destroy@
 0001:00001754       Vcl.ComCtrls.TTabControlStyleHook.Create
 0001:0000175C       Vcl.ComCtrls.TTabControlStyleHook.Destroy
 0001:0000177C       Vcl.ComCtrls.TTabControlStyleHook.DrawTab
 0001:000017AC       Vcl.ComCtrls.TTabControlStyleHook.GetTabIndex
 0001:000017A4       Vcl.ComCtrls.TTabControlStyleHook.GetTabPosition
 0001:0000179C       Vcl.ComCtrls.TTabControlStyleHook.GetTabRect
 0001:00001794       Vcl.ComCtrls.TTabControlStyleHook.GetTabs
 0001:0000178C       Vcl.ComCtrls.TTabControlStyleHook.Paint
 0001:00001784       Vcl.ComCtrls.TTabControlStyleHook.PaintBackground
 0001:0000176C       Vcl.ComCtrls.TTabControlStyleHook.PaintUpDown
 0001:00001774       Vcl.ComCtrls.TTabControlStyleHook.UpDownWndProc
 0001:00001764       Vcl.ComCtrls.TTabControlStyleHook.WndProc
 0001:000014EC       Vcl.ComCtrls.TTabSheet.GetPageIndex
 0001:000014F4       Vcl.ComCtrls.TTabSheet.GetTabIndex
 0001:000014FC       Vcl.ComCtrls.TTabSheet.SetPageControl
 0001:00001504       Vcl.ComCtrls.TTabSheet.SetTabVisible
 0002:00000288       Vcl.ComCtrls.TToolBar.Create@
 0001:0000170C       Vcl.ComCtrls.TToolBar.Destroy@
 0002:00000238       Vcl.ComCtrls.TTrackBar.Create@
 0001:00001644       Vcl.ComCtrls.TTrackBar.Destroy@
 0002:00000230       Vcl.ComCtrls.TTreeView.Create@
 0001:0000163C       Vcl.ComCtrls.TTreeView.Destroy@
 0002:00000260       Vcl.ComCtrls.TUpDown.Create@
 0001:0000166C       Vcl.ComCtrls.TUpDown.Destroy@
 0002:000002C8       Vcl.ComCtrls.Vcl.ComCtrls
 0001:000013CC       Vcl.Controls.Finalization
 0001:0000120C       Vcl.Controls.TControl.BringToFront
 0001:000011BC       Vcl.Controls.TControl.ClientToScreen
 0001:0000122C       Vcl.Controls.TControl.CreateTouchManager
 0001:000011C4       Vcl.Controls.TControl.DefaultScalingFlags
 0001:0000121C       Vcl.Controls.TControl.DoGesture
 0001:00001224       Vcl.Controls.TControl.DoGetGestureOptions
 0001:0000118C       Vcl.Controls.TControl.GetAction
 0001:000011B4       Vcl.Controls.TControl.GetClientHeight
 0001:0000117C       Vcl.Controls.TControl.GetDragImages
 0001:00001184       Vcl.Controls.TControl.GetEnabled
 0001:0000123C       Vcl.Controls.TControl.GetFloating
 0001:00001244       Vcl.Controls.TControl.GetFloatingDockSiteClass
 0001:000011EC       Vcl.Controls.TControl.GetText
 0001:0000124C       Vcl.Controls.TControl.InitiateAction
 0001:00001234       Vcl.Controls.TControl.Loaded
[...]
   826 0001:000193F1   828 0001:00019401   829 0001:00019416   832 0001:00019482
   833 0001:00019489   835 0001:00019499   836 0001:000194AE   839 0001:00019524
   841 0001:0001952B   845 0001:0001955B   847 0001:00019568   854 0001:00019654
   857 0001:00019679   859 0001:00019689   861 0001:000196A1   862 0001:000196A4
   864 0001:000196B5   865 0001:000196C8   867 0001:000196D0   869 0001:000196ED
   872 0001:0001970E   873 0001:0001971D   874 0001:0001972B   876 0001:00019754
   877 0001:00019768   878 0001:0001977E   879 0001:00019785   882 0001:000197A0
   884 0001:000197B0   892 0001:000197DC   895 0001:0001980A   898 0001:00019820
   900 0001:00019830   902 0001:00019848   903 0001:0001984B   905 0001:0001985C
   906 0001:0001986F   908 0001:00019877   910 0001:00019894   913 0001:000198B5
   915 0001:000198C2   917 0001:000198D7   919 0001:000198F1   920 0001:00019908
   922 0001:00019917   924 0001:00019924   927 0001:0001994D   930 0001:00019952
   931 0001:00019961   932 0001:0001996F   934 0001:00019998   935 0001:000199AC
   936 0001:000199C2   937 0001:000199C9   940 0001:000199E4   942 0001:000199F4
   948 0001:00019A7C   951 0001:00019A9A   953 0001:00019AA7   955 0001:00019ABC
   956 0001:00019ACB   958 0001:00019AD3   960 0001:00019AE2   963 0001:00019AF5
   964 0001:00019B04   965 0001:00019B12   966 0001:00019B30   967 0001:00019B37
   969 0001:00019B52   971 0001:00019B62   977 0001:00019B8C   978 0001:00019BAD
   983 0001:00019BC2   984 0001:00019BC8   985 0001:00019BDE   986 0001:00019C01
   984 0001:00019C2E   988 0001:00019C33   989 0001:00019C4E   995 0001:00019C78
   996 0001:00019C7C   999 0001:00019C8D  1000 0001:00019C8F  1001 0001:00019C98
  1002 0001:00019CA7  1001 0001:00019CB7  1003 0001:00019CBA  1010 0001:00019CC0
  1011 0001:00019CC9  1013 0001:00019CD4  1016 0001:00019CF2  1019 0001:00019D03
  1021 0001:00019D0F  1022 0001:00019D13  1023 0001:00019D22  1024 0001:00019D27
  1026 0001:00019D34  1034 0001:00019D38  1035 0001:00019D44  1039 0001:00019D93
  1040 0001:00019DA8  1041 0001:00019DC0  1039 0001:00019DD6  1044 0001:00019DDE
  1047 0001:00019DF3  1049 0001:00019E04  1050 0001:00019E06  1051 0001:00019E10
  1054 0001:00019E20  1056 0001:00019E31  1057 0001:00019E33  1058 0001:00019E3D
  1063 0001:00019E4D  1064 0001:00019E5A  1067 0001:00019E62  1069 0001:00019E6C
  1071 0001:00019E7D  1072 0001:00019E8F  1073 0001:00019EA1  1075 0001:00019EB2
  1076 0001:00019EC4  1077 0001:00019ED6  1078 0001:00019EE7  1081 0001:00019EF7
  1084 0001:00019F00  1085 0001:00019F01  1086 0001:00019F0B  1087 0001:00019F1D
  1090 0001:00019F20  1091 0001:00019F21  1092 0001:00019F2B  1093 0001:00019F3D
  1096 0001:00019F40  1097 0001:00019F41  1098 0001:00019F4B  1099 0001:00019F5B
  1102 0001:00019F60  1103 0001:00019F61  1104 0001:00019F6B  1105 0001:00019F7D
  1108 0001:00019F80  1109 0001:00019F81  1110 0001:00019F8B  1111 0001:00019F9D
  1118 0001:00019FA0  1119 0001:00019FC2  1122 0001:00019FF3  1124 0001:0001A010
  1125 0001:0001A01F  1126 0001:0001A02E  1127 0001:0001A03C  1128 0001:0001A04A
  1130 0001:0001A05C  1132 0001:0001A074  1137 0001:0001A084  1139 0001:0001A08A
  1140 0001:0001A092  1141 0001:0001A09E  1143 0001:0001A0A9  1130 0001:0001A0AA
  1145 0001:0001A0AD  1146 0001:0001A0B9  1148 0001:0001A0C6  1150 0001:0001A0D6
  1151 0001:0001A0DC  1154 0001:0001A150  1157 0001:0001A1A2  1159 0001:0001A1AA
  1160 0001:0001A1BB  1161 0001:0001A1C7  1166 0001:0001A23E  1167 0001:0001A244
  1170 0001:0001A262  1171 0001:0001A26A  1173 0001:0001A272  1175 0001:0001A297
  1178 0001:0001A318  1179 0001:0001A31B  1181 0001:0001A322  1183 0001:0001A32F
  1184 0001:0001A338  1185 0001:0001A33F  1186 0001:0001A350  1188 0001:0001A357
  1192 0001:0001A35C  1193 0001:0001A364  1199 0001:0001A368  1200 0001:0001A36D
  1201 0001:0001A378  1203 0001:0001A37C  1204 0001:0001A391  1205 0001:0001A395
  1206 0001:0001A3A6  1207 0001:0001A3BB  1208 0001:0001A3D0  1209 0001:0001A3D4
  1211 0001:0001A3DD  1217 0001:0001A3E4  1218 0001:0001A3E8  1219 0001:0001A3F3
  1221 0001:0001A3F7  1222 0001:0001A406  1223 0001:0001A40A  1224 0001:0001A419
  1225 0001:0001A41D  1227 0001:0001A426  1238 0001:0001A42C  1239 0001:0001A457
  1240 0001:0001A45B  1242 0001:0001A469  1243 0001:0001A478  1244 0001:0001A486
  1245 0001:0001A48B  1247 0001:0001A498  1248 0001:0001A49C  1250 0001:0001A4B8
  1251 0001:0001A4CA  1253 0001:0001A50C  1255 0001:0001A51B  1257 0001:0001A51F
  1259 0001:0001A525  1260 0001:0001A537  1262 0001:0001A544  1265 0001:0001A54A
  1266 0001:0001A55A  1268 0001:0001A583  1270 0001:0001A5A3  1272 0001:0001A5B5
  1273 0001:0001A5BB  1277 0001:0001A5E0  1278 0001:0001A5EA  1279 0001:0001A5F6
  1281 0001:0001A607  1248 0001:0001A608  1284 0001:0001A60F  1286 0001:0001A616
  1288 0001:0001A620  1289 0001:0001A62C  1290 0001:0001A63F  1292 0001:0001A643
  1294 0001:0001A652  1295 0001:0001A668  1296 0001:0001A674  1297 0001:0001A67D
  1300 0001:0001A68A  1302 0001:0001A690  1303 0001:0001A6A3  1304 0001:0001A6A7
  1306 0001:0001A6B2  1307 0001:0001A6C8  1310 0001:0001A6D4  1311 0001:0001A6D7
  1312 0001:0001A6E4  1313 0001:0001A6ED  1317 0001:0001A6F8  1320 0001:0001A702
  1322 0001:0001A70F  1323 0001:0001A71D  1324 0001:0001A72E  1327 0001:0001A73B
  1329 0001:0001A753  1330 0001:0001A76C  1332 0001:0001A78D  1333 0001:0001A79C
  1335 0001:0001A7AC  1336 0001:0001A7B0  1337 0001:0001A7BE  1339 0001:0001A7E1
  1342 0001:0001A7F2  1343 0001:0001A7FA  1345 0001:0001A80F  1352 0001:0001A8FC
  1353 0001:0001A92C  1355 0001:0001A938  1356 0001:0001A949  1360 0001:0001A95F
  1361 0001:0001A969  1362 0001:0001A973  1363 0001:0001A97D  1364 0001:0001A987
  1365 0001:0001A991  1366 0001:0001A99B  1368 0001:0001A9A5  1369 0001:0001A9BF
  1371 0001:0001A9CC  1372 0001:0001A9EA  1374 0001:0001AA08  1377 0001:0001AA15
  1379 0001:0001AA2B  1380 0001:0001AA36  1382 0001:0001AA3F  1384 0001:0001AA59
  1385 0001:0001AA74  1387 0001:0001AA87  1388 0001:0001AA9A  1404 0001:0001AAAD
  1405 0001:0001AAC7  1406 0001:0001AAD3  1407 0001:0001AAE6  1409 0001:0001AAFD
  1410 0001:0001AB12  1411 0001:0001AB27  1413 0001:0001AB3C  1415 0001:0001AB44
  1416 0001:0001AB52  1418 0001:0001AB83  1419 0001:0001AB88  1432 0001:0001AC54
  1433 0001:0001AC78  1435 0001:0001AC88  1437 0001:0001AC92  1438 0001:0001ACA1
  1439 0001:0001ACB0  1440 0001:0001ACBE  1441 0001:0001ACCC  1443 0001:0001ACD6
  1445 0001:0001ACE4  1446 0001:0001AD17  1447 0001:0001AD1D  1451 0001:0001AD30
  1452 0001:0001AD3C  1454 0001:0001AD53  1455 0001:0001AD6A  1457 0001:0001AD81
  1458 0001:0001AD8E  1459 0001:0001AD9C  1464 0001:0001ADCF  1465 0001:0001ADE2
  1466 0001:0001AE00  1467 0001:0001AE21  1465 0001:0001AE42  1467 0001:0001AE45
  1464 0001:0001AE46  1469 0001:0001AE4B  1471 0001:0001AE59  1472 0001:0001AE6A
  1474 0001:0001AE8D  1476 0001:0001AEA0  1477 0001:0001AEAA  1480 0001:0001AEBE
  1481 0001:0001AEC8  1484 0001:0001AEDA  1486 0001:0001AEEC  1487 0001:0001AF2D
  1491 0001:0001AF44  1494 0001:0001AF79  1495 0001:0001AF9D  1497 0001:0001AFAD
  1499 0001:0001AFBD  1501 0001:0001AFEA  1503 0001:0001AFFC  1505 0001:0001B029
  1506 0001:0001B02F  1508 0001:0001B051  1497 0001:0001B052  1513 0001:0001B059
  1514 0001:0001B09A  1516 0001:0001B0EC  1517 0001:0001B120  1518 0001:0001B164
  1519 0001:0001B198  1524 0001:0001B1E3  1526 0001:0001B224  1527 0001:0001B262
  1530 0001:0001B27F  1533 0001:0001B292  1534 0001:0001B2BC  1536 0001:0001B2CC
  1538 0001:0001B2DC  1539 0001:0001B309  1553 0001:0001B336  1554 0001:0001B34B
  1555 0001:0001B35E  1556 0001:0001B373  1557 0001:0001B38A  1558 0001:0001B39F
  1559 0001:0001B3B2  1560 0001:0001B3C7  1561 0001:0001B3DA  1562 0001:0001B3EF
  1563 0001:0001B402  1564 0001:0001B417  1565 0001:0001B42A  1566 0001:0001B43F
  1567 0001:0001B452  1568 0001:0001B467  1569 0001:0001B47A  1570 0001:0001B48F
  1571 0001:0001B49F  1572 0001:0001B4B4  1573 0001:0001B4C4  1575 0001:0001B4D9
  1576 0001:0001B4EA  1577 0001:0001B4FC  1579 0001:0001B507  1536 0001:0001B508
  1586 0001:0001B50F  1588 0001:0001B550  1589 0001:0001B58E  1592 0001:0001B5AB
  1594 0001:0001B5BE  1595 0001:0001B5FB  1596 0001:0001B670  1598 0001:0001B6B1
  1599 0001:0001B6ED  1603 0001:0001B742  1487 0001:0001B743  1604 0001:0001B74C
  1606 0001:0001B754  1607 0001:0001B7BA  1609 0001:0001B7C9  1610 0001:0001B81F
  1611 0001:0001B875  1612 0001:0001B8CB  1613 0001:0001B8E1  1614 0001:0001B8F7
  1616 0001:0001B90D  1617 0001:0001B935  1618 0001:0001B93B  1619 0001:0001B947
  1620 0001:0001B94D  1622 0001:0001B95E  1624 0001:0001B977  1625 0001:0001B97D
  1626 0001:0001B9A5  1627 0001:0001B9AD  1628 0001:0001B9B3  1629 0001:0001B9DB
  1630 0001:0001B9E3  1631 0001:0001B9E9  1632 0001:0001BA11  1634 0001:0001BA19
  1635 0001:0001BA33  1637 0001:0001BA37  1638 0001:0001BA4E  1639 0001:0001BA5D
  1640 0001:0001BA6C  1642 0001:0001BA7B  1643 0001:0001BA99  1622 0001:0001BA9A
  1649 0001:0001BABE  1652 0001:0001BADC  1653 0001:0001BAE4  1655 0001:0001BAEC
  1657 0001:0001BAFB  1658 0001:0001BB06  1661 0001:0001BB15  1662 0001:0001BB21
  1664 0001:0001BB38  1665 0001:0001BB74  1667 0001:0001BB85  1669 0001:0001BB90
  1670 0001:0001BBA1  1671 0001:0001BBAD  1672 0001:0001BBB7  1674 0001:0001BBBF
  1662 0001:0001BBC0  1676 0001:0001BBC9  1677 0001:0001BBD5  1679 0001:0001BBE2
  1681 0001:0001BBF0  1682 0001:0001BBFD  1684 0001:0001BC1D  1687 0001:0001BFC0
  1688 0001:0001BFC7  1690 0001:0001BFCF  1692 0001:0001BFDF  1693 0001:0001BFF5
  1694 0001:0001C003  1695 0001:0001C00F  1696 0001:0001C01B  1697 0001:0001C02A
  1699 0001:0001C041  1701 0001:0001C04D  1704 0001:0001C062  1707 0001:0001C068
  1708 0001:0001C073  1709 0001:0001C079  1711 0001:0001C08E  1712 0001:0001C099
  1713 0001:0001C0A4  1714 0001:0001C0AF  1715 0001:0001C0BA  1717 0001:0001C0C5
  1719 0001:0001C0D6  1720 0001:0001C0E0  1722 0001:0001C0E6  1723 0001:0001C0F1
  1726 0001:0001C100  1730 0001:0001C106  1731 0001:0001C114  1733 0001:0001C11C
  1734 0001:0001C137  1737 0001:0001C13C  1738 0001:0001C13F  1740 0001:0001C146
  1742 0001:0001C14F  1743 0001:0001C156  1745 0001:0001C15F  1746 0001:0001C16D
  1749 0001:0001C170  1750 0001:0001C18B  1752 0001:0001C192  1754 0001:0001C19D
  1757 0001:0001C1A7  1758 0001:0001C1BA  1760 0001:0001C1C3  1762 0001:0001C221
  1763 0001:0001C22F  1765 0001:0001C23D  1768 0001:0001C2A4  1769 0001:0001C2A7
  1770 0001:0001C2B9  1772 0001:0001C2BE  1773 0001:0001C2C1  1776 0001:0001C310
  1777 0001:0001C31F  1779 0001:0001C329  1780 0001:0001C32F  1783 0001:0001C334
  1784 0001:0001C342  1785 0001:0001C350  1786 0001:0001C35E  1788 0001:0001C38C
  1790 0001:0001C39E  1791 0001:0001C3A8  1793 0001:0001C3B6  1799 0001:0001C430
  1800 0001:0001C44B  1802 0001:0001C456  1804 0001:0001C464  1805 0001:0001C47C
  1806 0001:0001C48B  1809 0001:0001C4B3  1810 0001:0001C4C6  1811 0001:0001C4CA
  1812 0001:0001C4D0  1813 0001:0001C4D9  1816 0001:0001C4FF  1822 0001:0001C530
  1823 0001:0001C535  1825 0001:0001C543  1826 0001:0001C550  1828 0001:0001C58A
  1830 0001:0001C597  1832 0001:0001C5A2  1835 0001:0001C5A4  1836 0001:0001C5AD
  1838 0001:0001C5D3  1840 0001:0001C5E0  1841 0001:0001C5EB  1847 0001:0001C5F0
  1848 0001:0001C5F4  1850 0001:0001C602  1851 0001:0001C60F  1853 0001:0001C634
  1855 0001:0001C641  1857 0001:0001C64C  1860 0001:0001C64F  1861 0001:0001C658
  1863 0001:0001C67E  1865 0001:0001C68B  1866 0001:0001C696  1874 0001:0001C69C
  1875 0001:0001C6A8  1877 0001:0001C6B2  1880 0001:0001C6BC  1881 0001:0001C6CA
  1882 0001:0001C6D8  1884 0001:0001C71D  1886 0001:0001C71F  1887 0001:0001C729
  1890 0001:0001C73B  1894 0001:0001C7AC  1895 0001:0001C7B8  1897 0001:0001C7C2
  1900 0001:0001C7CC  1901 0001:0001C7DA  1902 0001:0001C7E8  1904 0001:0001C82D
  1906 0001:0001C82F  1907 0001:0001C839  1910 0001:0001C84B  1915 0001:0001C8BC
  1916 0001:0001C8C8  1918 0001:0001C8D2  1921 0001:0001C8DC  1922 0001:0001C8EA
  1923 0001:0001C8F8  1925 0001:0001C93D  1927 0001:0001C93F  1928 0001:0001C949
  1931 0001:0001C95B  1936 0001:0001C9CC  1937 0001:0001C9D2  1939 0001:0001C9D4
  1940 0001:0001C9DE  1941 0001:0001C9EF  1943 0001:0001CA0B  1944 0001:0001CA1A
  1945 0001:0001CA1C  1940 0001:0001CA1D  1946 0001:0001CA20  1957 0001:0001CA28
  1958 0001:0001CA47  1961 0001:0001CA54  1962 0001:0001CA5E  1964 0001:0001CA6C
  1965 0001:0001CA9F  1966 0001:0001CAAE  1968 0001:0001CACC  1970 0001:0001CAD8
  1972 0001:0001CD6C  1973 0001:0001CD8F  1975 0001:0001CD9A  1976 0001:0001CDA4
  1978 0001:0001CDAA  1980 0001:0001CDC2  1981 0001:0001CDE0  1982 0001:0001CDF2
  1984 0001:0001CE10  1985 0001:0001CE2E  1986 0001:0001CE40  1989 0001:0001CE4D
  1991 0001:0001CE65  1993 0001:0001CE74  1996 0001:0001CE88  1997 0001:0001CE9C
  1991 0001:0001CE9D  1999 0001:0001CEA1  2000 0001:0001CEBF  2002 0001:0001CECE
  2005 0001:0001CED6  2007 0001:0001CEDC  2008 0001:0001CEE1  2011 0001:0001CEE6
  2012 0001:0001CEF4  2013 0001:0001CF09  2015 0001:0001CF0D  2016 0001:0001CF1E
  2017 0001:0001CF35  2019 0001:0001CF4C  2020 0001:0001CF5B  2022 0001:0001CF76
  2025 0001:0001CF96  2027 0001:0001CFA7  2032 0001:0001D0D8  2033 0001:0001D0F6
  2035 0001:0001D0FA  2038 0001:0001D104  2039 0001:0001D112  2041 0001:0001D120
  2042 0001:0001D13A  2043 0001:0001D149  2047 0001:0001D168  2049 0001:0001D179

Line numbers for uBase(uBase.pas) segment .itext

  2054 0002:00000539  2055 0002:0000054F  2057 0002:00000565

Line numbers for frmConfiguration(frmConfiguration.pas) segment .text

   138 0001:0001E4D8   139 0001:0001E4DE   140 0001:0001E4EA   141 0001:0001E4EE
   142 0001:0001E4FA   149 0001:0001E530   150 0001:0001E53A   151 0001:0001E545
   153 0001:0001E554   154 0001:0001E561   155 0001:0001E56A   157 0001:0001E579
   158 0001:0001E582   162 0001:0001E588   163 0001:0001E5AA   164 0001:0001E5B3
   165 0001:0001E5C8   166 0001:0001E5D1   168 0001:0001E60A   169 0001:0001E613
   170 0001:0001E615   181 0001:0001E640   182 0001:0001E65E   183 0001:0001E66B
   186 0001:0001E681   187 0001:0001E6AC   188 0001:0001E6B3   190 0001:0001E6C0
   191 0001:0001E6DF   193 0001:0001E6E7   207 0001:0001E6FB   210 0001:0001E703
   211 0001:0001E717   212 0001:0001E72F   213 0001:0001E73D   214 0001:0001E74B
   215 0001:0001E759   216 0001:0001E76B   217 0001:0001E77D   218 0001:0001E78F
   219 0001:0001E7A1   220 0001:0001E7B3   221 0001:0001E7B9   223 0001:0001E7DC
   225 0001:0001E7E2   227 0001:0001E7FA   228 0001:0001E831   229 0001:0001E836
   230 0001:0001E845   225 0001:0001E848   233 0001:0001E84D   245 0001:0001E880
   246 0001:0001E8A2   247 0001:0001E8AF   249 0001:0001E8BD   252 0001:0001E8D3
   253 0001:0001E8E2   254 0001:0001E8F0   256 0001:0001E903   257 0001:0001E93E
   258 0001:0001E954   260 0001:0001E967   261 0001:0001E97B   262 0001:0001E9A8
   263 0001:0001E9D8   258 0001:0001E9D9   266 0001:0001E9EB   268 0001:0001E9FB
   271 0001:0001EA34   272 0001:0001EA37   274 0001:0001EA47   280 0001:0001EA4C
   281 0001:0001EA6A   282 0001:0001EA77   284 0001:0001EA85   286 0001:0001EA90
   287 0001:0001EAA9   289 0001:0001EAC9   290 0001:0001EADD   291 0001:0001EB13
   292 0001:0001EB4C   287 0001:0001EB4D   293 0001:0001EB56   298 0001:0001EB80
   299 0001:0001EBA0   302 0001:0001EBB9   303 0001:0001EBC7   306 0001:0001EBDD
   307 0001:0001EC46   309 0001:0001EC52   310 0001:0001EC63   311 0001:0001EC76
   316 0001:0001ECB3   319 0001:0001ECC4   320 0001:0001ECED   327 0001:0001ED54
   328 0001:0001ED57   335 0001:0001ED64   338 0001:0001ED68   339 0001:0001ED6B
   340 0001:0001ED7A   342 0001:0001ED83   343 0001:0001ED8A   348 0001:0001ED8C
   359 0001:0001ED90   360 0001:0001ED97   361 0001:0001ED9E   362 0001:0001EDA5
   363 0001:0001EDAF   365 0001:0001EDB4   366 0001:0001EDD7   369 0001:0001EDE5
   371 0001:0001EDF8   372 0001:0001EE07   373 0001:0001EE15   377 0001:0001EE23
   380 0001:0001EE43   382 0001:0001EEC9   383 0001:0001EEED   385 0001:0001EEF5
   386 0001:0001EF0A   388 0001:0001EF14   402 0001:0001F07B   377 0001:0001F07C
   404 0001:0001F085   405 0001:0001F093   408 0001:0001F0DB   411 0001:0001F0F9
   415 0001:0001F109   416 0001:0001F118   417 0001:0001F126   418 0001:0001F134
   420 0001:0001F154   422 0001:0001F15C   424 0001:0001F16F   425 0001:0001F1A0
   430 0001:0001F1B6   432 0001:0001F1C6   433 0001:0001F1D8   437 0001:0001F264
   418 0001:0001F265   440 0001:0001F289   443 0001:0001F2A7   446 0001:0001F2B7
   450 0001:0001F564   451 0001:0001F569   458 0001:0001F56C   459 0001:0001F56F
   460 0001:0001F57C   461 0001:0001F58A   462 0001:0001F597   463 0001:0001F59E
   468 0001:0001F5A0   469 0001:0001F5A5   470 0001:0001F5B3   472 0001:0001F5C1
   473 0001:0001F5D9   472 0001:0001F5E9   475 0001:0001F5EC   476 0001:0001F5F9
   477 0001:0001F607   478 0001:0001F615   479 0001:0001F623   480 0001:0001F631
   481 0001:0001F641   482 0001:0001F651   483 0001:0001F661   484 0001:0001F671
   485 0001:0001F681   486 0001:0001F692   491 0001:0001F698   492 0001:0001F69D
   494 0001:0001F6AE   495 0001:0001F6C9   494 0001:0001F6E9   497 0001:0001F6EC
   498 0001:0001F6F9   499 0001:0001F707   500 0001:0001F714   501 0001:0001F71B
   504 0001:0001F720   505 0001:0001F723   506 0001:0001F730   507 0001:0001F73E
   508 0001:0001F74C   509 0001:0001F75A   510 0001:0001F768   511 0001:0001F778
   512 0001:0001F788   513 0001:0001F798   514 0001:0001F7A8   515 0001:0001F7B8
   516 0001:0001F7C9   517 0001:0001F7D7   525 0001:0001F7DC   526 0001:0001F811
   528 0001:0001F81C   530 0001:0001F824   531 0001:0001F837   533 0001:0001F85C
   534 0001:0001F86F   535 0001:0001F8A5   537 0001:0001F8DC   538 0001:0001F8F0
   531 0001:0001F8F3   539 0001:0001F8FC   542 0001:0001F940   543 0001:0001F94B
   544 0001:0001F956   557 0001:0001F964   558 0001:0001F992   560 0001:0001F99C
   563 0001:0001F9B7   564 0001:0001F9D9   565 0001:0001F9EA   566 0001:0001FA02
   564 0001:0001FA1F   568 0001:0001FA22   569 0001:0001FA3B   570 0001:0001FA45
   571 0001:0001FA5A   574 0001:0001FA65   575 0001:0001FA80   577 0001:0001FA84
   578 0001:0001FA9B   581 0001:0001FAB7   582 0001:0001FAC1   585 0001:0001FACB
   587 0001:0001FADC   588 0001:0001FAF8   590 0001:0001FB14   592 0001:0001FB48
   593 0001:0001FB6A   594 0001:0001FB72   596 0001:0001FB7A   598 0001:0001FB8A
   599 0001:0001FBA7   600 0001:0001FBC6   601 0001:0001FBEC   599 0001:0001FC1D
   601 0001:0001FC20   598 0001:0001FC21   604 0001:0001FC26   606 0001:0001FC45
   607 0001:0001FC5D   608 0001:0001FC79   609 0001:0001FC7D   610 0001:0001FCA1
   604 0001:0001FCA2   611 0001:0001FCA7

Line numbers for frmConfiguration(frmConfiguration.pas) segment .itext

   613 0002:00000568

Line numbers for dBaseEditor(dBaseEditor.pas) segment .text

    44 0001:0001FF90    45 0001:0001FF91    46 0001:0001FFA1    47 0001:0001FFB1
    48 0001:0001FFC2    49 0001:0001FFD2    54 0001:0001FFD4    55 0001:0001FFD6
    57 0001:0001FFD8    58 0001:0001FFDF    61 0001:0001FFE3    62 0001:0001FFF4
    63 0001:0001FFF8    64 0001:00020009    65 0001:0002000F    72 0001:00020014
    73 0001:0002002E    75 0001:00020037    78 0001:0002003F    80 0001:00020053
    81 0001:00020077    82 0001:00020080    84 0001:00020090    85 0001:0002009A
    87 0001:000200AA    88 0001:000200B7    90 0001:000200C4    91 0001:000200CA
    93 0001:000200CE    94 0001:000200D7    96 0001:000200DE    97 0001:000200E8
   100 0001:000200F8   102 0001:00020101   107 0001:00020124   108 0001:0002012D
   109 0001:0002013E   110 0001:0002014C   111 0001:0002015A   112 0001:00020168
   114 0001:00020176   116 0001:00020181   122 0001:0002020C   123 0001:00020211

Line numbers for dBaseEditor(dBaseEditor.pas) segment .itext

   125 0002:00000658

Line numbers for .DDCSFramework(DDCSFramework.dpk) segment .itext

    51 0002:00000660

Bound resource files

frmAbout.DFM
frmSplash.DFM
frmVitals.dfm
frmReview.dfm
frmConfiguration.dfm
DDCSFramework.res
DDCSFramework.dres
DDCSFramework.drf


Program entry point at 0002:00000660
