
 Start         Length     Name                   Class
 0001:00401000 00020FCCH .text                   CODE
 0002:00422000 00000668H .itext                  ICODE
 0003:00423000 00000198H .data                   DATA
 0004:00424000 00000078H .bss                    BSS
 0005:00000000 00000000H .tls                    TLS
 0006:00400000 00000000H .pdata                  PDATA


Detailed map of segments

 0001:00000000 00000280 C=CODE     S=.text    G=(none)   M=System   ACBP=A9
 0001:00000280 000007D0 C=CODE     S=.text    G=(none)   M=SysInit  ACBP=A9
 0001:00000A50 00000018 C=CODE     S=.text    G=(none)   M=System.Types ACBP=A9
 0001:00000A68 0000017C C=CODE     S=.text    G=(none)   M=Winapi.Windows ACBP=A9
 0001:00000BE4 00000010 C=CODE     S=.text    G=(none)   M=System.Character ACBP=A9
 0001:00000BF4 00000008 C=CODE     S=.text    G=(none)   M=System.Internal.ExcUtils ACBP=A9
 0001:00000BFC 00000108 C=CODE     S=.text    G=(none)   M=System.SysUtils ACBP=A9
 0001:00000D04 00000008 C=CODE     S=.text    G=(none)   M=System.VarUtils ACBP=A9
 0001:00000D0C 00000020 C=CODE     S=.text    G=(none)   M=System.Variants ACBP=A9
 0001:00000D2C 00000008 C=CODE     S=.text    G=(none)   M=System.StrUtils ACBP=A9
 0001:00000D34 00000008 C=CODE     S=.text    G=(none)   M=System.AnsiStrings ACBP=A9
 0001:00000D3C 00000008 C=CODE     S=.text    G=(none)   M=System.Math ACBP=A9
 0001:00000D44 00000018 C=CODE     S=.text    G=(none)   M=System.Generics.Defaults ACBP=A9
 0001:00000D5C 000000B0 C=CODE     S=.text    G=(none)   M=System.Generics.Collections ACBP=A9
 0001:00000E0C 00000010 C=CODE     S=.text    G=(none)   M=System.Rtti ACBP=A9
 0001:00000E1C 00000020 C=CODE     S=.text    G=(none)   M=System.TypInfo ACBP=A9
 0001:00000E3C 000001F8 C=CODE     S=.text    G=(none)   M=System.Classes ACBP=A9
 0001:00001034 00000008 C=CODE     S=.text    G=(none)   M=System.Actions ACBP=A9
 0001:0000103C 00000008 C=CODE     S=.text    G=(none)   M=System.TimeSpan ACBP=A9
 0001:00001044 00000028 C=CODE     S=.text    G=(none)   M=System.DateUtils ACBP=A9
 0001:0000106C 00000008 C=CODE     S=.text    G=(none)   M=System.IOUtils ACBP=A9
 0001:00001074 00000008 C=CODE     S=.text    G=(none)   M=System.Win.Registry ACBP=A9
 0001:0000107C 00000048 C=CODE     S=.text    G=(none)   M=Vcl.Graphics ACBP=A9
 0001:000010C4 00000008 C=CODE     S=.text    G=(none)   M=System.SyncObjs ACBP=A9
 0001:000010CC 00000008 C=CODE     S=.text    G=(none)   M=Winapi.UxTheme ACBP=A9
 0001:000010D4 00000008 C=CODE     S=.text    G=(none)   M=Vcl.ActnList ACBP=A9
 0001:000010DC 00000020 C=CODE     S=.text    G=(none)   M=System.Win.ComObj ACBP=A9
 0001:000010FC 00000068 C=CODE     S=.text    G=(none)   M=Winapi.MsCTF ACBP=A9
 0001:00001164 00000008 C=CODE     S=.text    G=(none)   M=Vcl.GraphUtil ACBP=A9
 0001:0000116C 00000008 C=CODE     S=.text    G=(none)   M=Winapi.ShellAPI ACBP=A9
 0001:00001174 00000260 C=CODE     S=.text    G=(none)   M=Vcl.Controls ACBP=A9
 0001:000013D4 000000A8 C=CODE     S=.text    G=(none)   M=Vcl.StdCtrls ACBP=A9
 0001:0000147C 00000008 C=CODE     S=.text    G=(none)   M=Vcl.Printers ACBP=A9
 0001:00001484 00000008 C=CODE     S=.text    G=(none)   M=Vcl.Clipbrd ACBP=A9
 0001:0000148C 00000330 C=CODE     S=.text    G=(none)   M=Vcl.ComCtrls ACBP=A9
 0001:000017BC 00000008 C=CODE     S=.text    G=(none)   M=System.HelpIntfs ACBP=A9
 0001:000017C4 00000010 C=CODE     S=.text    G=(none)   M=Vcl.Dialogs ACBP=A9
 0001:000017D4 00000048 C=CODE     S=.text    G=(none)   M=Vcl.ExtCtrls ACBP=A9
 0001:0000181C 000000B0 C=CODE     S=.text    G=(none)   M=Vcl.Themes ACBP=A9
 0001:000018CC 00000050 C=CODE     S=.text    G=(none)   M=Vcl.Menus ACBP=A9
 0001:0000191C 00000008 C=CODE     S=.text    G=(none)   M=Winapi.FlatSB ACBP=A9
 0001:00001924 00000200 C=CODE     S=.text    G=(none)   M=Vcl.Forms ACBP=A9
 0001:00001B24 00000008 C=CODE     S=.text    G=(none)   M=Vcl.Imaging.pngimage ACBP=A9
 0001:00001B2C 00000008 C=CODE     S=.text    G=(none)   M=JclBase  ACBP=A9
 0001:00001B34 00000008 C=CODE     S=.text    G=(none)   M=JclMath  ACBP=A9
 0001:00001B3C 00000008 C=CODE     S=.text    G=(none)   M=JclAnsiStrings ACBP=A9
 0001:00001B44 00000008 C=CODE     S=.text    G=(none)   M=Snmp     ACBP=A9
 0001:00001B4C 00000008 C=CODE     S=.text    G=(none)   M=JclShell ACBP=A9
 0001:00001B54 00000008 C=CODE     S=.text    G=(none)   M=JclSysInfo ACBP=A9
 0001:00001B5C 00000008 C=CODE     S=.text    G=(none)   M=JclUnicode ACBP=A9
 0001:00001B64 00000008 C=CODE     S=.text    G=(none)   M=JclStrings ACBP=A9
 0001:00001B6C 00000008 C=CODE     S=.text    G=(none)   M=JclRegistry ACBP=A9
 0001:00001B74 00000008 C=CODE     S=.text    G=(none)   M=JclSysUtils ACBP=A9
 0001:00001B7C 00000010 C=CODE     S=.text    G=(none)   M=JclFileUtils ACBP=A9
 0001:00001B8C 00000008 C=CODE     S=.text    G=(none)   M=JvTypes  ACBP=A9
 0001:00001B94 00000010 C=CODE     S=.text    G=(none)   M=Vcl.Buttons ACBP=A9
 0001:00001BA4 00000040 C=CODE     S=.text    G=(none)   M=Vcl.Grids ACBP=A9
 0001:00001BE4 00000008 C=CODE     S=.text    G=(none)   M=JclRTTI  ACBP=A9
 0001:00001BEC 00000008 C=CODE     S=.text    G=(none)   M=JclSimpleXml ACBP=A9
 0001:00001BF4 00000008 C=CODE     S=.text    G=(none)   M=JvAppStorage ACBP=A9
 0001:00001BFC 00000008 C=CODE     S=.text    G=(none)   M=Vcl.Imaging.jpeg ACBP=A9
 0001:00001C04 00000008 C=CODE     S=.text    G=(none)   M=JvJVCLUtils ACBP=A9
 0001:00001C0C 00000AB4 C=CODE     S=.text    G=(none)   M=frmAbout ACBP=A9
 0001:000026C0 000004D4 C=CODE     S=.text    G=(none)   M=frmSplash ACBP=A9
 0001:00002B94 00000008 C=CODE     S=.text    G=(none)   M=Winapi.msxml ACBP=A9
 0001:00002B9C 00000008 C=CODE     S=.text    G=(none)   M=Sgnoncnf ACBP=A9
 0001:00002BA4 00000008 C=CODE     S=.text    G=(none)   M=SelDiv   ACBP=A9
 0001:00002BAC 00000008 C=CODE     S=.text    G=(none)   M=RpcNet   ACBP=A9
 0001:00002BB4 00000008 C=CODE     S=.text    G=(none)   M=Rpcconf1 ACBP=A9
 0001:00002BBC 00000008 C=CODE     S=.text    G=(none)   M=Trpcb    ACBP=A9
 0001:00002BC4 00000184 C=CODE     S=.text    G=(none)   M=CPRSChart_TLB ACBP=A9
 0001:00002D48 00000008 C=CODE     S=.text    G=(none)   M=Vcl.OleServer ACBP=A9
 0001:00002D50 000003D8 C=CODE     S=.text    G=(none)   M=DDCSFormBuilder_TLB ACBP=A9
 0001:00003128 00000018 C=CODE     S=.text    G=(none)   M=Vcl.CheckLst ACBP=A9
 0001:00003140 00000010 C=CODE     S=.text    G=(none)   M=VAUtils  ACBP=A9
 0001:00003150 00000040 C=CODE     S=.text    G=(none)   M=ORCtrls  ACBP=A9
 0001:00003190 00000008 C=CODE     S=.text    G=(none)   M=VCLTee.TeeHtml ACBP=A9
 0001:00003198 00000008 C=CODE     S=.text    G=(none)   M=VCLTee.TeeConst ACBP=A9
 0001:000031A0 00000008 C=CODE     S=.text    G=(none)   M=VCLTee.TeCanvas ACBP=A9
 0001:000031A8 00000008 C=CODE     S=.text    G=(none)   M=VCLTee.TeeFilters ACBP=A9
 0001:000031B0 00000008 C=CODE     S=.text    G=(none)   M=VCLTee.TeeProcs ACBP=A9
 0001:000031B8 00000008 C=CODE     S=.text    G=(none)   M=VCLTee.TeEngine ACBP=A9
 0001:000031C0 00000008 C=CODE     S=.text    G=(none)   M=VCLTee.Chart ACBP=A9
 0001:000031C8 00000028 C=CODE     S=.text    G=(none)   M=ORFn     ACBP=A9
 0001:000031F0 00000008 C=CODE     S=.text    G=(none)   M=ORNet    ACBP=A9
 0001:000031F8 00002230 C=CODE     S=.text    G=(none)   M=DDCSComBroker ACBP=A9
 0001:00005428 00000010 C=CODE     S=.text    G=(none)   M=Vcl.Samples.Spin ACBP=A9
 0001:00005438 00000010 C=CODE     S=.text    G=(none)   M=Vcl.CategoryButtons ACBP=A9
 0001:00005448 00000008 C=CODE     S=.text    G=(none)   M=Vcl.ButtonGroup ACBP=A9
 0001:00005450 00000008 C=CODE     S=.text    G=(none)   M=Vcl.SysStyles ACBP=A9
 0001:00005458 00000010 C=CODE     S=.text    G=(none)   M=Vcl.Styles ACBP=A9
 0001:00005468 00000288 C=CODE     S=.text    G=(none)   M=FSAPILib_TLB ACBP=A9
 0001:000056F0 00000010 C=CODE     S=.text    G=(none)   M=System.ConvUtils ACBP=A9
 0001:00005700 00000008 C=CODE     S=.text    G=(none)   M=System.StdConvs ACBP=A9
 0001:00005708 00000020 C=CODE     S=.text    G=(none)   M=ORDtTm   ACBP=A9
 0001:00005728 0000058C C=CODE     S=.text    G=(none)   M=DDCSUtils ACBP=A9
 0001:00005CB4 00000868 C=CODE     S=.text    G=(none)   M=uCommon  ACBP=A9
 0001:0000651C 0000BB58 C=CODE     S=.text    G=(none)   M=frmVitals ACBP=A9
 0001:00012074 0000433C C=CODE     S=.text    G=(none)   M=uReportItems ACBP=A9
 0001:000163B0 000006D8 C=CODE     S=.text    G=(none)   M=frmReview ACBP=A9
 0001:00016A88 0000677C C=CODE     S=.text    G=(none)   M=uBase    ACBP=A9
 0001:0001D204 00002AC8 C=CODE     S=.text    G=(none)   M=frmConfiguration ACBP=A9
 0001:0001FCCC 00000008 C=CODE     S=.text    G=(none)   M=DesignIntf ACBP=A9
 0001:0001FCD4 00000008 C=CODE     S=.text    G=(none)   M=IDEMessages ACBP=A9
 0001:0001FCDC 00000008 C=CODE     S=.text    G=(none)   M=Vcl.CaptionedDockTree ACBP=A9
 0001:0001FCE4 00000008 C=CODE     S=.text    G=(none)   M=Vcl.DockTabSet ACBP=A9
 0001:0001FCEC 00000008 C=CODE     S=.text    G=(none)   M=PercentageDockTree ACBP=A9
 0001:0001FCF4 00000008 C=CODE     S=.text    G=(none)   M=BrandingAPI ACBP=A9
 0001:0001FCFC 00000008 C=CODE     S=.text    G=(none)   M=Vcl.ExtDlgs ACBP=A9
 0001:0001FD04 00000008 C=CODE     S=.text    G=(none)   M=Winapi.Mapi ACBP=A9
 0001:0001FD0C 00000008 C=CODE     S=.text    G=(none)   M=Vcl.ExtActns ACBP=A9
 0001:0001FD14 00000008 C=CODE     S=.text    G=(none)   M=Vcl.ActnMenus ACBP=A9
 0001:0001FD1C 00000008 C=CODE     S=.text    G=(none)   M=Vcl.ActnMan ACBP=A9
 0001:0001FD24 00000008 C=CODE     S=.text    G=(none)   M=Vcl.PlatformDefaultStyleActnCtrls ACBP=A9
 0001:0001FD2C 00000008 C=CODE     S=.text    G=(none)   M=BaseDock ACBP=A9
 0001:0001FD34 00000008 C=CODE     S=.text    G=(none)   M=DeskUtil ACBP=A9
 0001:0001FD3C 00000008 C=CODE     S=.text    G=(none)   M=DeskForm ACBP=A9
 0001:0001FD44 00000008 C=CODE     S=.text    G=(none)   M=DockForm ACBP=A9
 0001:0001FD4C 00000010 C=CODE     S=.text    G=(none)   M=Xml.Win.msxmldom ACBP=A9
 0001:0001FD5C 00000008 C=CODE     S=.text    G=(none)   M=Xml.xmldom ACBP=A9
 0001:0001FD64 00000008 C=CODE     S=.text    G=(none)   M=ToolsAPI ACBP=A9
 0001:0001FD6C 00000008 C=CODE     S=.text    G=(none)   M=Proxies  ACBP=A9
 0001:0001FD74 00000048 C=CODE     S=.text    G=(none)   M=DesignEditors ACBP=A9
 0001:0001FDBC 00000008 C=CODE     S=.text    G=(none)   M=Vcl.AppEvnts ACBP=A9
 0001:0001FDC4 00000008 C=CODE     S=.text    G=(none)   M=System.Devices ACBP=A9
 0001:0001FDCC 00000008 C=CODE     S=.text    G=(none)   M=Vcl.AxCtrls ACBP=A9
 0001:0001FDD4 00000008 C=CODE     S=.text    G=(none)   M=TopLevels ACBP=A9
 0001:0001FDDC 00000008 C=CODE     S=.text    G=(none)   M=StFilSys ACBP=A9
 0001:0001FDE4 00000008 C=CODE     S=.text    G=(none)   M=IDEHelp  ACBP=A9
 0001:0001FDEC 00000008 C=CODE     S=.text    G=(none)   M=ComponentDesigner ACBP=A9
 0001:0001FDF4 00000010 C=CODE     S=.text    G=(none)   M=TreeIntf ACBP=A9
 0001:0001FE04 0000040C C=CODE     S=.text    G=(none)   M=dBaseEditor ACBP=A9
 0001:00020210 00000DBC C=CODE     S=.text    G=(none)   M=.DDCSFramework ACBP=A9
 0002:00000000 00000008 C=ICODE    S=.itext   G=(none)   M=System   ACBP=A9
 0002:00000008 00000008 C=ICODE    S=.itext   G=(none)   M=SysInit  ACBP=A9
 0002:00000010 00000018 C=ICODE    S=.itext   G=(none)   M=Winapi.Windows ACBP=A9
 0002:00000028 00000008 C=ICODE    S=.itext   G=(none)   M=System.Character ACBP=A9
 0002:00000030 00000008 C=ICODE    S=.itext   G=(none)   M=System.Internal.ExcUtils ACBP=A9
 0002:00000038 00000028 C=ICODE    S=.itext   G=(none)   M=System.SysUtils ACBP=A9
 0002:00000060 00000008 C=ICODE    S=.itext   G=(none)   M=System.VarUtils ACBP=A9
 0002:00000068 00000008 C=ICODE    S=.itext   G=(none)   M=System.Variants ACBP=A9
 0002:00000070 00000008 C=ICODE    S=.itext   G=(none)   M=System.AnsiStrings ACBP=A9
 0002:00000078 00000008 C=ICODE    S=.itext   G=(none)   M=System.Math ACBP=A9
 0002:00000080 00000010 C=ICODE    S=.itext   G=(none)   M=System.Generics.Defaults ACBP=A9
 0002:00000090 00000010 C=ICODE    S=.itext   G=(none)   M=System.Rtti ACBP=A9
 0002:000000A0 00000008 C=ICODE    S=.itext   G=(none)   M=System.TypInfo ACBP=A9
 0002:000000A8 00000038 C=ICODE    S=.itext   G=(none)   M=System.Classes ACBP=A9
 0002:000000E0 00000008 C=ICODE    S=.itext   G=(none)   M=System.Actions ACBP=A9
 0002:000000E8 00000008 C=ICODE    S=.itext   G=(none)   M=System.TimeSpan ACBP=A9
 0002:000000F0 00000010 C=ICODE    S=.itext   G=(none)   M=System.DateUtils ACBP=A9
 0002:00000100 00000008 C=ICODE    S=.itext   G=(none)   M=System.IOUtils ACBP=A9
 0002:00000108 00000008 C=ICODE    S=.itext   G=(none)   M=System.Win.Registry ACBP=A9
 0002:00000110 00000010 C=ICODE    S=.itext   G=(none)   M=Vcl.Graphics ACBP=A9
 0002:00000120 00000008 C=ICODE    S=.itext   G=(none)   M=System.SyncObjs ACBP=A9
 0002:00000128 00000008 C=ICODE    S=.itext   G=(none)   M=Winapi.UxTheme ACBP=A9
 0002:00000130 00000008 C=ICODE    S=.itext   G=(none)   M=Vcl.ActnList ACBP=A9
 0002:00000138 00000010 C=ICODE    S=.itext   G=(none)   M=System.Win.ComObj ACBP=A9
 0002:00000148 00000010 C=ICODE    S=.itext   G=(none)   M=Winapi.MsCTF ACBP=A9
 0002:00000158 00000008 C=ICODE    S=.itext   G=(none)   M=Vcl.GraphUtil ACBP=A9
 0002:00000160 00000008 C=ICODE    S=.itext   G=(none)   M=Vcl.Controls ACBP=A9
 0002:00000168 00000090 C=ICODE    S=.itext   G=(none)   M=Vcl.StdCtrls ACBP=A9
 0002:000001F8 00000008 C=ICODE    S=.itext   G=(none)   M=Vcl.Printers ACBP=A9
 0002:00000200 00000008 C=ICODE    S=.itext   G=(none)   M=Vcl.Clipbrd ACBP=A9
 0002:00000208 000000C8 C=ICODE    S=.itext   G=(none)   M=Vcl.ComCtrls ACBP=A9
 0002:000002D0 00000008 C=ICODE    S=.itext   G=(none)   M=System.HelpIntfs ACBP=A9
 0002:000002D8 00000008 C=ICODE    S=.itext   G=(none)   M=Vcl.Dialogs ACBP=A9
 0002:000002E0 00000028 C=ICODE    S=.itext   G=(none)   M=Vcl.ExtCtrls ACBP=A9
 0002:00000308 00000010 C=ICODE    S=.itext   G=(none)   M=Vcl.Themes ACBP=A9
 0002:00000318 00000008 C=ICODE    S=.itext   G=(none)   M=Vcl.Menus ACBP=A9
 0002:00000320 00000008 C=ICODE    S=.itext   G=(none)   M=Winapi.FlatSB ACBP=A9
 0002:00000328 00000020 C=ICODE    S=.itext   G=(none)   M=Vcl.Forms ACBP=A9
 0002:00000348 00000008 C=ICODE    S=.itext   G=(none)   M=Vcl.Imaging.pngimage ACBP=A9
 0002:00000350 00000008 C=ICODE    S=.itext   G=(none)   M=JclBase  ACBP=A9
 0002:00000358 00000008 C=ICODE    S=.itext   G=(none)   M=JclMath  ACBP=A9
 0002:00000360 00000008 C=ICODE    S=.itext   G=(none)   M=JclAnsiStrings ACBP=A9
 0002:00000368 00000008 C=ICODE    S=.itext   G=(none)   M=Snmp     ACBP=A9
 0002:00000370 00000008 C=ICODE    S=.itext   G=(none)   M=JclShell ACBP=A9
 0002:00000378 00000008 C=ICODE    S=.itext   G=(none)   M=JclSysInfo ACBP=A9
 0002:00000380 00000008 C=ICODE    S=.itext   G=(none)   M=JclUnicode ACBP=A9
 0002:00000388 00000008 C=ICODE    S=.itext   G=(none)   M=JclStrings ACBP=A9
 0002:00000390 00000008 C=ICODE    S=.itext   G=(none)   M=JclRegistry ACBP=A9
 0002:00000398 00000008 C=ICODE    S=.itext   G=(none)   M=JclSysUtils ACBP=A9
 0002:000003A0 00000008 C=ICODE    S=.itext   G=(none)   M=JvTypes  ACBP=A9
 0002:000003A8 00000010 C=ICODE    S=.itext   G=(none)   M=Vcl.Buttons ACBP=A9
 0002:000003B8 00000020 C=ICODE    S=.itext   G=(none)   M=Vcl.Grids ACBP=A9
 0002:000003D8 00000008 C=ICODE    S=.itext   G=(none)   M=JclRTTI  ACBP=A9
 0002:000003E0 00000008 C=ICODE    S=.itext   G=(none)   M=JclSimpleXml ACBP=A9
 0002:000003E8 00000008 C=ICODE    S=.itext   G=(none)   M=JvAppStorage ACBP=A9
 0002:000003F0 00000008 C=ICODE    S=.itext   G=(none)   M=Vcl.Imaging.jpeg ACBP=A9
 0002:000003F8 00000008 C=ICODE    S=.itext   G=(none)   M=JvJVCLUtils ACBP=A9
 0002:00000400 00000008 C=ICODE    S=.itext   G=(none)   M=frmAbout ACBP=A9
 0002:00000408 00000008 C=ICODE    S=.itext   G=(none)   M=frmSplash ACBP=A9
 0002:00000410 00000008 C=ICODE    S=.itext   G=(none)   M=Sgnoncnf ACBP=A9
 0002:00000418 00000008 C=ICODE    S=.itext   G=(none)   M=SelDiv   ACBP=A9
 0002:00000420 00000008 C=ICODE    S=.itext   G=(none)   M=RpcNet   ACBP=A9
 0002:00000428 00000008 C=ICODE    S=.itext   G=(none)   M=Rpcconf1 ACBP=A9
 0002:00000430 00000008 C=ICODE    S=.itext   G=(none)   M=Trpcb    ACBP=A9
 0002:00000438 00000008 C=ICODE    S=.itext   G=(none)   M=CPRSChart_TLB ACBP=A9
 0002:00000440 00000008 C=ICODE    S=.itext   G=(none)   M=Vcl.OleServer ACBP=A9
 0002:00000448 00000008 C=ICODE    S=.itext   G=(none)   M=DDCSFormBuilder_TLB ACBP=A9
 0002:00000450 00000008 C=ICODE    S=.itext   G=(none)   M=Vcl.CheckLst ACBP=A9
 0002:00000458 00000008 C=ICODE    S=.itext   G=(none)   M=VAUtils  ACBP=A9
 0002:00000460 00000008 C=ICODE    S=.itext   G=(none)   M=ORCtrls  ACBP=A9
 0002:00000468 00000008 C=ICODE    S=.itext   G=(none)   M=VCLTee.TeeHtml ACBP=A9
 0002:00000470 00000008 C=ICODE    S=.itext   G=(none)   M=VCLTee.TeeConst ACBP=A9
 0002:00000478 00000008 C=ICODE    S=.itext   G=(none)   M=VCLTee.TeCanvas ACBP=A9
 0002:00000480 00000008 C=ICODE    S=.itext   G=(none)   M=VCLTee.TeeFilters ACBP=A9
 0002:00000488 00000008 C=ICODE    S=.itext   G=(none)   M=VCLTee.TeeProcs ACBP=A9
 0002:00000490 00000008 C=ICODE    S=.itext   G=(none)   M=VCLTee.TeEngine ACBP=A9
 0002:00000498 00000008 C=ICODE    S=.itext   G=(none)   M=VCLTee.Chart ACBP=A9
 0002:000004A0 00000008 C=ICODE    S=.itext   G=(none)   M=ORFn     ACBP=A9
 0002:000004A8 00000008 C=ICODE    S=.itext   G=(none)   M=ORNet    ACBP=A9
 0002:000004B0 00000008 C=ICODE    S=.itext   G=(none)   M=DDCSComBroker ACBP=A9
 0002:000004B8 00000010 C=ICODE    S=.itext   G=(none)   M=Vcl.CategoryButtons ACBP=A9
 0002:000004C8 00000008 C=ICODE    S=.itext   G=(none)   M=Vcl.ButtonGroup ACBP=A9
 0002:000004D0 00000008 C=ICODE    S=.itext   G=(none)   M=Vcl.SysStyles ACBP=A9
 0002:000004D8 00000010 C=ICODE    S=.itext   G=(none)   M=Vcl.Styles ACBP=A9
 0002:000004E8 00000008 C=ICODE    S=.itext   G=(none)   M=FSAPILib_TLB ACBP=A9
 0002:000004F0 00000008 C=ICODE    S=.itext   G=(none)   M=System.ConvUtils ACBP=A9
 0002:000004F8 00000008 C=ICODE    S=.itext   G=(none)   M=System.StdConvs ACBP=A9
 0002:00000500 00000008 C=ICODE    S=.itext   G=(none)   M=ORDtTm   ACBP=A9
 0002:00000508 00000008 C=ICODE    S=.itext   G=(none)   M=DDCSUtils ACBP=A9
 0002:00000510 00000008 C=ICODE    S=.itext   G=(none)   M=uCommon  ACBP=A9
 0002:00000518 00000008 C=ICODE    S=.itext   G=(none)   M=frmVitals ACBP=A9
 0002:00000520 00000008 C=ICODE    S=.itext   G=(none)   M=uReportItems ACBP=A9
 0002:00000528 00000008 C=ICODE    S=.itext   G=(none)   M=frmReview ACBP=A9
 0002:00000530 00000038 C=ICODE    S=.itext   G=(none)   M=uBase    ACBP=A9
 0002:00000568 00000008 C=ICODE    S=.itext   G=(none)   M=frmConfiguration ACBP=A9
 0002:00000570 00000008 C=ICODE    S=.itext   G=(none)   M=IDEMessages ACBP=A9
 0002:00000578 00000008 C=ICODE    S=.itext   G=(none)   M=Vcl.CaptionedDockTree ACBP=A9
 0002:00000580 00000008 C=ICODE    S=.itext   G=(none)   M=Vcl.DockTabSet ACBP=A9
 0002:00000588 00000008 C=ICODE    S=.itext   G=(none)   M=PercentageDockTree ACBP=A9
 0002:00000590 00000008 C=ICODE    S=.itext   G=(none)   M=BrandingAPI ACBP=A9
 0002:00000598 00000008 C=ICODE    S=.itext   G=(none)   M=Vcl.ExtDlgs ACBP=A9
 0002:000005A0 00000008 C=ICODE    S=.itext   G=(none)   M=Winapi.Mapi ACBP=A9
 0002:000005A8 00000008 C=ICODE    S=.itext   G=(none)   M=Vcl.ExtActns ACBP=A9
 0002:000005B0 00000008 C=ICODE    S=.itext   G=(none)   M=Vcl.ActnMenus ACBP=A9
 0002:000005B8 00000008 C=ICODE    S=.itext   G=(none)   M=Vcl.ActnMan ACBP=A9
 0002:000005C0 00000008 C=ICODE    S=.itext   G=(none)   M=Vcl.PlatformDefaultStyleActnCtrls ACBP=A9
 0002:000005C8 00000008 C=ICODE    S=.itext   G=(none)   M=BaseDock ACBP=A9
 0002:000005D0 00000008 C=ICODE    S=.itext   G=(none)   M=DeskUtil ACBP=A9
 0002:000005D8 00000008 C=ICODE    S=.itext   G=(none)   M=DeskForm ACBP=A9
 0002:000005E0 00000008 C=ICODE    S=.itext   G=(none)   M=DockForm ACBP=A9
 0002:000005E8 00000010 C=ICODE    S=.itext   G=(none)   M=Xml.Win.msxmldom ACBP=A9
 0002:000005F8 00000008 C=ICODE    S=.itext   G=(none)   M=Xml.xmldom ACBP=A9
 0002:00000600 00000008 C=ICODE    S=.itext   G=(none)   M=ToolsAPI ACBP=A9
 0002:00000608 00000008 C=ICODE    S=.itext   G=(none)   M=Proxies  ACBP=A9
 0002:00000610 00000008 C=ICODE    S=.itext   G=(none)   M=DesignEditors ACBP=A9
 0002:00000618 00000008 C=ICODE    S=.itext   G=(none)   M=Vcl.AppEvnts ACBP=A9
 0002:00000620 00000008 C=ICODE    S=.itext   G=(none)   M=System.Devices ACBP=A9
 0002:00000628 00000008 C=ICODE    S=.itext   G=(none)   M=Vcl.AxCtrls ACBP=A9
 0002:00000630 00000008 C=ICODE    S=.itext   G=(none)   M=TopLevels ACBP=A9
 0002:00000638 00000008 C=ICODE    S=.itext   G=(none)   M=StFilSys ACBP=A9
 0002:00000640 00000008 C=ICODE    S=.itext   G=(none)   M=IDEHelp  ACBP=A9
 0002:00000648 00000008 C=ICODE    S=.itext   G=(none)   M=ComponentDesigner ACBP=A9
 0002:00000650 00000008 C=ICODE    S=.itext   G=(none)   M=TreeIntf ACBP=A9
 0002:00000658 00000008 C=ICODE    S=.itext   G=(none)   M=dBaseEditor ACBP=A9
 0002:00000660 00000008 C=ICODE    S=.itext   G=(none)   M=.DDCSFramework ACBP=A9
 0003:00000000 00000088 C=DATA     S=.data    G=DGROUP   M=SysInit  ACBP=A9
 0003:00000088 0000000C C=DATA     S=.data    G=DGROUP   M=Winapi.Windows ACBP=A9
 0003:00000094 00000004 C=DATA     S=.data    G=DGROUP   M=Winapi.MsCTF ACBP=A9
 0003:00000098 00000040 C=DATA     S=.data    G=DGROUP   M=CPRSChart_TLB ACBP=A9
 0003:000000D8 00000050 C=DATA     S=.data    G=DGROUP   M=DDCSFormBuilder_TLB ACBP=A9
 0003:00000128 00000004 C=DATA     S=.data    G=DGROUP   M=DDCSComBroker ACBP=A9
 0003:0000012C 00000030 C=DATA     S=.data    G=DGROUP   M=FSAPILib_TLB ACBP=A9
 0004:00000000 00000020 C=BSS      S=.bss     G=DGROUP   M=SysInit  ACBP=A9
 0004:00000020 00000008 C=BSS      S=.bss     G=DGROUP   M=Winapi.Windows ACBP=A9
 0004:00000028 00000004 C=BSS      S=.bss     G=DGROUP   M=Winapi.MsCTF ACBP=A9
 0004:0000002C 00000008 C=BSS      S=.bss     G=DGROUP   M=frmAbout ACBP=A9
 0004:00000034 00000008 C=BSS      S=.bss     G=DGROUP   M=frmSplash ACBP=A9
 0004:0000003C 00000004 C=BSS      S=.bss     G=DGROUP   M=CPRSChart_TLB ACBP=A9
 0004:00000040 00000004 C=BSS      S=.bss     G=DGROUP   M=DDCSFormBuilder_TLB ACBP=A9
 0004:00000044 00000008 C=BSS      S=.bss     G=DGROUP   M=DDCSComBroker ACBP=A9
 0004:0000004C 00000004 C=BSS      S=.bss     G=DGROUP   M=FSAPILib_TLB ACBP=A9
 0004:00000050 00000004 C=BSS      S=.bss     G=DGROUP   M=DDCSUtils ACBP=A9
 0004:00000054 00000004 C=BSS      S=.bss     G=DGROUP   M=uCommon  ACBP=A9
 0004:00000058 00000004 C=BSS      S=.bss     G=DGROUP   M=frmVitals ACBP=A9
 0004:0000005C 00000004 C=BSS      S=.bss     G=DGROUP   M=uReportItems ACBP=A9
 0004:00000060 00000008 C=BSS      S=.bss     G=DGROUP   M=frmReview ACBP=A9
 0004:00000068 00000004 C=BSS      S=.bss     G=DGROUP   M=uBase    ACBP=A9
 0004:0000006C 00000008 C=BSS      S=.bss     G=DGROUP   M=frmConfiguration ACBP=A9
 0004:00000074 00000004 C=BSS      S=.bss     G=DGROUP   M=dBaseEditor ACBP=A9


  Address             Publics by Name

 0002:00000660       .DDCSFramework..DDCSFramework
 0001:00020FAC       .DDCSFramework.@GetPackageInfoTable
 0001:00020FB4       .DDCSFramework.@PackageLoad
 0001:00020FC0       .DDCSFramework.@PackageUnload
 0002:000005C8       BaseDock.BaseDock
 0001:0001FD2C       BaseDock.Finalization
 0002:00000590       BrandingAPI.BrandingAPI
 0001:0001FCF4       BrandingAPI.Finalization
 0002:00000648       ComponentDesigner.ComponentDesigner
 0001:0001FDEC       ComponentDesigner.Finalization
 0004:0000003C       CPRSChart_TLB..1
 0002:00000438       CPRSChart_TLB.CPRSChart_TLB
 0001:00002D40       CPRSChart_TLB.Finalization
 0003:000000A8       CPRSChart_TLB.IID_ICPRSBroker
 0003:000000C8       CPRSChart_TLB.IID_ICPRSExtension
 0003:000000B8       CPRSChart_TLB.IID_ICPRSState
 0003:00000098       CPRSChart_TLB.LIBID_CPRSChart
 0004:00000074       dBaseEditor..2
 0001:0001FE04       dBaseEditor..TDDCSPageEditor
 0002:00000658       dBaseEditor.dBaseEditor
 0001:00020208       dBaseEditor.Finalization
 0001:0001FF84       dBaseEditor.Register
 0001:00020008       dBaseEditor.TDDCSPageEditor.ExecuteVerb
 0001:0001FFC8       dBaseEditor.TDDCSPageEditor.GetPageControl
 0001:00020118       dBaseEditor.TDDCSPageEditor.GetVerb
 0001:00020200       dBaseEditor.TDDCSPageEditor.GetVerbCount
 0004:00000048       DDCSComBroker..5
 0001:00003798       DDCSComBroker..TCPRSComBroker
 0001:000035E8       DDCSComBroker..TVistANote
 0001:000033B0       DDCSComBroker..TVistAPatient
 0001:000031F8       DDCSComBroker..TVistAUser
 0001:0000403C       DDCSComBroker.AuthorizedOption
 0003:00000128       DDCSComBroker.BoolChar
 0001:00003D44       DDCSComBroker.BrokerRepeat
 0001:00003DFC       DDCSComBroker.CallMe
 0001:00003CBC       DDCSComBroker.CallV
 0002:000004B0       DDCSComBroker.DDCSComBroker
 0001:00005420       DDCSComBroker.Finalization
 0001:00004020       DDCSComBroker.IsConnected
 0004:00000044       DDCSComBroker.RPCBrokerV
 0001:00003F3C       DDCSComBroker.sCallV
 0001:00004934       DDCSComBroker.SetList
 0001:00003E3C       DDCSComBroker.tCallV
 0001:00004FF0       DDCSComBroker.TCPRSComBroker.BrokerCall
 0001:000052D4       DDCSComBroker.TCPRSComBroker.Create
 0001:00005210       DDCSComBroker.TCPRSComBroker.Create
 0001:000053D4       DDCSComBroker.TCPRSComBroker.Destroy
 0001:00005200       DDCSComBroker.TCPRSComBroker.GetConnected
 0001:00005184       DDCSComBroker.TCPRSComBroker.GetResults
 0001:000048D0       DDCSComBroker.TCPRSComBroker.SetClearParameters
 0001:000048EC       DDCSComBroker.TCPRSComBroker.SetClearResults
 0001:00004908       DDCSComBroker.TCPRSComBroker.SetComBroker
 0001:00004A10       DDCSComBroker.TCPRSComBroker.SetParams
 0001:000045E8       DDCSComBroker.TVistANote.ParseTIUXML
 0001:00004314       DDCSComBroker.TVistAPatient.Create
 0001:00004390       DDCSComBroker.TVistAPatient.Destroy
 0001:000043BC       DDCSComBroker.TVistAPatient.GetDFN
 0001:0000449C       DDCSComBroker.TVistAPatient.GetDOB
 0001:00004564       DDCSComBroker.TVistAPatient.GetLocationIEN
 0001:00004584       DDCSComBroker.TVistAPatient.GetLocationName
 0001:00004438       DDCSComBroker.TVistAPatient.GetName
 0001:00004500       DDCSComBroker.TVistAPatient.GetSSN
 0001:00004128       DDCSComBroker.TVistAUser.Create
 0001:000041A4       DDCSComBroker.TVistAUser.Destroy
 0001:000041D0       DDCSComBroker.TVistAUser.GetDUZ
 0001:0000424C       DDCSComBroker.TVistAUser.GetName
 0001:000042B0       DDCSComBroker.TVistAUser.GetStationID
 0001:000040DC       DDCSComBroker.UpdateContext
 0004:00000040       DDCSFormBuilder_TLB..2
 0001:00002EFC       DDCSFormBuilder_TLB..CoDDCSCPRSDefault
 0003:00000118       DDCSFormBuilder_TLB.CLASS_DDCSCPRSDefault
 0001:0000303C       DDCSFormBuilder_TLB.CoDDCSCPRSDefault.Create
 0001:000030A0       DDCSFormBuilder_TLB.CoDDCSCPRSDefault.CreateRemote
 0002:00000448       DDCSFormBuilder_TLB.DDCSFormBuilder_TLB
 0001:00003120       DDCSFormBuilder_TLB.Finalization
 0003:000000E8       DDCSFormBuilder_TLB.IID_IDDCSCPRSBroker
 0003:00000108       DDCSFormBuilder_TLB.IID_IDDCSCPRSExtension
 0003:000000F8       DDCSFormBuilder_TLB.IID_IDDCSCPRSState
 0003:000000D8       DDCSFormBuilder_TLB.LIBID_DDCSFormBuilder
 0004:00000050       DDCSUtils..1
 0002:00000508       DDCSUtils.DDCSUtils
 0001:00005CAC       DDCSUtils.Finalization
 0001:00005AF0       DDCSUtils.Piece
 0001:00005B14       DDCSUtils.Pieces
 0001:00005880       DDCSUtils.ShowMsg
 0001:000059C4       DDCSUtils.ShowMsg
 0001:00005C44       DDCSUtils.SubCount
 0002:00000610       DesignEditors.DesignEditors
 0001:0001FDB4       DesignEditors.Finalization
 0001:0001FDA4       DesignEditors.TComponentEditor.Copy
 0001:0001FD74       DesignEditors.TComponentEditor.Create
 0001:0001FD7C       DesignEditors.TComponentEditor.Edit
 0001:0001FD9C       DesignEditors.TComponentEditor.ExecuteVerb
 0001:0001FD84       DesignEditors.TComponentEditor.GetComponent
 0001:0001FD8C       DesignEditors.TComponentEditor.GetDesigner
 0001:0001FD94       DesignEditors.TComponentEditor.GetVerb
 0001:0001FDAC       DesignEditors.TComponentEditor.PrepareItem
 0001:0001FCCC       DesignIntf.RegisterComponentEditor
 0002:000005D8       DeskForm.DeskForm
 0001:0001FD3C       DeskForm.Finalization
 0002:000005D0       DeskUtil.DeskUtil
 0001:0001FD34       DeskUtil.Finalization
 0002:000005E0       DockForm.DockForm
 0001:0001FD44       DockForm.Finalization
 0004:00000030       frmAbout..2
 0001:00001C0C       frmAbout..TDDCSAbout
 0004:0000002C       frmAbout.DDCSAbout
 0001:000026B8       frmAbout.Finalization
 0002:00000400       frmAbout.frmAbout
 0001:00002054       frmAbout.TDDCSAbout.FormCreate
 0001:00002084       frmAbout.TDDCSAbout.FormShow
 0001:00002644       frmAbout.TDDCSAbout.HyperLinkClick
 0004:00000070       frmConfiguration..2
 0001:0001D204       frmConfiguration..TDDCSFormConfig
 0001:0001E4CC       frmConfiguration.BoolAsStr
 0004:0000006C       frmConfiguration.DDCSFormConfig
 0001:0001ED84       frmConfiguration.DialogReturnName
 0001:0001FCC4       frmConfiguration.Finalization
 0002:00000568       frmConfiguration.frmConfiguration
 0001:0001F958       frmConfiguration.ProcessControls
 0001:0001ED5C       frmConfiguration.TDDCSFormConfig.btnClearClick
 0001:0001F558       frmConfiguration.TDDCSFormConfig.btnCloseClick
 0001:0001ED80       frmConfiguration.TDDCSFormConfig.btnDeleteClick
 0001:0001EB74       frmConfiguration.TDDCSFormConfig.btnDialogShowClick
 0001:0001ED48       frmConfiguration.TDDCSFormConfig.btnSaveClick
 0001:0001EDA8       frmConfiguration.TDDCSFormConfig.btnUpdateClick
 0001:0001F68C       frmConfiguration.TDDCSFormConfig.ClearDialogEditor
 0001:0001F560       frmConfiguration.TDDCSFormConfig.ClearReportItemEditor
 0001:0001F594       frmConfiguration.TDDCSFormConfig.ClearReportItemInputCR
 0001:0001F714       frmConfiguration.TDDCSFormConfig.ClearReportItemInputD
 0001:0001F7D0       frmConfiguration.TDDCSFormConfig.Create
 0001:0001F934       frmConfiguration.TDDCSFormConfig.Destroy
 0001:0001FB3C       frmConfiguration.TDDCSFormConfig.FormShow
 0001:0001E524       frmConfiguration.TDDCSFormConfig.ListColumnClick
 0001:0001E57C       frmConfiguration.TDDCSFormConfig.ListCompare
 0001:0001E634       frmConfiguration.TDDCSFormConfig.lvDDCSFormDblClick
 0001:0001EA28       frmConfiguration.TDDCSFormConfig.lvDialogComponentDblClick
 0001:0001E874       frmConfiguration.TDDCSFormConfig.lvDialogDblClick
 0001:0001EA40       frmConfiguration.TDDCSFormConfig.ReloadDialogs
 0004:00000064       frmReview..2
 0001:000163B0       frmReview..TDDCSReview
 0004:00000060       frmReview.DDCSReview
 0001:00016A80       frmReview.Finalization
 0002:00000528       frmReview.frmReview
 0001:000166D8       frmReview.TDDCSReview.FormCreate
 0001:00016984       frmReview.TDDCSReview.FormShow
 0001:000168D4       frmReview.TextWidthByFont
 0004:00000038       frmSplash..2
 0001:000026C0       frmSplash..TDDCSSplash
 0004:00000034       frmSplash.DDCSSplash
 0001:00002B8C       frmSplash.Finalization
 0002:00000408       frmSplash.frmSplash
 0001:00002A2C       frmSplash.TDDCSSplash.CreateParams
 0001:00002A40       frmSplash.TDDCSSplash.FormCreate
 0001:00002A70       frmSplash.TDDCSSplash.FormShow
 0004:00000058       frmVitals..3
 0001:00006684       frmVitals..TDDCSVitals
 0001:0000651C       frmVitals..TSayOnFocus
 0001:00011BDC       frmVitals..{System.Generics.Collections}@TList`1.Pack$224$ActRec<frmVitals.TSayOnFocus>
 0001:00011DB0       frmVitals..{System.Generics.Collections}@TList`1.Pack$226$ActRec<frmVitals.TSayOnFocus>
 0001:00008594       frmVitals..{System.Generics.Collections}TEnumerable<frmVitals.TSayOnFocus>
 0001:00008458       frmVitals..{System.Generics.Collections}TEnumerator<frmVitals.TSayOnFocus>
 0001:00008B38       frmVitals..{System.Generics.Collections}TList<frmVitals.TSayOnFocus>
 0001:00008988       frmVitals..{System.Generics.Collections}TList<frmVitals.TSayOnFocus>.TEnumerator
 0001:000097F4       frmVitals..{System.Generics.Collections}TObjectList<frmVitals.TSayOnFocus>
 0001:0001195C       frmVitals..{System.Generics.Defaults}TComparer<frmVitals.TSayOnFocus>
 0001:00011ED0       frmVitals..{System.Generics.Defaults}TDelegatedComparer<frmVitals.TSayOnFocus>
 0001:0000B824       frmVitals.DisableButton
 0001:000109CC       frmVitals.Finalization
 0002:00000518       frmVitals.frmVitals
 0001:0000E0C4       frmVitals.SetofCodes
 0001:0000A3A8       frmVitals.StartChecked
 0001:0000A2BC       frmVitals.StopChecked
 0001:0000EB0C       frmVitals.strLengthen
 0001:000116D4       frmVitals.TArray.BinarySearch<frmVitals.TSayOnFocus>
 0001:000117D4       frmVitals.TArray.QuickSort<frmVitals.TSayOnFocus>
 0001:00011674       frmVitals.TArray.Sort<frmVitals.TSayOnFocus>
 0001:0000B7B4       frmVitals.TDDCSVitals.BuildSayOnFocus
 0001:0000B09C       frmVitals.TDDCSVitals.CalEDD
 0001:0000B380       frmVitals.TDDCSVitals.CalGestationalAge
 0001:0000B884       frmVitals.TDDCSVitals.Create
 0001:0000E080       frmVitals.TDDCSVitals.Destroy
 0001:00009BB0       frmVitals.TDDCSVitals.dtECDExit
 0001:0000A2A8       frmVitals.TDDCSVitals.dtEDDUnknownExit
 0001:00009EAC       frmVitals.TDDCSVitals.dtEmbryoExit
 0001:00009A1C       frmVitals.TDDCSVitals.dtLMPExit
 0001:00009F9C       frmVitals.TDDCSVitals.dtOtherExit
 0001:00009C7C       frmVitals.TDDCSVitals.dtUltraExit
 0001:0000AD64       frmVitals.TDDCSVitals.edtLMPExit
 0001:0000B5C4       frmVitals.TDDCSVitals.fVitalsControlChange
 0001:00010788       frmVitals.TDDCSVitals.GetCompleteNote
 0001:0000F570       frmVitals.TDDCSVitals.GetEDDNote
 0001:0000FE54       frmVitals.TDDCSVitals.GetLMPNote
 0001:0000EA24       frmVitals.TDDCSVitals.GetPatientVitals
 0001:00010970       frmVitals.TDDCSVitals.GetTextforFocus
 0001:0000EB84       frmVitals.TDDCSVitals.GetVitalsNote
 0001:0000A5F8       frmVitals.TDDCSVitals.IsFinalEDDClick
 0001:0000A170       frmVitals.TDDCSVitals.lblOtherChange
 0001:0000A220       frmVitals.TDDCSVitals.lblOtherExit
 0001:0000A184       frmVitals.TDDCSVitals.lblOtherMouseEnter
 0001:00009B54       frmVitals.TDDCSVitals.LMPChangeEvents
 0001:0000ACF8       frmVitals.TDDCSVitals.PageEDDResize
 0001:0000AD3C       frmVitals.TDDCSVitals.PageEDDShow
 0001:0000E194       frmVitals.TDDCSVitals.Save
 0001:0000AD44       frmVitals.TDDCSVitals.SpinCheck
 0001:0000A0A8       frmVitals.TDDCSVitals.spnDayOtherChange
 0001:00009D88       frmVitals.TDDCSVitals.spnDayUltraChange
 0001:00009E50       frmVitals.TDDCSVitals.spnPrePregWtExit
 0001:00009F78       frmVitals.TDDCSVitals.spnTransferDayChange
 0001:0000A068       frmVitals.TDDCSVitals.spnWeekOtherChange
 0001:00009D48       frmVitals.TDDCSVitals.spnWeekUltraChange
 0001:0000AE00       frmVitals.TDDCSVitals.ToggleCheckBoxes
 0001:0000AF80       frmVitals.TDDCSVitals.UpdateLMP
 0001:00010878       frmVitals.TDDCSVitals.ValidateMsg
 0001:0001091C       frmVitals.TDDCSVitals.ValidationControl
 0001:0000ADDC       frmVitals.ToggleCB
 0001:0000A450       frmVitals.UpdateGestation
 0001:00011644       frmVitals.{System.Generics.Collections}@TList`1.Pack$224$ActRec<frmVitals.TSayOnFocus>.$0$Body
 0001:00011664       frmVitals.{System.Generics.Collections}@TList`1.Pack$226$ActRec<frmVitals.TSayOnFocus>.$0$Body
 0001:00010A60       frmVitals.{System.Generics.Collections}TEnumerable<frmVitals.TSayOnFocus>.Destroy
 0001:00010A84       frmVitals.{System.Generics.Collections}TEnumerable<frmVitals.TSayOnFocus>.GetEnumerator
 0001:00010A8C       frmVitals.{System.Generics.Collections}TEnumerable<frmVitals.TSayOnFocus>.ToArray
 0001:000109D4       frmVitals.{System.Generics.Collections}TEnumerable<frmVitals.TSayOnFocus>.ToArrayImpl
 0001:00010B40       frmVitals.{System.Generics.Collections}TEnumerator<frmVitals.TSayOnFocus>.MoveNext
 0001:00010F14       frmVitals.{System.Generics.Collections}TList<frmVitals.TSayOnFocus>.Add
 0001:00010F44       frmVitals.{System.Generics.Collections}TList<frmVitals.TSayOnFocus>.AddRange
 0001:00010F38       frmVitals.{System.Generics.Collections}TList<frmVitals.TSayOnFocus>.AddRange
 0001:00010F24       frmVitals.{System.Generics.Collections}TList<frmVitals.TSayOnFocus>.AddRange
 0001:00011404       frmVitals.{System.Generics.Collections}TList<frmVitals.TSayOnFocus>.BinarySearch
 0001:000113C8       frmVitals.{System.Generics.Collections}TList<frmVitals.TSayOnFocus>.BinarySearch
 0001:000112A4       frmVitals.{System.Generics.Collections}TList<frmVitals.TSayOnFocus>.Clear
 0001:000112E0       frmVitals.{System.Generics.Collections}TList<frmVitals.TSayOnFocus>.Contains
 0001:00010D70       frmVitals.{System.Generics.Collections}TList<frmVitals.TSayOnFocus>.Create
 0001:00010C48       frmVitals.{System.Generics.Collections}TList<frmVitals.TSayOnFocus>.Create
 0001:00010CC0       frmVitals.{System.Generics.Collections}TList<frmVitals.TSayOnFocus>.Create
 0001:000111E4       frmVitals.{System.Generics.Collections}TList<frmVitals.TSayOnFocus>.Delete
 0001:000111F0       frmVitals.{System.Generics.Collections}TList<frmVitals.TSayOnFocus>.DeleteRange
 0001:00010E1C       frmVitals.{System.Generics.Collections}TList<frmVitals.TSayOnFocus>.Destroy
 0001:00010BD8       frmVitals.{System.Generics.Collections}TList<frmVitals.TSayOnFocus>.DoDelete
 0001:00010C28       frmVitals.{System.Generics.Collections}TList<frmVitals.TSayOnFocus>.DoGetEnumerator
 0001:00010E68       frmVitals.{System.Generics.Collections}TList<frmVitals.TSayOnFocus>.Error
 0001:00010EA0       frmVitals.{System.Generics.Collections}TList<frmVitals.TSayOnFocus>.Error
 0001:0001125C       frmVitals.{System.Generics.Collections}TList<frmVitals.TSayOnFocus>.Exchange
 0001:000112B0       frmVitals.{System.Generics.Collections}TList<frmVitals.TSayOnFocus>.Expand
 0001:00011238       frmVitals.{System.Generics.Collections}TList<frmVitals.TSayOnFocus>.Extract
 0001:000111FC       frmVitals.{System.Generics.Collections}TList<frmVitals.TSayOnFocus>.ExtractItem
 0001:00011274       frmVitals.{System.Generics.Collections}TList<frmVitals.TSayOnFocus>.First
 0001:00010B48       frmVitals.{System.Generics.Collections}TList<frmVitals.TSayOnFocus>.GetCapacity
 0001:00011464       frmVitals.{System.Generics.Collections}TList<frmVitals.TSayOnFocus>.GetEnumerator
 0001:00010B9C       frmVitals.{System.Generics.Collections}TList<frmVitals.TSayOnFocus>.GetItem
 0001:00010BCC       frmVitals.{System.Generics.Collections}TList<frmVitals.TSayOnFocus>.GrowCheck
 0001:00011300       frmVitals.{System.Generics.Collections}TList<frmVitals.TSayOnFocus>.IndexOf
 0001:0001131C       frmVitals.{System.Generics.Collections}TList<frmVitals.TSayOnFocus>.IndexOfItem
 0001:00010F50       frmVitals.{System.Generics.Collections}TList<frmVitals.TSayOnFocus>.Insert
 0001:00010F7C       frmVitals.{System.Generics.Collections}TList<frmVitals.TSayOnFocus>.InsertRange
 0001:00010F60       frmVitals.{System.Generics.Collections}TList<frmVitals.TSayOnFocus>.InsertRange
 0001:00011000       frmVitals.{System.Generics.Collections}TList<frmVitals.TSayOnFocus>.InsertRange
 0001:00010BF0       frmVitals.{System.Generics.Collections}TList<frmVitals.TSayOnFocus>.InternalCompare
 0001:00010BE4       frmVitals.{System.Generics.Collections}TList<frmVitals.TSayOnFocus>.InternalNotify
 0001:00010C00       frmVitals.{System.Generics.Collections}TList<frmVitals.TSayOnFocus>.ItemValue
 0001:00011288       frmVitals.{System.Generics.Collections}TList<frmVitals.TSayOnFocus>.Last
 0001:0001134C       frmVitals.{System.Generics.Collections}TList<frmVitals.TSayOnFocus>.LastIndexOf
 0001:00011268       frmVitals.{System.Generics.Collections}TList<frmVitals.TSayOnFocus>.Move
 0001:00010C30       frmVitals.{System.Generics.Collections}TList<frmVitals.TSayOnFocus>.Notify
 0001:00011080       frmVitals.{System.Generics.Collections}TList<frmVitals.TSayOnFocus>.Pack
 0001:00011108       frmVitals.{System.Generics.Collections}TList<frmVitals.TSayOnFocus>.Pack
 0001:00011198       frmVitals.{System.Generics.Collections}TList<frmVitals.TSayOnFocus>.Remove
 0001:000111B4       frmVitals.{System.Generics.Collections}TList<frmVitals.TSayOnFocus>.RemoveItem
 0001:00011368       frmVitals.{System.Generics.Collections}TList<frmVitals.TSayOnFocus>.Reverse
 0001:00010B60       frmVitals.{System.Generics.Collections}TList<frmVitals.TSayOnFocus>.SetCapacity
 0001:00010B90       frmVitals.{System.Generics.Collections}TList<frmVitals.TSayOnFocus>.SetCount
 0001:00010BB8       frmVitals.{System.Generics.Collections}TList<frmVitals.TSayOnFocus>.SetItem
 0001:00011374       frmVitals.{System.Generics.Collections}TList<frmVitals.TSayOnFocus>.Sort
 0001:0001139C       frmVitals.{System.Generics.Collections}TList<frmVitals.TSayOnFocus>.Sort
 0001:000114A0       frmVitals.{System.Generics.Collections}TList<frmVitals.TSayOnFocus>.TEnumerator.Create
 0001:00011490       frmVitals.{System.Generics.Collections}TList<frmVitals.TSayOnFocus>.TEnumerator.DoGetCurrent
 0001:00011498       frmVitals.{System.Generics.Collections}TList<frmVitals.TSayOnFocus>.TEnumerator.DoMoveNext
 0001:00011474       frmVitals.{System.Generics.Collections}TList<frmVitals.TSayOnFocus>.TEnumerator.GetCurrent
 0001:000114E4       frmVitals.{System.Generics.Collections}TList<frmVitals.TSayOnFocus>.TEnumerator.MoveNext
 0001:00011450       frmVitals.{System.Generics.Collections}TList<frmVitals.TSayOnFocus>.ToArray
 0001:00011444       frmVitals.{System.Generics.Collections}TList<frmVitals.TSayOnFocus>.TrimExcess
 0001:00011574       frmVitals.{System.Generics.Collections}TObjectList<frmVitals.TSayOnFocus>.Create
 0001:00011530       frmVitals.{System.Generics.Collections}TObjectList<frmVitals.TSayOnFocus>.Create
 0001:000115B8       frmVitals.{System.Generics.Collections}TObjectList<frmVitals.TSayOnFocus>.Create
 0001:00011504       frmVitals.{System.Generics.Collections}TObjectList<frmVitals.TSayOnFocus>.Notify
 0001:00011AB8       frmVitals.{System.Generics.Defaults}TComparer<frmVitals.TSayOnFocus>.Compare
 0001:0001161C       frmVitals.{System.Generics.Defaults}TComparer<frmVitals.TSayOnFocus>.Construct
 0001:000115FC       frmVitals.{System.Generics.Defaults}TComparer<frmVitals.TSayOnFocus>.Default
 0001:000117C8       frmVitals.{System.Generics.Defaults}TDelegatedComparer<frmVitals.TSayOnFocus>.Compare
 0001:0001178C       frmVitals.{System.Generics.Defaults}TDelegatedComparer<frmVitals.TSayOnFocus>.Create
 0004:0000004C       FSAPILib_TLB..2
 0001:000054DC       FSAPILib_TLB..CoJawsApi
 0003:0000014C       FSAPILib_TLB.CLASS_JawsApi
 0001:00005604       FSAPILib_TLB.CoJawsApi.Create
 0001:00005668       FSAPILib_TLB.CoJawsApi.CreateRemote
 0001:000056E8       FSAPILib_TLB.Finalization
 0002:000004E8       FSAPILib_TLB.FSAPILib_TLB
 0003:0000013C       FSAPILib_TLB.IID_IJawsApi
 0003:0000012C       FSAPILib_TLB.LIBID_FSAPILib
 0001:0001FDE4       IDEHelp.Finalization
 0002:00000640       IDEHelp.IDEHelp
 0001:0001FCD4       IDEMessages.Finalization
 0002:00000570       IDEMessages.IDEMessages
 0001:00001B3C       JclAnsiStrings.Finalization
 0002:00000360       JclAnsiStrings.JclAnsiStrings
 0001:00001B2C       JclBase.Finalization
 0002:00000350       JclBase.JclBase
 0001:00001B7C       JclFileUtils.TJclFileVersionInfo.Create
 0001:00001B84       JclFileUtils.TJclFileVersionInfo.GetVersionKeyValue
 0001:00001B34       JclMath.Finalization
 0002:00000358       JclMath.JclMath
 0001:00001B6C       JclRegistry.Finalization
 0002:00000390       JclRegistry.JclRegistry
 0001:00001BE4       JclRTTI.Finalization
 0002:000003D8       JclRTTI.JclRTTI
 0001:00001B4C       JclShell.Finalization
 0002:00000370       JclShell.JclShell
 0001:00001BEC       JclSimpleXml.Finalization
 0002:000003E0       JclSimpleXml.JclSimpleXml
 0001:00001B64       JclStrings.Finalization
 0002:00000388       JclStrings.JclStrings
 0001:00001B54       JclSysInfo.Finalization
 0002:00000378       JclSysInfo.JclSysInfo
 0001:00001B74       JclSysUtils.Finalization
 0002:00000398       JclSysUtils.JclSysUtils
 0001:00001B5C       JclUnicode.Finalization
 0002:00000380       JclUnicode.JclUnicode
 0002:000003E8       JvAppStorage.TJvCustomAppStorage.Create@
 0001:00001BF4       JvAppStorage.TJvCustomAppStorage.Destroy@
 0001:00001C04       JvJVCLUtils.Finalization
 0002:000003F8       JvJVCLUtils.JvJVCLUtils
 0001:00001B8C       JvTypes.Finalization
 0002:000003A0       JvTypes.JvTypes
 0001:00003188       ORCtrls.Finalization
 0002:00000460       ORCtrls.ORCtrls
 0001:00003180       ORCtrls.TCaptionEdit.SetCaption
 0001:00003178       ORCtrls.TORCheckBox.GetCaption
 0001:00003170       ORCtrls.TORComboBox.GetText
 0001:00003168       ORCtrls.TORComboBox.SetItemIndex
 0001:00003150       ORCtrls.TORListBox.GetChecked
 0001:00003160       ORCtrls.TORListBox.GetMItems
 0001:00003158       ORCtrls.TORListBox.SetChecked
 0001:00005720       ORDtTm.Finalization
 0002:00000500       ORDtTm.ORDtTm
 0001:00005708       ORDtTm.TORDateBox.GetFMDateTime
 0001:00005718       ORDtTm.TORDateBox.IsValid
 0001:00005710       ORDtTm.TORDateBox.SetFMDateTime
 0001:000031C8       ORFn.DateTimeToFMDateTime
 0001:000031E8       ORFn.Finalization
 0001:000031D8       ORFn.FMDateTimeOffsetBy
 0001:000031D0       ORFn.FMDateTimeToDateTime
 0001:000031E0       ORFn.FormatFMDateTime
 0002:000004A0       ORFn.ORFn
 0001:000031F0       ORNet.Finalization
 0002:000004A8       ORNet.ORNet
 0001:0001FCEC       PercentageDockTree.Finalization
 0002:00000588       PercentageDockTree.PercentageDockTree
 0001:0001FD6C       Proxies.Finalization
 0002:00000608       Proxies.Proxies
 0001:00002BB4       Rpcconf1.Finalization
 0002:00000428       Rpcconf1.Rpcconf1
 0001:00002BAC       RpcNet.Finalization
 0002:00000420       RpcNet.RpcNet
 0001:00002BA4       SelDiv.Finalization
 0002:00000418       SelDiv.SelDiv
 0001:00002B9C       Sgnoncnf.Finalization
 0002:00000410       Sgnoncnf.Sgnoncnf
 0001:00001B44       Snmp.Finalization
 0002:00000368       Snmp.Snmp
 0001:0001FDDC       StFilSys.Finalization
 0002:00000638       StFilSys.StFilSys
 0001:00000928       SysInit...
 0001:00000978       SysInit...
 0001:00000A30       SysInit...
 0001:00000A20       SysInit...
 0001:0000098C       SysInit...
 0001:000009FC       SysInit...
 0001:000009BC       SysInit...
 0001:000009D4       SysInit...
 0001:00000958       SysInit...
 0001:00000968       SysInit...
 0001:00000948       SysInit...
 0003:00000034       SysInit...
 0001:00000938       SysInit...
 0004:00000018       SysInit..1
 0001:000003FC       SysInit.@InitPkg
 0001:00000460       SysInit.@PackageLoad
 0001:0000046C       SysInit.@PackageUnload
 0001:00000478       SysInit.@_delayLoadHelper2
 0001:00000758       SysInit.@_FUnloadDelayLoadedDLL2
 0001:00000868       SysInit.@_HrLoadAllImportsForDll
 0004:00000014       SysInit.@_pfnDliFailureHook2
 0004:00000010       SysInit.@_pfnDliNotifyHook2
 0001:000002EC       SysInit.AllocTlsBuffer
 0004:0000000C       SysInit.dbkFCallWrapperAddr
 0001:000003A8       SysInit.ExitProcessTLS
 0001:00000370       SysInit.ExitThreadTLS
 0001:00000A40       SysInit.Finalization
 0001:00000294       SysInit.FreeLibrary
 0001:000002CC       SysInit.GetLastError
 0001:000002E4       SysInit.GetProcAddress
 0001:000002F8       SysInit.GetTlsSize
 0004:00000004       SysInit.HInstance
 0001:000003CC       SysInit.InitializeModule
 0001:00000344       SysInit.InitProcessTLS
 0001:00000300       SysInit.InitThreadTLS
 0001:00000280       SysInit.InterlockedExchange
 0001:000002D4       SysInit.LoadLibraryA
 0001:0000029C       SysInit.LocalAlloc
 0001:000002A4       SysInit.LocalFree
 0003:00000008       SysInit.Module
 0004:00000000       SysInit.ModuleIsLib
 0004:00000001       SysInit.ModuleIsPackage
 0003:00000004       SysInit.PtrToNil
 0001:000002DC       SysInit.RaiseException
 0001:00000920       SysInit.ShutdownDelayHelp2
 0002:00000008       SysInit.SysInit
 0001:000002AC       SysInit.TlsAlloc
 0004:0000001C       SysInit.tlsBuffer
 0001:000002B4       SysInit.TlsFree
 0001:000002BC       SysInit.TlsGetValue
 0003:00000000       SysInit.TlsIndex
 0005:00000000       SysInit.TlsLast
 0003:00000024       SysInit.TlsProc
 0001:000002C4       SysInit.TlsSetValue
 0001:000003D8       SysInit.UninitializeModule
 0004:FFFDC000       SysInit.__ImageBase
 0001:00000010       System.@AbstractError
 0001:000000B8       System.@AfterConstruction
 0001:00000060       System.@AsClass
 0001:000000C0       System.@BeforeDestruction
 0001:00000068       System.@CallDynaInst
 0001:00000268       System.@CheckAutoResult
 0001:000000A8       System.@ClassCreate
 0001:000000B0       System.@ClassDestroy
 0001:000000F0       System.@DoneExcept
 0001:00000200       System.@DynArrayClear
 0001:000001F0       System.@DynArrayLength
 0001:000001F8       System.@DynArraySetLength
 0001:000000C8       System.@HandleAnyException
 0001:000000D8       System.@HandleFinally
 0001:000000D0       System.@HandleOnException
 0001:00000230       System.@IntfAddRef
 0001:00000228       System.@IntfCast
 0001:00000218       System.@IntfClear
 0001:00000220       System.@IntfCopy
 0001:00000058       System.@IsClass
 0001:00000120       System.@LStrClr
 0001:00000168       System.@LStrFromPWChar
 0001:00000170       System.@LStrToPChar
 0001:00000100       System.@PackageLoad
 0001:00000108       System.@PackageUnload
 0001:000000E8       System.@RaiseAgain
 0001:000000E0       System.@RaiseExcept
 0001:00000000       System.@ROUND
 0001:00000110       System.@RunError
 0001:00000008       System.@TRUNC
 0001:000000F8       System.@TryFinallyExit
 0001:00000140       System.@UStrAddRef
 0001:00000130       System.@UStrArrayClr
 0001:00000150       System.@UStrAsg
 0001:000001B8       System.@UStrCat
 0001:000001C0       System.@UStrCat3
 0001:000001C8       System.@UStrCatN
 0001:00000118       System.@UStrClr
 0001:000001D8       System.@UStrDelete
 0001:000001D0       System.@UStrEqual
 0001:00000198       System.@UStrFromPChar
 0001:000001A0       System.@UStrFromPWChar
 0001:00000190       System.@UStrFromWChar
 0001:000001A8       System.@UStrFromWStr
 0001:00000158       System.@UStrLAsg
 0001:00000160       System.@UStrLen
 0001:00000188       System.@UStrToPWChar
 0001:00000148       System.@WStrAddRef
 0001:00000138       System.@WStrArrayClr
 0001:00000128       System.@WStrClr
 0001:00000180       System.@WStrEqual
 0001:000001B0       System.@WStrFromUStr
 0001:00000178       System.@WStrFromWChar
 0001:00000278       System.Finalization
 0001:00000270       System.LoadResString
 0001:000001E0       System.Pos
 0001:00000208       System.RegisterModule
 0001:000001E8       System.StringOfChar
 0002:00000000       System.System
 0001:00000238       System.TInterfacedObject.AfterConstruction
 0001:00000240       System.TInterfacedObject.BeforeDestruction
 0001:00000248       System.TInterfacedObject.NewInstance
 0001:00000250       System.TInterfacedObject.QueryInterface
 0001:00000258       System.TInterfacedObject._AddRef
 0001:00000260       System.TInterfacedObject._Release
 0001:00000090       System.TObject.AfterConstruction
 0001:00000098       System.TObject.BeforeDestruction
 0001:00000018       System.TObject.ClassName
 0001:00000030       System.TObject.Create
 0001:00000088       System.TObject.DefaultHandler
 0001:00000038       System.TObject.Destroy
 0001:000000A0       System.TObject.Dispatch
 0001:00000048       System.TObject.Equals
 0001:00000040       System.TObject.Free
 0001:00000028       System.TObject.FreeInstance
 0001:00000050       System.TObject.GetHashCode
 0001:00000070       System.TObject.InheritsFrom
 0001:00000020       System.TObject.NewInstance
 0001:00000078       System.TObject.SafeCallException
 0001:00000080       System.TObject.ToString
 0001:00000210       System.UnregisterModule
 0001:00001034       System.Actions.Finalization
 0002:000000E0       System.Actions.System.Actions
 0001:00000D34       System.AnsiStrings.Finalization
 0002:00000070       System.AnsiStrings.System.AnsiStrings
 0001:00000BEC       System.Character.Finalization
 0002:00000028       System.Character.System.Character
 0001:00000BE4       System.Character.TCharHelper.IsLetter
 0001:0000102C       System.Classes.Finalization
 0001:00000E44       System.Classes.Point
 0001:00000E4C       System.Classes.Rect
 0001:00000E54       System.Classes.RegisterClass
 0001:00000E5C       System.Classes.RegisterComponents
 0001:00000E64       System.Classes.RegisterNoIcon
 0002:000000D8       System.Classes.System.Classes
 0002:000000D0       System.Classes.TBaseAsyncResult.Create@
 0001:00001024       System.Classes.TBaseAsyncResult.Destroy@
 0002:000000B0       System.Classes.TBinaryWriter.Create@
 0001:0000100C       System.Classes.TBinaryWriter.Destroy@
 0001:00000ECC       System.Classes.TCollection.Add
 0001:00000F24       System.Classes.TCollection.Added
 0001:00000ED4       System.Classes.TCollection.Assign
 0001:00000EDC       System.Classes.TCollection.BeginUpdate
 0001:00000F1C       System.Classes.TCollection.Delete
 0001:00000F2C       System.Classes.TCollection.Deleting
 0001:00000EC4       System.Classes.TCollection.Destroy
 0001:00000EE4       System.Classes.TCollection.EndUpdate
 0001:00000EEC       System.Classes.TCollection.GetCount
 0001:00000EF4       System.Classes.TCollection.GetItem
 0001:00000EFC       System.Classes.TCollection.Insert
 0001:00000F34       System.Classes.TCollection.Notify
 0001:00000F04       System.Classes.TCollection.SetItem
 0001:00000F0C       System.Classes.TCollection.SetItemName
 0001:00000F14       System.Classes.TCollection.Update
 0001:00000E84       System.Classes.TCollectionItem.Create
 0001:00000E8C       System.Classes.TCollectionItem.Destroy
 0001:00000EA4       System.Classes.TCollectionItem.GetDisplayName
 0001:00000E9C       System.Classes.TCollectionItem.GetIndex
 0001:00000E94       System.Classes.TCollectionItem.Release
 0001:00000EAC       System.Classes.TCollectionItem.SetCollection
 0001:00000EB4       System.Classes.TCollectionItem.SetDisplayName
 0001:00000EBC       System.Classes.TCollectionItem.SetIndex
 0001:00000F84       System.Classes.TComponent.AsyncSchedule
 0001:00000F8C       System.Classes.TComponent.BeforeDestruction
 0001:00000FE4       System.Classes.TComponent.CanObserve
 0001:00000F74       System.Classes.TComponent.Create
 0002:000000C0       System.Classes.TComponent.Create@
 0001:00000F9C       System.Classes.TComponent.DefineProperties
 0001:00000F7C       System.Classes.TComponent.Destroy
 0001:00000E3C       System.Classes.TComponent.Destroy@
 0001:00000FC4       System.Classes.TComponent.FindComponent
 0001:00000FD4       System.Classes.TComponent.GetObservers
 0001:00000FA4       System.Classes.TComponent.Loaded
 0001:00000F94       System.Classes.TComponent.Notification
 0001:00000FEC       System.Classes.TComponent.ObserverAdded
 0001:00001004       System.Classes.TComponent.QueryInterface
 0001:00000FAC       System.Classes.TComponent.ReadState
 0001:00000FF4       System.Classes.TComponent.SafeCallException
 0001:00000FCC       System.Classes.TComponent.SetName
 0001:00000FDC       System.Classes.TComponent.UpdateAction
 0001:00000FFC       System.Classes.TComponent.UpdateRegistry
 0001:00000FBC       System.Classes.TComponent.ValidateRename
 0001:00000FB4       System.Classes.TComponent.WriteState
 0002:000000C8       System.Classes.TLoginCredentialService.Create@
 0001:00001014       System.Classes.TLoginCredentialService.Destroy@
 0002:000000A8       System.Classes.TObserverMapping.Create@
 0001:0000101C       System.Classes.TObserverMapping.Destroy@
 0001:00000F3C       System.Classes.TOwnedCollection.Create
 0001:00000E6C       System.Classes.TPersistent.Assign
 0001:00000E74       System.Classes.TPersistent.AssignTo
 0001:00000E7C       System.Classes.TPersistent.DefineProperties
 0001:00000F64       System.Classes.TStringList.Create
 0001:00000F44       System.Classes.TStrings.GetDelimitedText
 0001:00000F4C       System.Classes.TStrings.SetDelimitedText
 0001:00000F54       System.Classes.TStrings.SetDelimiter
 0001:00000F5C       System.Classes.TStrings.SetStrictDelimiter
 0002:000000B8       System.Classes.TThread.Create@
 0001:00000F6C       System.Classes.TThread.Destroy@
 0001:000056F0       System.ConvUtils.Convert
 0001:000056F8       System.ConvUtils.Finalization
 0002:000004F0       System.ConvUtils.System.ConvUtils
 0001:00001054       System.DateUtils.DaysBetween
 0001:00001064       System.DateUtils.Finalization
 0002:000000F8       System.DateUtils.System.DateUtils
 0001:00001044       System.DateUtils.Today
 0002:000000F0       System.DateUtils.TTimeZone.Create@
 0001:0000105C       System.DateUtils.TTimeZone.Destroy@
 0001:0000104C       System.DateUtils.YearOf
 0002:00000620       System.Devices.TDeviceInfo.Create@
 0001:0001FDC4       System.Devices.TDeviceInfo.Destroy@
 0001:00000D5C       System.Generics.Collections.TListHelper.CheckItemRange
 0001:00000D74       System.Generics.Collections.TListHelper.DoExtractItemFwd4
 0001:00000D7C       System.Generics.Collections.TListHelper.DoExtractItemRev4
 0001:00000D84       System.Generics.Collections.TListHelper.DoIndexOfFwd4
 0001:00000D8C       System.Generics.Collections.TListHelper.DoIndexOfRev4
 0001:00000D94       System.Generics.Collections.TListHelper.DoRemoveFwd4
 0001:00000D9C       System.Generics.Collections.TListHelper.DoRemoveRev4
 0001:00000DA4       System.Generics.Collections.TListHelper.InternalAdd4
 0001:00000DAC       System.Generics.Collections.TListHelper.InternalClear4
 0001:00000DB4       System.Generics.Collections.TListHelper.InternalDeleteRange4
 0001:00000DBC       System.Generics.Collections.TListHelper.InternalDoDelete4
 0001:00000D6C       System.Generics.Collections.TListHelper.InternalExchange4
 0001:00000DC4       System.Generics.Collections.TListHelper.InternalGrowCheck
 0001:00000DCC       System.Generics.Collections.TListHelper.InternalInsert4
 0001:00000DD4       System.Generics.Collections.TListHelper.InternalInsertRange4
 0001:00000DDC       System.Generics.Collections.TListHelper.InternalMove4
 0001:00000DE4       System.Generics.Collections.TListHelper.InternalPack4
 0001:00000DEC       System.Generics.Collections.TListHelper.InternalReverse4
 0001:00000DF4       System.Generics.Collections.TListHelper.InternalSetCapacity
 0001:00000DFC       System.Generics.Collections.TListHelper.InternalSetCount4
 0001:00000E04       System.Generics.Collections.TListHelper.InternalToArray
 0001:00000D64       System.Generics.Collections.TListHelper.SetItem4
 0002:00000088       System.Generics.Defaults.TIStringComparer.Create@
 0001:00000D54       System.Generics.Defaults.TIStringComparer.Destroy@
 0002:00000080       System.Generics.Defaults.TStringComparer.Create@
 0001:00000D4C       System.Generics.Defaults.TStringComparer.Destroy@
 0001:00000D44       System.Generics.Defaults._LookupVtableInfo
 0001:000017BC       System.HelpIntfs.Finalization
 0002:000002D0       System.HelpIntfs.System.HelpIntfs
 0001:00000BF4       System.Internal.ExcUtils.Finalization
 0002:00000030       System.Internal.ExcUtils.System.Internal.ExcUtils
 0002:00000100       System.IOUtils.TPath.Create@
 0001:0000106C       System.IOUtils.TPath.Destroy@
 0001:00000D3C       System.Math.Finalization
 0002:00000078       System.Math.System.Math
 0001:00000E14       System.Rtti.Finalization
 0002:00000098       System.Rtti.System.Rtti
 0002:00000090       System.Rtti.TRttiContext.Create@
 0001:00000E0C       System.Rtti.TRttiContext.Destroy@
 0001:00005700       System.StdConvs.Finalization
 0002:000004F8       System.StdConvs.System.StdConvs
 0001:00000D2C       System.StrUtils.AnsiContainsText
 0001:000010C4       System.SyncObjs.Finalization
 0002:00000120       System.SyncObjs.System.SyncObjs
 0001:00000C9C       System.SysUtils.Abort
 0001:00000C0C       System.SysUtils.AnsiCompareText
 0001:00000C04       System.SysUtils.CompareText
 0001:00000C8C       System.SysUtils.DateToStr
 0001:00000C4C       System.SysUtils.DirectoryExists
 0001:00000CA4       System.SysUtils.Exception.Create
 0002:00000048       System.SysUtils.Exception.Create@
 0001:00000CAC       System.SysUtils.Exception.CreateFmt
 0001:00000CB4       System.SysUtils.Exception.CreateRes
 0001:00000CBC       System.SysUtils.Exception.Destroy@
 0001:00000C5C       System.SysUtils.ExtractFileDir
 0001:00000C64       System.SysUtils.ExtractFileName
 0001:00000C54       System.SysUtils.ExtractFilePath
 0001:00000C44       System.SysUtils.FileExists
 0001:00000CFC       System.SysUtils.Finalization
 0001:00000C6C       System.SysUtils.FloatToStr
 0001:00000C74       System.SysUtils.FormatFloat
 0001:00000CD4       System.SysUtils.FreeAndNil
 0001:00000CCC       System.SysUtils.GetModuleName
 0001:00000C1C       System.SysUtils.IntToStr
 0001:00000C14       System.SysUtils.IntToStr
 0001:00000C84       System.SysUtils.Now
 0001:00000CE4       System.SysUtils.SafeLoadLibrary
 0001:00000CC4       System.SysUtils.Sleep
 0001:00000C3C       System.SysUtils.StrToBool
 0001:00000C94       System.SysUtils.StrToDate
 0001:00000C7C       System.SysUtils.StrToFloat
 0001:00000C24       System.SysUtils.StrToInt
 0001:00000C2C       System.SysUtils.StrToIntDef
 0002:00000058       System.SysUtils.System.SysUtils
 0002:00000040       System.SysUtils.TEncoding.Create@
 0001:00000CF4       System.SysUtils.TEncoding.Destroy@
 0002:00000038       System.SysUtils.TLanguages.Create@
 0001:00000CDC       System.SysUtils.TLanguages.Destroy@
 0002:00000050       System.SysUtils.TOSVersion.Create@
 0001:00000BFC       System.SysUtils.TOSVersion.Destroy@
 0001:00000C34       System.SysUtils.TryStrToInt
 0001:00000CEC       System.SysUtils.TStringHelper.GetChars
 0002:000000E8       System.TimeSpan.TTimeSpan.Create@
 0001:0000103C       System.TimeSpan.TTimeSpan.Destroy@
 0001:00000A60       System.Types.TRect.GetHeight
 0001:00000A58       System.Types.TRect.GetWidth
 0001:00000A50       System.Types.TRect.SetWidth
 0001:00000E34       System.TypInfo.Finalization
 0001:00000E1C       System.TypInfo.GetPropValue
 0001:00000E2C       System.TypInfo.IsPublishedProp
 0001:00000E24       System.TypInfo.SetPropValue
 0002:000000A0       System.TypInfo.System.TypInfo
 0001:00000D0C       System.Variants.@VarClr
 0001:00000D1C       System.Variants.@VarFromUStr
 0001:00000D14       System.Variants.@VarToUStr
 0001:00000D24       System.Variants.Finalization
 0002:00000068       System.Variants.System.Variants
 0001:00000D04       System.VarUtils.Finalization
 0002:00000060       System.VarUtils.System.VarUtils
 0001:000010E4       System.Win.ComObj.CreateComObject
 0001:000010EC       System.Win.ComObj.CreateRemoteComObject
 0001:000010F4       System.Win.ComObj.Finalization
 0002:00000140       System.Win.ComObj.System.Win.ComObj
 0002:00000138       System.Win.ComObj.TComServerObject.Create@
 0001:000010DC       System.Win.ComObj.TComServerObject.Destroy@
 0002:00000108       System.Win.Registry.TRegistry.Create@
 0001:00001074       System.Win.Registry.TRegistry.Destroy@
 0001:0001FD64       ToolsAPI.Finalization
 0002:00000600       ToolsAPI.ToolsAPI
 0001:0001FDD4       TopLevels.Finalization
 0002:00000630       TopLevels.TopLevels
 0001:0001FDFC       TreeIntf.Finalization
 0001:0001FDF4       TreeIntf.RegisterSprigType
 0002:00000650       TreeIntf.TreeIntf
 0001:00002BBC       Trpcb.Finalization
 0002:00000430       Trpcb.Trpcb
 0004:00000068       uBase..4
 0001:00017074       uBase..TDDCSForm
 0001:00016A88       uBase..TDDCSHeaderControl
 0001:00016D58       uBase..TTabControlStyleHookCheck
 0001:000185FC       uBase.AddControlPanelButton
 0001:0001D1FC       uBase.Finalization
 0001:00018E28       uBase.GetButtonCheckRect
 0001:00019070       uBase.GetCkRect
 0001:00018444       uBase.PopupMenuHeight
 0001:00017A50       uBase.Register
 0001:0001CA1C       uBase.ReportDLLnotFound
 0001:000184C0       uBase.ShowMenu
 0001:00019F74       uBase.TDDCSForm.AcceptActive
 0001:0001C424       uBase.TDDCSForm.ActiveControlChanged
 0001:00019F14       uBase.TDDCSForm.AutoSaveActive
 0001:00019A70       uBase.TDDCSForm.ButtonGetDialogClick
 0001:0001A350       uBase.TDDCSForm.Cancel
 0001:00019B80       uBase.TDDCSForm.cbAutoWidth
 0001:0001C164       uBase.TDDCSForm.Change
 0001:0001A8F0       uBase.TDDCSForm.Create
 0001:0001C5E4       uBase.TDDCSForm.CtrlShiftTab
 0001:0001C524       uBase.TDDCSForm.CtrlTab
 0001:0001C05C       uBase.TDDCSForm.Destroy
 0001:000190A4       uBase.TDDCSForm.DrawCheckTab
 0001:0001A30C       uBase.TDDCSForm.Finish
 0001:00019F54       uBase.TDDCSForm.FinishActive
 0001:0001C304       uBase.TDDCSForm.FormClose
 0001:0001C298       uBase.TDDCSForm.FormCloseQuery
 0001:0001AC48       uBase.TDDCSForm.FormOverrideShow
 0001:0001C8B0       uBase.TDDCSForm.GetPatientActiveMedications
 0001:0001C7A0       uBase.TDDCSForm.GetPatientActiveProblems
 0001:0001C690       uBase.TDDCSForm.GetPatientAllergies
 0001:0001C9C0       uBase.TDDCSForm.GetVitalsForm
 0001:0001A35C       uBase.TDDCSForm.GoToPageFirstTabItem
 0001:0001A3D8       uBase.TDDCSForm.GoToPageLastTabItem
 0001:0001D0CC       uBase.TDDCSForm.HasSecurityKey
 0001:00019648       uBase.TDDCSForm.ListBoxGetDialogDBClick
 0001:000197D0       uBase.TDDCSForm.ListBoxGetDialogKeyDown
 0001:0001CD60       uBase.TDDCSForm.LoadDialogs
 0001:00019CB4       uBase.TDDCSForm.Notification
 0001:000192F4       uBase.TDDCSForm.OnAutoSaveTimer
 0001:0001A420       uBase.TDDCSForm.Preview
 0001:00019C6C       uBase.TDDCSForm.RadioGroupEnter
 0001:00019F34       uBase.TDDCSForm.RestoreActive
 0001:00019F94       uBase.TDDCSForm.Save
 0001:00019EF4       uBase.TDDCSForm.SaveActive
 0001:000192DC       uBase.TDDCSForm.SetConfigCollection
 0001:000192E8       uBase.TDDCSForm.SetNoteCollection
 0001:00019D2C       uBase.TDDCSForm.SetUpControl
 0001:00019234       uBase.TDDCSForm.SetVitals
 0001:00019310       uBase.TDDCSForm.ShowDialogandReturn
 0001:0001C0F4       uBase.TDDCSForm.WMGetMSAAObject
 0001:0001921C       uBase.TDDCSForm.WMSave
 0001:0001C130       uBase.TDDCSForm.WMSetFocus
 0001:0001BFB4       uBase.TDDCSForm.WMShowSplash
 0001:00018928       uBase.TDDCSHeaderControl.Create
 0001:00018278       uBase.TDDCSHeaderControl.DrawSection
 0001:00017F0C       uBase.TDDCSHeaderControl.FcAboutClick
 0001:00017F70       uBase.TDDCSHeaderControl.FcChangeThemeClick
 0001:00017E68       uBase.TDDCSHeaderControl.FcEditConfigurationClick
 0001:00017E80       uBase.TDDCSHeaderControl.FcLoadDialogsClick
 0001:00018120       uBase.TDDCSHeaderControl.IsNext
 0001:000181A8       uBase.TDDCSHeaderControl.IsPrev
 0001:00017D3C       uBase.TDDCSHeaderControl.KeyDown
 0001:0001852C       uBase.TDDCSHeaderControl.SectionClick
 0001:000185F0       uBase.TDDCSHeaderControl.SectionTrack
 0001:00017AF0       uBase.TDDCSHeaderControl.SpeakButtons
 0001:0001820C       uBase.TDDCSHeaderControl.TotalPages
 0001:00018C90       uBase.TDDCSHeaderControl.UpdateControlPanel
 0001:00017AB4       uBase.TDDCSHeaderControl.WMGetMSAAObject
 0001:00017D10       uBase.TDDCSHeaderControl.WMKillFocus
 0001:00017C60       uBase.TDDCSHeaderControl.WMSetFocus
 0001:00018EFC       uBase.TTabControlStyleHookCheck.DrawTab
 0002:00000530       uBase.uBase
 0004:00000054       uCommon..1
 0001:00005CB4       uCommon.Fill
 0001:00006514       uCommon.Finalization
 0002:00000510       uCommon.uCommon
 0004:0000005C       uReportItems..5
 0001:00012380       uReportItems..TConfigCollection
 0001:00012074       uReportItems..TConfigItem
 0001:00012DB0       uReportItems..TDDCSNoteCollection
 0001:00012790       uReportItems..TDDCSNoteItem
 0001:00013564       uReportItems.CheckPiece
 0001:000163A8       uReportItems.Finalization
 0001:0001342C       uReportItems.TConfigCollection.Add
 0001:000133EC       uReportItems.TConfigCollection.GetCollectiveText
 0001:000133B0       uReportItems.TConfigCollection.GetCount
 0001:000133D8       uReportItems.TConfigCollection.GetItem
 0001:0001338C       uReportItems.TConfigCollection.GetValue
 0001:00013438       uReportItems.TConfigCollection.Insert
 0001:0001344C       uReportItems.TConfigCollection.LookUp
 0001:00013384       uReportItems.TConfigCollection.SetItem
 0001:0001335C       uReportItems.TConfigCollection.SetValue
 0001:000135DC       uReportItems.TConfigCollection.ValidPieces
 0001:000132EC       uReportItems.TConfigItem.Create
 0001:00013330       uReportItems.TConfigItem.Destroy
 0001:00013274       uReportItems.TConfigItem.GetPiece
 0001:0001322C       uReportItems.TConfigItem.GetValue
 0001:0001311C       uReportItems.TConfigItem.SetPiece
 0001:00013098       uReportItems.TConfigItem.SetValue
 0001:00016388       uReportItems.TDDCSNoteCollection.Add
 0001:00016248       uReportItems.TDDCSNoteCollection.DeleteNoteItem
 0001:000162E8       uReportItems.TDDCSNoteCollection.GetAControl
 0001:00016234       uReportItems.TDDCSNoteCollection.GetItem
 0001:000162A0       uReportItems.TDDCSNoteCollection.GetNoteItem
 0001:0001626C       uReportItems.TDDCSNoteCollection.GetNoteItemAddifNil
 0001:00016394       uReportItems.TDDCSNoteCollection.Insert
 0001:0001622C       uReportItems.TDDCSNoteCollection.SetItem
 0001:00013910       uReportItems.TDDCSNoteItem.Assign
 0001:000138A0       uReportItems.TDDCSNoteItem.Create
 0001:000138E4       uReportItems.TDDCSNoteItem.Destroy
 0001:00013768       uReportItems.TDDCSNoteItem.GetDisplayName
 0001:00013790       uReportItems.TDDCSNoteItem.GetIDName
 0001:00013834       uReportItems.TDDCSNoteItem.GetOrder
 0001:0001383C       uReportItems.TDDCSNoteItem.GetPage
 0001:000139FC       uReportItems.TDDCSNoteItem.GetValueNote
 0001:00014794       uReportItems.TDDCSNoteItem.GetValueSave
 0001:00015E40       uReportItems.TDDCSNoteItem.IsValid
 0001:00013740       uReportItems.TDDCSNoteItem.SetDialogReturn
 0001:000139F4       uReportItems.TDDCSNoteItem.SetIndex
 0001:00013690       uReportItems.TDDCSNoteItem.SetObject
 0002:00000520       uReportItems.uReportItems
 0001:00003148       VAUtils.Finalization
 0001:00003140       VAUtils.Piece
 0002:00000458       VAUtils.VAUtils
 0001:000010D4       Vcl.ActnList.Finalization
 0002:00000130       Vcl.ActnList.Vcl.ActnList
 0001:0001FD1C       Vcl.ActnMan.Finalization
 0002:000005B8       Vcl.ActnMan.Vcl.ActnMan
 0001:0001FD14       Vcl.ActnMenus.Finalization
 0002:000005B0       Vcl.ActnMenus.Vcl.ActnMenus
 0001:0001FDBC       Vcl.AppEvnts.Finalization
 0002:00000618       Vcl.AppEvnts.Vcl.AppEvnts
 0001:0001FDCC       Vcl.AxCtrls.Finalization
 0002:00000628       Vcl.AxCtrls.Vcl.AxCtrls
 0002:000004C8       Vcl.ButtonGroup.TButtonGroup.Create@
 0001:00005448       Vcl.ButtonGroup.TButtonGroup.Destroy@
 0001:00001B9C       Vcl.Buttons.Finalization
 0002:000003A8       Vcl.Buttons.TBitBtn.Create@
 0001:00001B94       Vcl.Buttons.TBitBtn.Destroy@
 0002:000003B0       Vcl.Buttons.Vcl.Buttons
 0001:0001FCDC       Vcl.CaptionedDockTree.Finalization
 0002:00000578       Vcl.CaptionedDockTree.Vcl.CaptionedDockTree
 0001:00005440       Vcl.CategoryButtons.Finalization
 0002:000004B8       Vcl.CategoryButtons.TCategoryButtons.Create@
 0001:00005438       Vcl.CategoryButtons.TCategoryButtons.Destroy@
 0002:000004C0       Vcl.CategoryButtons.Vcl.CategoryButtons
 0002:00000450       Vcl.CheckLst.TCheckListBox.Create@
 0001:00003128       Vcl.CheckLst.TCheckListBox.Destroy@
 0001:00003138       Vcl.CheckLst.TCheckListBox.GetChecked
 0001:00003130       Vcl.CheckLst.TCheckListBox.SetChecked
 0001:00001484       Vcl.Clipbrd.Finalization
 0002:00000200       Vcl.Clipbrd.Vcl.Clipbrd
 0001:000017B4       Vcl.ComCtrls.Finalization
 0002:000002B0       Vcl.ComCtrls.TComboBoxEx.Create@
 0001:0000173C       Vcl.ComCtrls.TComboBoxEx.Destroy@
 0001:0000171C       Vcl.ComCtrls.TCommonCalendar.SetDateTime
 0002:00000290       Vcl.ComCtrls.TCoolBar.Create@
 0001:00001714       Vcl.ComCtrls.TCoolBar.Destroy@
 0002:000002A8       Vcl.ComCtrls.TCustomComboBoxEx.Create@
 0001:00001734       Vcl.ComCtrls.TCustomComboBoxEx.Destroy@
 0001:000015C4       Vcl.ComCtrls.TCustomHeaderControl.Create
 0002:00000220       Vcl.ComCtrls.TCustomHeaderControl.Create@
 0001:000015DC       Vcl.ComCtrls.TCustomHeaderControl.CreateParams
 0001:00001624       Vcl.ComCtrls.TCustomHeaderControl.CreateSection
 0001:0000162C       Vcl.ComCtrls.TCustomHeaderControl.CreateSections
 0001:000015E4       Vcl.ComCtrls.TCustomHeaderControl.CreateWnd
 0001:000015D4       Vcl.ComCtrls.TCustomHeaderControl.Destroy
 0001:000015CC       Vcl.ComCtrls.TCustomHeaderControl.Destroy@
 0001:000015EC       Vcl.ComCtrls.TCustomHeaderControl.DestroyWnd
 0001:000015F4       Vcl.ComCtrls.TCustomHeaderControl.DrawSection
 0001:00001614       Vcl.ComCtrls.TCustomHeaderControl.Notification
 0001:000015FC       Vcl.ComCtrls.TCustomHeaderControl.SectionClick
 0001:0000161C       Vcl.ComCtrls.TCustomHeaderControl.SetImages
 0001:00001604       Vcl.ComCtrls.TCustomHeaderControl.SetStyle
 0001:0000160C       Vcl.ComCtrls.TCustomHeaderControl.WndProc
 0002:00000268       Vcl.ComCtrls.TCustomHotKey.Create@
 0001:00001674       Vcl.ComCtrls.TCustomHotKey.Destroy@
 0002:00000278       Vcl.ComCtrls.TCustomListView.Create@
 0001:000016DC       Vcl.ComCtrls.TCustomListView.Destroy@
 0001:000016F4       Vcl.ComCtrls.TCustomListView.FindCaption
 0001:000016EC       Vcl.ComCtrls.TCustomListView.GetColumnFromIndex
 0001:000016FC       Vcl.ComCtrls.TCustomListView.SetSelected
 0001:000016E4       Vcl.ComCtrls.TCustomListView.SetSortType
 0002:00000248       Vcl.ComCtrls.TCustomRichEdit.Create@
 0001:00001654       Vcl.ComCtrls.TCustomRichEdit.Destroy@
 0002:00000218       Vcl.ComCtrls.TCustomStatusBar.Create@
 0001:0000157C       Vcl.ComCtrls.TCustomStatusBar.Destroy@
 0001:000014DC       Vcl.ComCtrls.TCustomTabControl.AdjustClientRect
 0002:00000208       Vcl.ComCtrls.TCustomTabControl.Create@
 0001:00001494       Vcl.ComCtrls.TCustomTabControl.CreateParams
 0001:0000149C       Vcl.ComCtrls.TCustomTabControl.CreateWnd
 0001:0000148C       Vcl.ComCtrls.TCustomTabControl.Destroy@
 0001:000014A4       Vcl.ComCtrls.TCustomTabControl.DrawTab
 0001:000014AC       Vcl.ComCtrls.TCustomTabControl.Notification
 0001:000014B4       Vcl.ComCtrls.TCustomTabControl.SetMultiLine
 0001:000014BC       Vcl.ComCtrls.TCustomTabControl.SetOwnerDraw
 0001:000014C4       Vcl.ComCtrls.TCustomTabControl.SetStyle
 0001:000014CC       Vcl.ComCtrls.TCustomTabControl.SetTabHeight
 0001:000014D4       Vcl.ComCtrls.TCustomTabControl.SetTabPosition
 0002:00000228       Vcl.ComCtrls.TCustomTreeView.Create@
 0001:00001634       Vcl.ComCtrls.TCustomTreeView.Destroy@
 0002:00000258       Vcl.ComCtrls.TCustomUpDown.Create@
 0001:00001664       Vcl.ComCtrls.TCustomUpDown.Destroy@
 0002:00000298       Vcl.ComCtrls.TDateTimePicker.Create@
 0001:00001724       Vcl.ComCtrls.TDateTimePicker.Destroy@
 0002:000002C0       Vcl.ComCtrls.THeaderControl.Create@
 0001:0000174C       Vcl.ComCtrls.THeaderControl.Destroy@
 0001:00001584       Vcl.ComCtrls.THeaderSection.SetAlignment
 0001:0000158C       Vcl.ComCtrls.THeaderSection.SetAutoSize
 0001:000015AC       Vcl.ComCtrls.THeaderSection.SetFixedWidth
 0001:00001594       Vcl.ComCtrls.THeaderSection.SetStyle
 0001:0000159C       Vcl.ComCtrls.THeaderSection.SetText
 0001:000015A4       Vcl.ComCtrls.THeaderSection.SetWidth
 0001:000015B4       Vcl.ComCtrls.THeaderSections.Add
 0001:000015BC       Vcl.ComCtrls.THeaderSections.GetItem
 0002:00000270       Vcl.ComCtrls.THotKey.Create@
 0001:0000167C       Vcl.ComCtrls.THotKey.Destroy@
 0001:0000168C       Vcl.ComCtrls.TListColumn.SetAutoSize
 0001:00001684       Vcl.ComCtrls.TListColumn.SetCaption
 0001:00001694       Vcl.ComCtrls.TListColumns.Add
 0001:0000169C       Vcl.ComCtrls.TListItem.GetChecked
 0001:000016B4       Vcl.ComCtrls.TListItem.GetState
 0001:000016AC       Vcl.ComCtrls.TListItem.SetCaption
 0001:000016A4       Vcl.ComCtrls.TListItem.SetChecked
 0001:000016BC       Vcl.ComCtrls.TListItem.SetState
 0001:000016C4       Vcl.ComCtrls.TListItems.Add
 0001:000016CC       Vcl.ComCtrls.TListItems.GetCount
 0001:000016D4       Vcl.ComCtrls.TListItems.GetItem
 0002:00000280       Vcl.ComCtrls.TListView.Create@
 0001:00001704       Vcl.ComCtrls.TListView.Destroy@
 0001:00001524       Vcl.ComCtrls.TPageControl.CanShowTab
 0001:0000152C       Vcl.ComCtrls.TPageControl.Change
 0001:0000150C       Vcl.ComCtrls.TPageControl.Create
 0001:00001514       Vcl.ComCtrls.TPageControl.Destroy
 0001:00001564       Vcl.ComCtrls.TPageControl.GetActivePageIndex
 0001:00001534       Vcl.ComCtrls.TPageControl.GetImageIndex
 0001:0000153C       Vcl.ComCtrls.TPageControl.GetPage
 0001:00001544       Vcl.ComCtrls.TPageControl.GetPageCount
 0001:0000151C       Vcl.ComCtrls.TPageControl.Loaded
 0001:0000154C       Vcl.ComCtrls.TPageControl.SelectNextPage
 0001:0000156C       Vcl.ComCtrls.TPageControl.SetActivePageIndex
 0001:00001574       Vcl.ComCtrls.TPageControl.SetTabIndex
 0001:00001554       Vcl.ComCtrls.TPageControl.ShowControl
 0001:0000155C       Vcl.ComCtrls.TPageControl.UpdateActivePage
 0002:000002A0       Vcl.ComCtrls.TPageScroller.Create@
 0001:0000172C       Vcl.ComCtrls.TPageScroller.Destroy@
 0002:00000240       Vcl.ComCtrls.TProgressBar.Create@
 0001:0000164C       Vcl.ComCtrls.TProgressBar.Destroy@
 0002:00000250       Vcl.ComCtrls.TRichEdit.Create@
 0001:0000165C       Vcl.ComCtrls.TRichEdit.Destroy@
 0002:000002B8       Vcl.ComCtrls.TStatusBar.Create@
 0001:00001744       Vcl.ComCtrls.TStatusBar.Destroy@
 0002:00000210       Vcl.ComCtrls.TTabControl.Create@
 0001:000014E4       Vcl.ComCtrls.TTabControl.Destroy@
 0001:00001754       Vcl.ComCtrls.TTabControlStyleHook.Create
 0001:0000175C       Vcl.ComCtrls.TTabControlStyleHook.Destroy
 0001:0000177C       Vcl.ComCtrls.TTabControlStyleHook.DrawTab
 0001:000017AC       Vcl.ComCtrls.TTabControlStyleHook.GetTabIndex
 0001:000017A4       Vcl.ComCtrls.TTabControlStyleHook.GetTabPosition
 0001:0000179C       Vcl.ComCtrls.TTabControlStyleHook.GetTabRect
 0001:00001794       Vcl.ComCtrls.TTabControlStyleHook.GetTabs
 0001:0000178C       Vcl.ComCtrls.TTabControlStyleHook.Paint
 0001:00001784       Vcl.ComCtrls.TTabControlStyleHook.PaintBackground
 0001:0000176C       Vcl.ComCtrls.TTabControlStyleHook.PaintUpDown
 0001:00001774       Vcl.ComCtrls.TTabControlStyleHook.UpDownWndProc
 0001:00001764       Vcl.ComCtrls.TTabControlStyleHook.WndProc
 0001:000014EC       Vcl.ComCtrls.TTabSheet.GetPageIndex
 0001:000014F4       Vcl.ComCtrls.TTabSheet.GetTabIndex
 0001:000014FC       Vcl.ComCtrls.TTabSheet.SetPageControl
 0001:00001504       Vcl.ComCtrls.TTabSheet.SetTabVisible
 0002:00000288       Vcl.ComCtrls.TToolBar.Create@
 0001:0000170C       Vcl.ComCtrls.TToolBar.Destroy@
 0002:00000238       Vcl.ComCtrls.TTrackBar.Create@
 0001:00001644       Vcl.ComCtrls.TTrackBar.Destroy@
 0002:00000230       Vcl.ComCtrls.TTreeView.Create@
 0001:0000163C       Vcl.ComCtrls.TTreeView.Destroy@
 0002:00000260       Vcl.ComCtrls.TUpDown.Create@
 0001:0000166C       Vcl.ComCtrls.TUpDown.Destroy@
 0002:000002C8       Vcl.ComCtrls.Vcl.ComCtrls
 0001:000013CC       Vcl.Controls.Finalization
 0001:0000120C       Vcl.Controls.TControl.BringToFront
 0001:000011BC       Vcl.Controls.TControl.ClientToScreen
 0001:0000122C       Vcl.Controls.TControl.CreateTouchManager
 0001:000011C4       Vcl.Controls.TControl.DefaultScalingFlags
 0001:0000121C       Vcl.Controls.TControl.DoGesture
 0001:00001224       Vcl.Controls.TControl.DoGetGestureOptions
 0001:0000118C       Vcl.Controls.TControl.GetAction
 0001:000011B4       Vcl.Controls.TControl.GetClientHeight
 0001:0000117C       Vcl.Controls.TControl.GetDragImages
 0001:00001184       Vcl.Controls.TControl.GetEnabled
 0001:0000123C       Vcl.Controls.TControl.GetFloating
 0001:00001244       Vcl.Controls.TControl.GetFloatingDockSiteClass
 0001:000011EC       Vcl.Controls.TControl.GetText
 0001:0000124C       Vcl.Controls.TControl.InitiateAction
 0001:00001234       Vcl.Controls.TControl.Loaded
[...]
   826 0001:000193E5   828 0001:000193F5   829 0001:0001940A   832 0001:00019476
   833 0001:0001947D   835 0001:0001948D   836 0001:000194A2   839 0001:00019518
   841 0001:0001951F   845 0001:0001954F   847 0001:0001955C   854 0001:00019648
   857 0001:0001966D   859 0001:0001967D   861 0001:00019695   862 0001:00019698
   864 0001:000196A9   865 0001:000196BC   867 0001:000196C4   869 0001:000196E1
   872 0001:00019702   873 0001:00019711   874 0001:0001971F   876 0001:00019748
   877 0001:0001975C   878 0001:00019772   879 0001:00019779   882 0001:00019794
   884 0001:000197A4   892 0001:000197D0   895 0001:000197FE   898 0001:00019814
   900 0001:00019824   902 0001:0001983C   903 0001:0001983F   905 0001:00019850
   906 0001:00019863   908 0001:0001986B   910 0001:00019888   913 0001:000198A9
   915 0001:000198B6   917 0001:000198CB   919 0001:000198E5   920 0001:000198FC
   922 0001:0001990B   924 0001:00019918   927 0001:00019941   930 0001:00019946
   931 0001:00019955   932 0001:00019963   934 0001:0001998C   935 0001:000199A0
   936 0001:000199B6   937 0001:000199BD   940 0001:000199D8   942 0001:000199E8
   948 0001:00019A70   951 0001:00019A8E   953 0001:00019A9B   955 0001:00019AB0
   956 0001:00019ABF   958 0001:00019AC7   960 0001:00019AD6   963 0001:00019AE9
   964 0001:00019AF8   965 0001:00019B06   966 0001:00019B24   967 0001:00019B2B
   969 0001:00019B46   971 0001:00019B56   977 0001:00019B80   978 0001:00019BA1
   983 0001:00019BB6   984 0001:00019BBC   985 0001:00019BD2   986 0001:00019BF5
   984 0001:00019C22   988 0001:00019C27   989 0001:00019C42   995 0001:00019C6C
   996 0001:00019C70   999 0001:00019C81  1000 0001:00019C83  1001 0001:00019C8C
  1002 0001:00019C9B  1001 0001:00019CAB  1003 0001:00019CAE  1010 0001:00019CB4
  1011 0001:00019CBD  1013 0001:00019CC8  1016 0001:00019CE6  1019 0001:00019CF7
  1021 0001:00019D03  1022 0001:00019D07  1023 0001:00019D16  1024 0001:00019D1B
  1026 0001:00019D28  1034 0001:00019D2C  1035 0001:00019D38  1039 0001:00019D87
  1040 0001:00019D9C  1041 0001:00019DB4  1039 0001:00019DCA  1044 0001:00019DD2
  1047 0001:00019DE7  1049 0001:00019DF8  1050 0001:00019DFA  1051 0001:00019E04
  1054 0001:00019E14  1056 0001:00019E25  1057 0001:00019E27  1058 0001:00019E31
  1063 0001:00019E41  1064 0001:00019E4E  1067 0001:00019E56  1069 0001:00019E60
  1071 0001:00019E71  1072 0001:00019E83  1073 0001:00019E95  1075 0001:00019EA6
  1076 0001:00019EB8  1077 0001:00019ECA  1078 0001:00019EDB  1081 0001:00019EEB
  1084 0001:00019EF4  1085 0001:00019EF5  1086 0001:00019EFF  1087 0001:00019F11
  1090 0001:00019F14  1091 0001:00019F15  1092 0001:00019F1F  1093 0001:00019F31
  1096 0001:00019F34  1097 0001:00019F35  1098 0001:00019F3F  1099 0001:00019F4F
  1102 0001:00019F54  1103 0001:00019F55  1104 0001:00019F5F  1105 0001:00019F71
  1108 0001:00019F74  1109 0001:00019F75  1110 0001:00019F7F  1111 0001:00019F91
  1118 0001:00019F94  1119 0001:00019FB6  1122 0001:00019FE7  1124 0001:0001A004
  1125 0001:0001A013  1126 0001:0001A022  1127 0001:0001A030  1128 0001:0001A03E
  1130 0001:0001A050  1132 0001:0001A068  1137 0001:0001A078  1139 0001:0001A07E
  1140 0001:0001A086  1141 0001:0001A092  1143 0001:0001A09D  1130 0001:0001A09E
  1145 0001:0001A0A1  1146 0001:0001A0AD  1148 0001:0001A0BA  1150 0001:0001A0CA
  1151 0001:0001A0D0  1154 0001:0001A144  1157 0001:0001A196  1159 0001:0001A19E
  1160 0001:0001A1AF  1161 0001:0001A1BB  1166 0001:0001A232  1167 0001:0001A238
  1170 0001:0001A256  1171 0001:0001A25E  1173 0001:0001A266  1175 0001:0001A28B
  1178 0001:0001A30C  1179 0001:0001A30F  1181 0001:0001A316  1183 0001:0001A323
  1184 0001:0001A32C  1185 0001:0001A333  1186 0001:0001A344  1188 0001:0001A34B
  1192 0001:0001A350  1193 0001:0001A358  1199 0001:0001A35C  1200 0001:0001A361
  1201 0001:0001A36C  1203 0001:0001A370  1204 0001:0001A385  1205 0001:0001A389
  1206 0001:0001A39A  1207 0001:0001A3AF  1208 0001:0001A3C4  1209 0001:0001A3C8
  1211 0001:0001A3D1  1217 0001:0001A3D8  1218 0001:0001A3DC  1219 0001:0001A3E7
  1221 0001:0001A3EB  1222 0001:0001A3FA  1223 0001:0001A3FE  1224 0001:0001A40D
  1225 0001:0001A411  1227 0001:0001A41A  1238 0001:0001A420  1239 0001:0001A44B
  1240 0001:0001A44F  1242 0001:0001A45D  1243 0001:0001A46C  1244 0001:0001A47A
  1245 0001:0001A47F  1247 0001:0001A48C  1248 0001:0001A490  1250 0001:0001A4AC
  1251 0001:0001A4BE  1253 0001:0001A500  1255 0001:0001A50F  1257 0001:0001A513
  1259 0001:0001A519  1260 0001:0001A52B  1262 0001:0001A538  1265 0001:0001A53E
  1266 0001:0001A54E  1268 0001:0001A577  1270 0001:0001A597  1272 0001:0001A5A9
  1273 0001:0001A5AF  1277 0001:0001A5D4  1278 0001:0001A5DE  1279 0001:0001A5EA
  1281 0001:0001A5FB  1248 0001:0001A5FC  1284 0001:0001A603  1286 0001:0001A60A
  1288 0001:0001A614  1289 0001:0001A620  1290 0001:0001A633  1292 0001:0001A637
  1294 0001:0001A646  1295 0001:0001A65C  1296 0001:0001A668  1297 0001:0001A671
  1300 0001:0001A67E  1302 0001:0001A684  1303 0001:0001A697  1304 0001:0001A69B
  1306 0001:0001A6A6  1307 0001:0001A6BC  1310 0001:0001A6C8  1311 0001:0001A6CB
  1312 0001:0001A6D8  1313 0001:0001A6E1  1317 0001:0001A6EC  1320 0001:0001A6F6
  1322 0001:0001A703  1323 0001:0001A711  1324 0001:0001A722  1327 0001:0001A72F
  1329 0001:0001A747  1330 0001:0001A760  1332 0001:0001A781  1333 0001:0001A790
  1335 0001:0001A7A0  1336 0001:0001A7A4  1337 0001:0001A7B2  1339 0001:0001A7D5
  1342 0001:0001A7E6  1343 0001:0001A7EE  1345 0001:0001A803  1352 0001:0001A8F0
  1353 0001:0001A920  1355 0001:0001A92C  1356 0001:0001A93D  1360 0001:0001A953
  1361 0001:0001A95D  1362 0001:0001A967  1363 0001:0001A971  1364 0001:0001A97B
  1365 0001:0001A985  1366 0001:0001A98F  1368 0001:0001A999  1369 0001:0001A9B3
  1371 0001:0001A9C0  1372 0001:0001A9DE  1374 0001:0001A9FC  1377 0001:0001AA09
  1379 0001:0001AA1F  1380 0001:0001AA2A  1382 0001:0001AA33  1384 0001:0001AA4D
  1385 0001:0001AA68  1387 0001:0001AA7B  1388 0001:0001AA8E  1404 0001:0001AAA1
  1405 0001:0001AABB  1406 0001:0001AAC7  1407 0001:0001AADA  1409 0001:0001AAF1
  1410 0001:0001AB06  1411 0001:0001AB1B  1413 0001:0001AB30  1415 0001:0001AB38
  1416 0001:0001AB46  1418 0001:0001AB77  1419 0001:0001AB7C  1432 0001:0001AC48
  1433 0001:0001AC6C  1435 0001:0001AC7C  1437 0001:0001AC86  1438 0001:0001AC95
  1439 0001:0001ACA4  1440 0001:0001ACB2  1441 0001:0001ACC0  1443 0001:0001ACCA
  1445 0001:0001ACD8  1446 0001:0001AD0B  1447 0001:0001AD11  1451 0001:0001AD24
  1452 0001:0001AD30  1454 0001:0001AD47  1455 0001:0001AD5E  1457 0001:0001AD75
  1458 0001:0001AD82  1459 0001:0001AD90  1464 0001:0001ADC3  1465 0001:0001ADD6
  1466 0001:0001ADF4  1467 0001:0001AE15  1465 0001:0001AE36  1467 0001:0001AE39
  1464 0001:0001AE3A  1469 0001:0001AE3F  1471 0001:0001AE4D  1472 0001:0001AE5E
  1474 0001:0001AE81  1476 0001:0001AE94  1477 0001:0001AE9E  1480 0001:0001AEB2
  1481 0001:0001AEBC  1484 0001:0001AECE  1486 0001:0001AEE0  1487 0001:0001AF21
  1491 0001:0001AF38  1494 0001:0001AF6D  1495 0001:0001AF91  1497 0001:0001AFA1
  1499 0001:0001AFB1  1501 0001:0001AFDE  1503 0001:0001AFF0  1505 0001:0001B01D
  1506 0001:0001B023  1508 0001:0001B045  1497 0001:0001B046  1513 0001:0001B04D
  1514 0001:0001B08E  1516 0001:0001B0E0  1517 0001:0001B114  1518 0001:0001B158
  1519 0001:0001B18C  1524 0001:0001B1D7  1526 0001:0001B218  1527 0001:0001B256
  1530 0001:0001B273  1533 0001:0001B286  1534 0001:0001B2B0  1536 0001:0001B2C0
  1538 0001:0001B2D0  1539 0001:0001B2FD  1553 0001:0001B32A  1554 0001:0001B33F
  1555 0001:0001B352  1556 0001:0001B367  1557 0001:0001B37E  1558 0001:0001B393
  1559 0001:0001B3A6  1560 0001:0001B3BB  1561 0001:0001B3CE  1562 0001:0001B3E3
  1563 0001:0001B3F6  1564 0001:0001B40B  1565 0001:0001B41E  1566 0001:0001B433
  1567 0001:0001B446  1568 0001:0001B45B  1569 0001:0001B46E  1570 0001:0001B483
  1571 0001:0001B493  1572 0001:0001B4A8  1573 0001:0001B4B8  1575 0001:0001B4CD
  1576 0001:0001B4DE  1577 0001:0001B4F0  1579 0001:0001B4FB  1536 0001:0001B4FC
  1586 0001:0001B503  1588 0001:0001B544  1589 0001:0001B582  1592 0001:0001B59F
  1594 0001:0001B5B2  1595 0001:0001B5EF  1596 0001:0001B664  1598 0001:0001B6A5
  1599 0001:0001B6E1  1603 0001:0001B736  1487 0001:0001B737  1604 0001:0001B740
  1606 0001:0001B748  1607 0001:0001B7AE  1609 0001:0001B7BD  1610 0001:0001B813
  1611 0001:0001B869  1612 0001:0001B8BF  1613 0001:0001B8D5  1614 0001:0001B8EB
  1616 0001:0001B901  1617 0001:0001B929  1618 0001:0001B92F  1619 0001:0001B93B
  1620 0001:0001B941  1622 0001:0001B952  1624 0001:0001B96B  1625 0001:0001B971
  1626 0001:0001B999  1627 0001:0001B9A1  1628 0001:0001B9A7  1629 0001:0001B9CF
  1630 0001:0001B9D7  1631 0001:0001B9DD  1632 0001:0001BA05  1634 0001:0001BA0D
  1635 0001:0001BA27  1637 0001:0001BA2B  1638 0001:0001BA42  1639 0001:0001BA51
  1640 0001:0001BA60  1642 0001:0001BA6F  1643 0001:0001BA8D  1622 0001:0001BA8E
  1649 0001:0001BAB2  1652 0001:0001BAD0  1653 0001:0001BAD8  1655 0001:0001BAE0
  1657 0001:0001BAEF  1658 0001:0001BAFA  1661 0001:0001BB09  1662 0001:0001BB15
  1664 0001:0001BB2C  1665 0001:0001BB68  1667 0001:0001BB79  1669 0001:0001BB84
  1670 0001:0001BB95  1671 0001:0001BBA1  1672 0001:0001BBAB  1674 0001:0001BBB3
  1662 0001:0001BBB4  1676 0001:0001BBBD  1677 0001:0001BBC9  1679 0001:0001BBD6
  1681 0001:0001BBE4  1682 0001:0001BBF1  1684 0001:0001BC11  1687 0001:0001BFB4
  1688 0001:0001BFBB  1690 0001:0001BFC3  1692 0001:0001BFD3  1693 0001:0001BFE9
  1694 0001:0001BFF7  1695 0001:0001C003  1696 0001:0001C00F  1697 0001:0001C01E
  1699 0001:0001C035  1701 0001:0001C041  1704 0001:0001C056  1707 0001:0001C05C
  1708 0001:0001C067  1709 0001:0001C06D  1711 0001:0001C082  1712 0001:0001C08D
  1713 0001:0001C098  1714 0001:0001C0A3  1715 0001:0001C0AE  1717 0001:0001C0B9
  1719 0001:0001C0CA  1720 0001:0001C0D4  1722 0001:0001C0DA  1723 0001:0001C0E5
  1726 0001:0001C0F4  1730 0001:0001C0FA  1731 0001:0001C108  1733 0001:0001C110
  1734 0001:0001C12B  1737 0001:0001C130  1738 0001:0001C133  1740 0001:0001C13A
  1742 0001:0001C143  1743 0001:0001C14A  1745 0001:0001C153  1746 0001:0001C161
  1749 0001:0001C164  1750 0001:0001C17F  1752 0001:0001C186  1754 0001:0001C191
  1757 0001:0001C19B  1758 0001:0001C1AE  1760 0001:0001C1B7  1762 0001:0001C215
  1763 0001:0001C223  1765 0001:0001C231  1768 0001:0001C298  1769 0001:0001C29B
  1770 0001:0001C2AD  1772 0001:0001C2B2  1773 0001:0001C2B5  1776 0001:0001C304
  1777 0001:0001C313  1779 0001:0001C31D  1780 0001:0001C323  1783 0001:0001C328
  1784 0001:0001C336  1785 0001:0001C344  1786 0001:0001C352  1788 0001:0001C380
  1790 0001:0001C392  1791 0001:0001C39C  1793 0001:0001C3AA  1799 0001:0001C424
  1800 0001:0001C43F  1802 0001:0001C44A  1804 0001:0001C458  1805 0001:0001C470
  1806 0001:0001C47F  1809 0001:0001C4A7  1810 0001:0001C4BA  1811 0001:0001C4BE
  1812 0001:0001C4C4  1813 0001:0001C4CD  1816 0001:0001C4F3  1822 0001:0001C524
  1823 0001:0001C529  1825 0001:0001C537  1826 0001:0001C544  1828 0001:0001C57E
  1830 0001:0001C58B  1832 0001:0001C596  1835 0001:0001C598  1836 0001:0001C5A1
  1838 0001:0001C5C7  1840 0001:0001C5D4  1841 0001:0001C5DF  1847 0001:0001C5E4
  1848 0001:0001C5E8  1850 0001:0001C5F6  1851 0001:0001C603  1853 0001:0001C628
  1855 0001:0001C635  1857 0001:0001C640  1860 0001:0001C643  1861 0001:0001C64C
  1863 0001:0001C672  1865 0001:0001C67F  1866 0001:0001C68A  1874 0001:0001C690
  1875 0001:0001C69C  1877 0001:0001C6A6  1880 0001:0001C6B0  1881 0001:0001C6BE
  1882 0001:0001C6CC  1884 0001:0001C711  1886 0001:0001C713  1887 0001:0001C71D
  1890 0001:0001C72F  1894 0001:0001C7A0  1895 0001:0001C7AC  1897 0001:0001C7B6
  1900 0001:0001C7C0  1901 0001:0001C7CE  1902 0001:0001C7DC  1904 0001:0001C821
  1906 0001:0001C823  1907 0001:0001C82D  1910 0001:0001C83F  1915 0001:0001C8B0
  1916 0001:0001C8BC  1918 0001:0001C8C6  1921 0001:0001C8D0  1922 0001:0001C8DE
  1923 0001:0001C8EC  1925 0001:0001C931  1927 0001:0001C933  1928 0001:0001C93D
  1931 0001:0001C94F  1936 0001:0001C9C0  1937 0001:0001C9C6  1939 0001:0001C9C8
  1940 0001:0001C9D2  1941 0001:0001C9E3  1943 0001:0001C9FF  1944 0001:0001CA0E
  1945 0001:0001CA10  1940 0001:0001CA11  1946 0001:0001CA14  1957 0001:0001CA1C
  1958 0001:0001CA3B  1961 0001:0001CA48  1962 0001:0001CA52  1964 0001:0001CA60
  1965 0001:0001CA93  1966 0001:0001CAA2  1968 0001:0001CAC0  1970 0001:0001CACC
  1972 0001:0001CD60  1973 0001:0001CD83  1975 0001:0001CD8E  1976 0001:0001CD98
  1978 0001:0001CD9E  1980 0001:0001CDB6  1981 0001:0001CDD4  1982 0001:0001CDE6
  1984 0001:0001CE04  1985 0001:0001CE22  1986 0001:0001CE34  1989 0001:0001CE41
  1991 0001:0001CE59  1993 0001:0001CE68  1996 0001:0001CE7C  1997 0001:0001CE90
  1991 0001:0001CE91  1999 0001:0001CE95  2000 0001:0001CEB3  2002 0001:0001CEC2
  2005 0001:0001CECA  2007 0001:0001CED0  2008 0001:0001CED5  2011 0001:0001CEDA
  2012 0001:0001CEE8  2013 0001:0001CEFD  2015 0001:0001CF01  2016 0001:0001CF12
  2017 0001:0001CF29  2019 0001:0001CF40  2020 0001:0001CF4F  2022 0001:0001CF6A
  2025 0001:0001CF8A  2027 0001:0001CF9B  2032 0001:0001D0CC  2033 0001:0001D0EA
  2035 0001:0001D0EE  2038 0001:0001D0F8  2039 0001:0001D106  2041 0001:0001D114
  2042 0001:0001D12E  2043 0001:0001D13D  2047 0001:0001D15C  2049 0001:0001D16D

Line numbers for uBase(uBase.pas) segment .itext

  2054 0002:00000539  2055 0002:0000054F  2057 0002:00000565

Line numbers for frmConfiguration(frmConfiguration.pas) segment .text

   138 0001:0001E4CC   139 0001:0001E4D2   140 0001:0001E4DE   141 0001:0001E4E2
   142 0001:0001E4EE   149 0001:0001E524   150 0001:0001E52E   151 0001:0001E539
   153 0001:0001E548   154 0001:0001E555   155 0001:0001E55E   157 0001:0001E56D
   158 0001:0001E576   162 0001:0001E57C   163 0001:0001E59E   164 0001:0001E5A7
   165 0001:0001E5BC   166 0001:0001E5C5   168 0001:0001E5FE   169 0001:0001E607
   170 0001:0001E609   181 0001:0001E634   182 0001:0001E652   183 0001:0001E65F
   186 0001:0001E675   187 0001:0001E6A0   188 0001:0001E6A7   190 0001:0001E6B4
   191 0001:0001E6D3   193 0001:0001E6DB   207 0001:0001E6EF   210 0001:0001E6F7
   211 0001:0001E70B   212 0001:0001E723   213 0001:0001E731   214 0001:0001E73F
   215 0001:0001E74D   216 0001:0001E75F   217 0001:0001E771   218 0001:0001E783
   219 0001:0001E795   220 0001:0001E7A7   221 0001:0001E7AD   223 0001:0001E7D0
   225 0001:0001E7D6   227 0001:0001E7EE   228 0001:0001E825   229 0001:0001E82A
   230 0001:0001E839   225 0001:0001E83C   233 0001:0001E841   245 0001:0001E874
   246 0001:0001E896   247 0001:0001E8A3   249 0001:0001E8B1   252 0001:0001E8C7
   253 0001:0001E8D6   254 0001:0001E8E4   256 0001:0001E8F7   257 0001:0001E932
   258 0001:0001E948   260 0001:0001E95B   261 0001:0001E96F   262 0001:0001E99C
   263 0001:0001E9CC   258 0001:0001E9CD   266 0001:0001E9DF   268 0001:0001E9EF
   271 0001:0001EA28   272 0001:0001EA2B   274 0001:0001EA3B   280 0001:0001EA40
   281 0001:0001EA5E   282 0001:0001EA6B   284 0001:0001EA79   286 0001:0001EA84
   287 0001:0001EA9D   289 0001:0001EABD   290 0001:0001EAD1   291 0001:0001EB07
   292 0001:0001EB40   287 0001:0001EB41   293 0001:0001EB4A   298 0001:0001EB74
   299 0001:0001EB94   302 0001:0001EBAD   303 0001:0001EBBB   306 0001:0001EBD1
   307 0001:0001EC3A   309 0001:0001EC46   310 0001:0001EC57   311 0001:0001EC6A
   316 0001:0001ECA7   319 0001:0001ECB8   320 0001:0001ECE1   327 0001:0001ED48
   328 0001:0001ED4B   335 0001:0001ED58   338 0001:0001ED5C   339 0001:0001ED5F
   340 0001:0001ED6E   342 0001:0001ED77   343 0001:0001ED7E   348 0001:0001ED80
   359 0001:0001ED84   360 0001:0001ED8B   361 0001:0001ED92   362 0001:0001ED99
   363 0001:0001EDA3   365 0001:0001EDA8   366 0001:0001EDCB   369 0001:0001EDD9
   371 0001:0001EDEC   372 0001:0001EDFB   373 0001:0001EE09   377 0001:0001EE17
   380 0001:0001EE37   382 0001:0001EEBD   383 0001:0001EEE1   385 0001:0001EEE9
   386 0001:0001EEFE   388 0001:0001EF08   402 0001:0001F06F   377 0001:0001F070
   404 0001:0001F079   405 0001:0001F087   408 0001:0001F0CF   411 0001:0001F0ED
   415 0001:0001F0FD   416 0001:0001F10C   417 0001:0001F11A   418 0001:0001F128
   420 0001:0001F148   422 0001:0001F150   424 0001:0001F163   425 0001:0001F194
   430 0001:0001F1AA   432 0001:0001F1BA   433 0001:0001F1CC   437 0001:0001F258
   418 0001:0001F259   440 0001:0001F27D   443 0001:0001F29B   446 0001:0001F2AB
   450 0001:0001F558   451 0001:0001F55D   458 0001:0001F560   459 0001:0001F563
   460 0001:0001F570   461 0001:0001F57E   462 0001:0001F58B   463 0001:0001F592
   468 0001:0001F594   469 0001:0001F599   470 0001:0001F5A7   472 0001:0001F5B5
   473 0001:0001F5CD   472 0001:0001F5DD   475 0001:0001F5E0   476 0001:0001F5ED
   477 0001:0001F5FB   478 0001:0001F609   479 0001:0001F617   480 0001:0001F625
   481 0001:0001F635   482 0001:0001F645   483 0001:0001F655   484 0001:0001F665
   485 0001:0001F675   486 0001:0001F686   491 0001:0001F68C   492 0001:0001F691
   494 0001:0001F6A2   495 0001:0001F6BD   494 0001:0001F6DD   497 0001:0001F6E0
   498 0001:0001F6ED   499 0001:0001F6FB   500 0001:0001F708   501 0001:0001F70F
   504 0001:0001F714   505 0001:0001F717   506 0001:0001F724   507 0001:0001F732
   508 0001:0001F740   509 0001:0001F74E   510 0001:0001F75C   511 0001:0001F76C
   512 0001:0001F77C   513 0001:0001F78C   514 0001:0001F79C   515 0001:0001F7AC
   516 0001:0001F7BD   517 0001:0001F7CB   525 0001:0001F7D0   526 0001:0001F805
   528 0001:0001F810   530 0001:0001F818   531 0001:0001F82B   533 0001:0001F850
   534 0001:0001F863   535 0001:0001F899   537 0001:0001F8D0   538 0001:0001F8E4
   531 0001:0001F8E7   539 0001:0001F8F0   542 0001:0001F934   543 0001:0001F93F
   544 0001:0001F94A   557 0001:0001F958   558 0001:0001F986   560 0001:0001F990
   563 0001:0001F9AB   564 0001:0001F9CD   565 0001:0001F9DE   566 0001:0001F9F6
   564 0001:0001FA13   568 0001:0001FA16   569 0001:0001FA2F   570 0001:0001FA39
   571 0001:0001FA4E   574 0001:0001FA59   575 0001:0001FA74   577 0001:0001FA78
   578 0001:0001FA8F   581 0001:0001FAAB   582 0001:0001FAB5   585 0001:0001FABF
   587 0001:0001FAD0   588 0001:0001FAEC   590 0001:0001FB08   592 0001:0001FB3C
   593 0001:0001FB5E   594 0001:0001FB66   596 0001:0001FB6E   598 0001:0001FB7E
   599 0001:0001FB9B   600 0001:0001FBBA   601 0001:0001FBE0   599 0001:0001FC11
   601 0001:0001FC14   598 0001:0001FC15   604 0001:0001FC1A   606 0001:0001FC39
   607 0001:0001FC51   608 0001:0001FC6D   609 0001:0001FC71   610 0001:0001FC95
   604 0001:0001FC96   611 0001:0001FC9B

Line numbers for frmConfiguration(frmConfiguration.pas) segment .itext

   613 0002:00000568

Line numbers for dBaseEditor(dBaseEditor.pas) segment .text

    44 0001:0001FF84    45 0001:0001FF85    46 0001:0001FF95    47 0001:0001FFA5
    48 0001:0001FFB6    49 0001:0001FFC6    54 0001:0001FFC8    55 0001:0001FFCA
    57 0001:0001FFCC    58 0001:0001FFD3    61 0001:0001FFD7    62 0001:0001FFE8
    63 0001:0001FFEC    64 0001:0001FFFD    65 0001:00020003    72 0001:00020008
    73 0001:00020022    75 0001:0002002B    78 0001:00020033    80 0001:00020047
    81 0001:0002006B    82 0001:00020074    84 0001:00020084    85 0001:0002008E
    87 0001:0002009E    88 0001:000200AB    90 0001:000200B8    91 0001:000200BE
    93 0001:000200C2    94 0001:000200CB    96 0001:000200D2    97 0001:000200DC
   100 0001:000200EC   102 0001:000200F5   107 0001:00020118   108 0001:00020121
   109 0001:00020132   110 0001:00020140   111 0001:0002014E   112 0001:0002015C
   114 0001:0002016A   116 0001:00020175   122 0001:00020200   123 0001:00020205

Line numbers for dBaseEditor(dBaseEditor.pas) segment .itext

   125 0002:00000658

Line numbers for .DDCSFramework(DDCSFramework.dpk) segment .itext

    51 0002:00000660

Bound resource files

frmAbout.DFM
frmSplash.DFM
frmVitals.dfm
frmReview.dfm
frmConfiguration.dfm
DDCSFramework.res
DDCSFramework.dres
DDCSFramework.drf


Program entry point at 0002:00000660
